1411	/제품/가전제품/영상가전/디스플레이군/디지털액자
1410	/제품/가전제품/휴대용기기/휴대용기기군/DivX 플레이어
941	/제품/의류,잡화/잡화/지갑가방군/헤드
1415	/제품/가전제품/영상가전/영상촬영기기군/캠코더/전문가형 캠코더
942	/제품/의류,잡화/잡화/지갑가방군/헤드/스포츠가방
1414	/제품/가전제품/영상가전/영상촬영기기군/캠코더/슈팅형 캠코더
1413	/제품/가전제품/영상가전/영상촬영기기군/캠코더/버티컬형 캠코더
940	/제품/의류,잡화/잡화/신발군/프로스펙스/운동화
1412	/제품/가전제품/영상가전/영상촬영기기군/캠코더
945	/제품/의류,잡화/잡화/신발군/헤드
1419	/제품/가전제품/영상가전/디스플레이군/프로젝터,스크린/프로젝터
946	/제품/의류,잡화/잡화/신발군/헤드/운동화
1418	/제품/가전제품/영상가전/디스플레이군/프로젝터,스크린
943	/제품/의류,잡화/의류/스포츠의류군/헤드
1417	/제품/가전제품/영상가전/영상촬영기기군/캠코더/포켓,스파이형 캠코더
944	/제품/의류,잡화/의류/스포츠의류군/헤드/스포츠의류
1416	/제품/가전제품/영상가전/영상촬영기기군/캠코더/캠코더 액세서리
949	/제품/의류,잡화/의류/스포츠의류군/휠라
947	/제품/의류,잡화/잡화/지갑가방군/휠라
948	/제품/의류,잡화/잡화/지갑가방군/휠라/스포츠가방
531	/제품/가구,리빙/인테리어/인테리어군/탁상,벽시계
530	/제품/가구,리빙/인테리어/인테리어군/조명/펜던트,식탁등
1821	/제품/자동차용품/차량용안전용품/차량용편의용품군/자동차시트
535	/제품/가구,리빙/가구/가구군/시스템키친
1822	/제품/자동차용품/차량용안전용품/차량용편의용품군/쿠션,방석,담요
534	/제품/가구,리빙/인테리어/인테리어군/탁상,벽시계/탁상시계
533	/제품/가구,리빙/인테리어/인테리어군/탁상,벽시계/추,벽시계
1820	/제품/자동차용품/차량용안전용품/차량용편의용품군/자동차매트
532	/제품/가구,리빙/인테리어/인테리어군/탁상,벽시계/양면시계
1825	/제품/자동차용품/차량용안전용품/차량용편의용품군/수납,홀더,액세서리
539	/제품/가구,리빙/가구/가구군/식탁,식탁의자/6인이상식탁
1826	/제품/자동차용품/차량용안전용품/차량용편의용품군/주차번호판,안내판
538	/제품/가구,리빙/가구/가구군/식탁,식탁의자/4인식탁
1823	/제품/자동차용품/차량용안전용품/차량용편의용품군/대쉬보드커버
537	/제품/가구,리빙/가구/가구군/식탁,식탁의자/2인식탁
1824	/제품/자동차용품/차량용안전용품/차량용안전용품군/미러,기어,벨트커버
536	/제품/가구,리빙/가구/가구군/식탁,식탁의자
1829	/제품/자동차용품/차량용안전용품/차량용편의용품군/도어,범퍼가드
1827	/제품/자동차용품/차량용안전용품/차량용편의용품군/콘솔박스,트렁크정리함
1828	/제품/자동차용품/차량용안전용품/차량용편의용품군/핸들커버
1420	/제품/가전제품/영상가전/디스플레이군/프로젝터,스크린/프로젝터 스크린
1422	/제품/가전제품/음향가전/음향기기군/HiFi
1421	/제품/가전제품/음향가전/음향기기군/AV앰프
1424	/제품/가전제품/음향가전/음향기기군/HiFi/단품 HiFi
1423	/제품/가전제품/음향가전/음향기기군/HiFi/HiFi 패키지
930	/제품/의류,잡화/잡화/지갑가방군/푸마/스포츠가방
1426	/제품/가전제품/휴대용기기/휴대용기기군/라디오,CDP/CDP,MDP
931	/제품/의류,잡화/의류/스포츠의류군/푸마
1425	/제품/가전제품/휴대용기기/휴대용기기군/라디오,CDP
932	/제품/의류,잡화/의류/스포츠의류군/푸마/스포츠의류
1428	/제품/가전제품/휴대용기기/휴대용기기군/라디오,CDP/리모콘
933	/제품/의류,잡화/잡화/신발군/푸마
1427	/제품/가전제품/휴대용기기/휴대용기기군/라디오,CDP/라디오
934	/제품/의류,잡화/잡화/신발군/푸마/운동화
935	/제품/의류,잡화/잡화/지갑가방군/프로스펙스
1429	/제품/가전제품/휴대용기기/휴대용기기군/라디오,CDP/워크맨(테이프)
936	/제품/의류,잡화/잡화/지갑가방군/프로스펙스/스포츠가방
937	/제품/의류,잡화/의류/스포츠의류군/프로스펙스
938	/제품/의류,잡화/의류/스포츠의류군/프로스펙스/스포츠의류
939	/제품/의류,잡화/잡화/신발군/프로스펙스
3	/제품/가전제품/주방가전
540	/제품/가구,리빙/가구/가구군/식탁,식탁의자/식탁,홈바의자
929	/제품/의류,잡화/잡화/지갑가방군/푸마
2	/제품/가전제품
1	/제품
542	/제품/가구,리빙/가구/가구군/쌀통,렌지대
541	/제품/가구,리빙/가구/가구군/식탁,식탁의자/접이식,아일랜드식탁
7	/제품/가전제품/주방가전/세척기군
544	/제품/가구,리빙/가구/가구군/주방수납장
6	/제품/가전제품/주방가전/레인지군
543	/제품/가구,리빙/가구/가구군/쌀통,렌지대/렌지대
1810	/제품/자동차용품/차량용안전용품/차량용편의용품군/공기청정,방향제
5	/제품/가전제품/주방가전/밥솥군
546	/제품/가구,리빙/가구/가구군/책장
1811	/제품/자동차용품/차량용안전용품/차량용편의용품군/광택,코팅,세정제
4	/제품/가전제품/주방가전/냉장고군
545	/제품/가구,리빙/가구/가구군/책상
1812	/제품/자동차용품/차량용안전용품/차량용편의용품군/도색용품
548	/제품/가구,리빙/리빙/침구군/베개
1813	/제품/자동차용품/차량용안전용품/차량용편의용품군/세차,광택도구
547	/제품/가구,리빙/가구/가구군/컴퓨터책상
9	/제품/가전제품/주방가전/전기그릴군
8	/제품/가전제품/주방가전/음식물처리기
549	/제품/가구,리빙/리빙/침구군/베개/건강베개
1819	/제품/자동차용품/차량용안전용품/차량용편의용품군/유아용매트
1437	/제품/가전제품/음향가전/음향기기군/방송음향기기
920	/제품/의류,잡화/의류/스포츠의류군/케이스위스/스포츠의류
1436	/제품/가전제품/음향가전/음향기기군/반주기,마이크/확성기
1435	/제품/가전제품/음향가전/음향기기군/반주기,마이크/마이크
1434	/제품/가전제품/음향가전/음향기기군/반주기,마이크/노래방반주기
1433	/제품/가전제품/음향가전/음향기기군/반주기,마이크
1432	/제품/가전제품/음향가전/음향기기군/미니오디오/DVD재생 미니오디오
1431	/제품/가전제품/음향가전/음향기기군/미니오디오/CD재생 미니오디오
1430	/제품/가전제품/음향가전/음향기기군/미니오디오
927	/제품/의류,잡화/잡화/신발군/포니
928	/제품/의류,잡화/잡화/신발군/포니/운동화
925	/제품/의류,잡화/의류/스포츠의류군/포니
926	/제품/의류,잡화/의류/스포츠의류군/포니/스포츠의류
923	/제품/의류,잡화/잡화/지갑가방군/포니
924	/제품/의류,잡화/잡화/지갑가방군/포니/스포츠가방
921	/제품/의류,잡화/잡화/신발군/케이스위스
1439	/제품/가전제품/음향가전/음향기기군/방송음향기기/PA 앰프
922	/제품/의류,잡화/잡화/신발군/케이스위스/운동화
1438	/제품/가전제품/음향가전/음향기기군/방송음향기기/PA 스피커
1843	/제품/자동차용품/차량용관리용품/차량용관리용품군/오일,첨가,연비개선/기타
513	/제품/가구,리빙/인테리어/인테리어군/벽지,시트지
1844	/제품/자동차용품/차량용관리용품/차량용관리용품군/오일,첨가,연비개선/미션오일
512	/제품/가구,리빙/가구/가구군/회전의자
1841	/제품/자동차용품/차량용안전용품/차량용편의용품군/안전,비상용품
511	/제품/가구,리빙/가구/가구군/좌식의자
1842	/제품/자동차용품/차량용관리용품/차량용관리용품군/오일,첨가,연비개선
510	/제품/가구,리빙/가구/가구군/듀오백의자
1840	/제품/자동차용품/차량용안전용품/차량용편의용품군/선팅,햇빛가리개
919	/제품/의류,잡화/의류/스포츠의류군/케이스위스
918	/제품/의류,잡화/잡화/지갑가방군/케이스위스/스포츠가방
1440	/제품/가전제품/음향가전/음향기기군/방송음향기기/믹서
1849	/제품/자동차용품/차량용관리용품/차량용관리용품군/차량공구,수리
519	/제품/가구,리빙/인테리어/인테리어군/스탠드
518	/제품/가구,리빙/인테리어/인테리어군/벽지,시트지/포인트벽지
1847	/제품/자동차용품/차량용관리용품/차량용관리용품군/오일,첨가,연비개선/첨가,연비개선
517	/제품/가구,리빙/인테리어/인테리어군/벽지,시트지/시트
1848	/제품/자동차용품/차량용관리용품/차량용관리용품군/정비,교환서비스
516	/제품/가구,리빙/인테리어/인테리어군/벽지,시트지/드라마,영화벽지
1845	/제품/자동차용품/차량용관리용품/차량용관리용품군/오일,첨가,연비개선/브레이크오일
515	/제품/가구,리빙/인테리어/인테리어군/벽지,시트지/기본벽지
1846	/제품/자동차용품/차량용관리용품/차량용관리용품군/오일,첨가,연비개선/엔진오일
514	/제품/가구,리빙/인테리어/인테리어군/벽지,시트지/그래픽스티커
1446	/제품/가전제품/음향가전/음향기기군/음향케이블
1445	/제품/가전제품/음향가전/음향기기군/스피커/멀티채널스피커
1448	/제품/가전제품/음향가전/음향기기군/음향케이블/55(5.5mm)케이블
1447	/제품/가전제품/음향가전/음향기기군/음향케이블/3.5mm 케이블
1442	/제품/가전제품/음향가전/음향기기군/보이스레코더
1441	/제품/가전제품/음향가전/음향기기군/방송음향기기/이펙터
1444	/제품/가전제품/음향가전/음향기기군/스피커/단품스피커
1443	/제품/가전제품/음향가전/음향기기군/스피커
914	/제품/의류,잡화/잡화/신발군/컨버스
915	/제품/의류,잡화/잡화/신발군/컨버스/운동화
916	/제품/의류,잡화/의류/스포츠의류군/컨버스/의류잡화
2100	/제품/가구,리빙/리빙/주방욕실청소용품군/수저,포크/포크,티스푼
917	/제품/의류,잡화/잡화/지갑가방군/케이스위스
910	/제품/의류,잡화/잡화/지갑가방군/컨버스
911	/제품/의류,잡화/잡화/지갑가방군/컨버스/스포츠가방
1449	/제품/가전제품/음향가전/음향기기군/음향케이블/RCA(2채널)케이블
912	/제품/의류,잡화/의류/스포츠의류군/컨버스
913	/제품/의류,잡화/의류/스포츠의류군/컨버스/스포츠의류
1830	/제품/자동차용품/차량용안전용품/차량용편의용품군/도어캐치
522	/제품/가구,리빙/인테리어/인테리어군/스탠드/테이블스탠드
1831	/제품/자동차용품/차량용안전용품/차량용편의용품군/번호판가드,볼트
521	/제품/가구,리빙/인테리어/인테리어군/스탠드/장스탠드
1832	/제품/자동차용품/차량용안전용품/차량용편의용품군/스티커,엠블렘
524	/제품/가구,리빙/인테리어/인테리어군/스탠드/한지공예조명
1833	/제품/자동차용품/차량용안전용품/차량용편의용품군/썬바이저
523	/제품/가구,리빙/인테리어/인테리어군/스탠드/학습용스탠드
908	/제품/의류,잡화/잡화/신발군/오클리
907	/제품/의류,잡화/잡화/지갑가방군/오클리/스포츠가방
520	/제품/가구,리빙/인테리어/인테리어군/스탠드/이니셜조명
909	/제품/의류,잡화/잡화/신발군/오클리/운동화
1838	/제품/자동차용품/차량용안전용품/차량용편의용품군/냉온장고
1839	/제품/자동차용품/차량용안전용품/차량용안전용품군/룸미러,보조미러
529	/제품/가구,리빙/인테리어/인테리어군/조명/아이방조명
1450	/제품/가전제품/음향가전/음향기기군/음향케이블/기타 케이블
1451	/제품/가전제품/음향가전/음향기기군/음향케이블/디지털(광)케이블
1834	/제품/자동차용품/차량용안전용품/차량용편의용품군/아이라이너,투씨
526	/제품/가구,리빙/인테리어/인테리어군/조명
1835	/제품/자동차용품/차량용안전용품/차량용편의용품군/주유구커버,사이드스텝
525	/제품/가구,리빙/인테리어/인테리어군/전구,형광등,LED
1836	/제품/자동차용품/차량용안전용품/차량용편의용품군/필러몰딩
528	/제품/가구,리빙/인테리어/인테리어군/조명/벽등
1837	/제품/자동차용품/차량용안전용품/차량용편의용품군/기타편의용품
527	/제품/가구,리빙/인테리어/인테리어군/조명/방등,거실등
989	/제품/레저,스포츠용품/등산,캠핑용품/등산캠핑용품군/파라솔,테이블,의자/세트
988	/제품/레저,스포츠용품/등산,캠핑용품/등산캠핑용품군/파라솔,테이블,의자/기타캠핑용품
987	/제품/레저,스포츠용품/등산,캠핑용품/등산캠핑용품군/파라솔,테이블,의자
2111	/제품/가구,리빙/리빙/주방욕실청소용품군/두루마리
571	/제품/가구,리빙/가구/가구군/붙박이장
2110	/제품/가구,리빙/리빙/주방욕실청소용품군/냅킨,물티슈
570	/제품/가구,리빙/가구/가구군/부부테이블
982	/제품/레저,스포츠용품/등산,캠핑용품/등산캠핑용품군/텐트/그늘막텐트
981	/제품/레저,스포츠용품/등산,캠핑용품/등산캠핑용품군/텐트
980	/제품/레저,스포츠용품/등산,캠핑용품/등산캠핑용품군/캠핑카
986	/제품/레저,스포츠용품/등산,캠핑용품/등산캠핑용품군/텐트/타프,천막
985	/제품/레저,스포츠용품/등산,캠핑용품/등산캠핑용품군/텐트/모기장텐트
984	/제품/레저,스포츠용품/등산,캠핑용품/등산캠핑용품군/텐트/돔형,캐빈형,리빙쉘
983	/제품/레저,스포츠용품/등산,캠핑용품/등산캠핑용품군/텐트/기타텐트용품
2109	/제품/가구,리빙/리빙/주방욕실청소용품군/각티슈
2103	/제품/가구,리빙/리빙/주방욕실청소용품군/어린이식기/컵,물병
574	/제품/가구,리빙/가구/가구군/인테리어거울/벽거울
2104	/제품/가구,리빙/리빙/주방욕실청소용품군/어린이식기/포크,수저류
575	/제품/가구,리빙/가구/가구군/인테리어거울/전신거울
2101	/제품/가구,리빙/리빙/주방욕실청소용품군/어린이식기
572	/제품/가구,리빙/가구/가구군/옷장,장롱
2102	/제품/가구,리빙/리빙/주방욕실청소용품군/어린이식기/식기,세트
573	/제품/가구,리빙/가구/가구군/인테리어거울
2107	/제품/가구,리빙/리빙/주방욕실청소용품군/홈세트,반상기/반상기
578	/제품/가구,리빙/가구/가구군/침대/더블침대
2108	/제품/가구,리빙/리빙/주방욕실청소용품군/홈세트,반상기/홈세트
579	/제품/가구,리빙/가구/가구군/침대/돌침대,흙침대
2105	/제품/가구,리빙/리빙/주방욕실청소용품군/홈세트,반상기
576	/제품/가구,리빙/가구/가구군/인테리어거울/탁상거울
2106	/제품/가구,리빙/리빙/주방욕실청소용품군/홈세트,반상기/모닝,디너,부페세트
577	/제품/가구,리빙/가구/가구군/침대
977	/제품/레저,스포츠용품/등산,캠핑용품/등산캠핑용품군/침낭,매트/침낭
976	/제품/레저,스포츠용품/등산,캠핑용품/등산캠핑용품군/침낭,매트/야전침대,해먹
979	/제품/레저,스포츠용품/등산,캠핑용품/등산캠핑용품군/침낭,매트/피크닉매트
978	/제품/레저,스포츠용품/등산,캠핑용품/등산캠핑용품군/침낭,매트/텐트매트
2120	/제품/가전제품/주방가전/냉장고군/쌀,반찬냉장고
580	/제품/가구,리빙/가구/가구군/침대/슈퍼싱글침대
2122	/제품/가전제품/주방가전/냉장고군/업소용,제빙기
582	/제품/가구,리빙/가구/가구군/침대/접이식침대
2121	/제품/가전제품/주방가전/냉장고군/양문형냉장고
581	/제품/가구,리빙/가구/가구군/침대/싱글침대
971	/제품/레저,스포츠용품/등산,캠핑용품/등산캠핑용품군/취사용품/부탄가스,숯
970	/제품/레저,스포츠용품/등산,캠핑용품/등산캠핑용품군/취사용품/버너,휴대용렌지
973	/제품/레저,스포츠용품/등산,캠핑용품/등산캠핑용품군/취사용품/아이스박스,팩
972	/제품/레저,스포츠용품/등산,캠핑용품/등산캠핑용품군/취사용품/식기류
975	/제품/레저,스포츠용품/등산,캠핑용품/등산캠핑용품군/침낭,매트
974	/제품/레저,스포츠용품/등산,캠핑용품/등산캠핑용품군/취사용품/코펠
2112	/제품/가구,리빙/리빙/주방욕실청소용품군/점보롤,페이퍼타올
583	/제품/가구,리빙/가구/가구군/침대/퀸침대
2113	/제품/가구,리빙/리빙/주방욕실청소용품군/키친타올
584	/제품/가구,리빙/가구/가구군/침대/킹침대
2114	/제품/가구,리빙/리빙/주방욕실청소용품군/혼합세트
585	/제품/가구,리빙/가구/가구군/화장대,콘솔
2115	/제품/가전제품/주방가전/냉장고군/김치냉장고
586	/제품/가구,리빙/가구/가구군/화장대,콘솔/콘솔
2116	/제품/가전제품/주방가전/냉장고군/김치냉장고/뚜껑식
587	/제품/가구,리빙/가구/가구군/화장대,콘솔/화장대
2117	/제품/가전제품/주방가전/냉장고군/김치냉장고/스탠드형
588	/제품/가구,리빙/가구/가구군/화장대,콘솔/화장대의자
2118	/제품/가전제품/주방가전/냉장고군/김치냉장고/업소용
589	/제품/가구,리빙/인테리어/인테리어군/각종커버류
2119	/제품/가전제품/주방가전/냉장고군/냉동고3
2133	/제품/가전제품/주방가전/믹서기군/쥬서기,핸드블렌더/녹즙기
2132	/제품/가전제품/주방가전/믹서기군/쥬서기,핸드블렌더
2131	/제품/가전제품/주방가전/믹서기군/빙수기,아이스크림제조기
2130	/제품/가전제품/주방가전/믹서기군/믹서기
969	/제품/레저,스포츠용품/등산,캠핑용품/등산캠핑용품군/취사용품/바베큐용품
968	/제품/레저,스포츠용품/등산,캠핑용품/등산캠핑용품군/취사용품/그릴,화로,팬
967	/제품/레저,스포츠용품/등산,캠핑용품/등산캠핑용품군/취사용품
966	/제품/레저,스포츠용품/등산,캠핑용품/등산캠핑용품군/손난로,핫팩/핫팩
965	/제품/레저,스포츠용품/등산,캠핑용품/등산캠핑용품군/손난로,핫팩/손난로
964	/제품/레저,스포츠용품/등산,캠핑용품/등산캠핑용품군/손난로,핫팩
963	/제품/레저,스포츠용품/등산,캠핑용품/등산캠핑용품군/랜턴/헤드형
962	/제품/레저,스포츠용품/등산,캠핑용품/등산캠핑용품군/랜턴/핸디형
961	/제품/레저,스포츠용품/등산,캠핑용품/등산캠핑용품군/랜턴/전등형
960	/제품/레저,스포츠용품/등산,캠핑용품/등산캠핑용품군/랜턴
1809	/제품/자동차용품/차량용전자제품/차량용전자제품군/하이패스
1808	/제품/자동차용품/차량용전자제품/차량용전자제품군/블랙박스
1807	/제품/자동차용품/차량용전자제품/차량용전자제품군/GPS
1806	/제품/자동차용품/차량용안전용품/차량용안전용품군/전기용품/멀티소켓
1805	/제품/자동차용품/차량용안전용품/차량용안전용품군/전기용품
1804	/제품/자동차용품/차량용안전용품/차량용안전용품군/배터리/차량용배터리
1803	/제품/자동차용품/차량용안전용품/차량용안전용품군/배터리/점프케이블
1802	/제품/자동차용품/차량용안전용품/차량용안전용품군/배터리/배터리충전기
558	/제품/가구,리빙/리빙/침구군/유아동침구/유아동침구세트
1801	/제품/자동차용품/차량용안전용품/차량용안전용품군/배터리
559	/제품/가구,리빙/리빙/침구군/침대,매트커버
2129	/제품/가전제품/주방가전/냉장고군/화장품냉장고
556	/제품/가구,리빙/리빙/침구군/요,이불/요솜,이불솜
1800	/제품/자동차용품/차량용안전용품/차량용안전용품군/램프,전구/전조등,안개등
557	/제품/가구,리빙/리빙/침구군/유아동침구
2127	/제품/가전제품/주방가전/냉장고군/와인냉장고
554	/제품/가구,리빙/리빙/침구군/요,이불/요,이불단품
2128	/제품/가전제품/주방가전/냉장고군/일반냉장고
555	/제품/가구,리빙/리빙/침구군/요,이불/요,이불세트
2125	/제품/가전제품/주방가전/냉장고군/업소용,제빙기/온장고
552	/제품/가구,리빙/리빙/침구군/요,이불
2126	/제품/가전제품/주방가전/냉장고군/업소용,제빙기/제빙기
553	/제품/가구,리빙/리빙/침구군/요,이불/담요
2123	/제품/가전제품/주방가전/냉장고군/업소용,제빙기/쇼케이스
550	/제품/가구,리빙/리빙/침구군/베개/라텍스,메모리폼베개
2124	/제품/가전제품/주방가전/냉장고군/업소용,제빙기/업소용냉장,냉동고
551	/제품/가구,리빙/리빙/침구군/베개/일반베개
2142	/제품/가전제품/주방가전/커피머신/커피기구/로스팅기
959	/제품/레저,스포츠용품/등산,캠핑용품/등산캠핑용품군/다용도칼
1409	/제품/가전제품/휴대용기기/휴대용기기군/DVD,블루레이/휴대용 DVD
2141	/제품/가전제품/주방가전/커피머신/커피기구
958	/제품/의류,잡화/의류/스포츠의류군/트레이닝복/하의
2144	/제품/가전제품/주방가전/커피머신/커피기구/우유거품기
560	/제품/가구,리빙/리빙/침구군/침대,매트커버/단품
2143	/제품/가전제품/주방가전/커피머신/커피기구/모카포트
955	/제품/의류,잡화/의류/스포츠의류군/트레이닝복
1405	/제품/가전제품/영상가전/영상촬영기기군/CCTV,감시카메라
954	/제품/의류,잡화/의류/스포츠의류군/스포츠이너웨어
1406	/제품/가전제품/휴대용기기/휴대용기기군/DVD,블루레이
2140	/제품/가전제품/주방가전/커피머신/원두분쇄기
957	/제품/의류,잡화/의류/스포츠의류군/트레이닝복/상의
1407	/제품/가전제품/휴대용기기/휴대용기기군/DVD,블루레이/블루레이
956	/제품/의류,잡화/의류/스포츠의류군/트레이닝복/상,하의
1408	/제품/가전제품/휴대용기기/휴대용기기군/DVD,블루레이/일반 DVD
951	/제품/의류,잡화/잡화/신발군/휠라
1401	/제품/가전제품/영상가전/디스플레이군/PDP TV
950	/제품/의류,잡화/의류/스포츠의류군/휠라/스포츠의류
1402	/제품/가전제품/영상가전/디스플레이군/TV 액세서리
953	/제품/의류,잡화/의류/스포츠의류군/휠라/의류잡화
1403	/제품/가전제품/영상가전/디스플레이군/TV 액세서리/3D 안경
952	/제품/의류,잡화/잡화/신발군/휠라/운동화
1404	/제품/가전제품/영상가전/디스플레이군/TV 액세서리/셋탑박스
1400	/제품/가전제품/영상가전/디스플레이군/LED TV
569	/제품/가구,리빙/가구/가구군/베드벤치
2138	/제품/가전제품/주방가전/커피머신/에스프레소머신/전자동머신
565	/제품/가구,리빙/가구/가구군/가구세트,혼수세트
2139	/제품/가전제품/주방가전/커피머신/에스프레소머신/캡슐머신
566	/제품/가구,리빙/가구/가구군/매트리스
567	/제품/가구,리빙/가구/가구군/매트리스/라텍스,메모리폼
568	/제품/가구,리빙/가구/가구군/매트리스/스프링
2134	/제품/가전제품/주방가전/믹서기군/쥬서기,핸드블렌더/쥬서기
561	/제품/가구,리빙/리빙/침구군/침대,매트커버/세트(싱글)
2135	/제품/가전제품/주방가전/믹서기군/쥬서기,핸드블렌더/핸드블렌더
562	/제품/가구,리빙/리빙/침구군/침대,매트커버/세트(퀸,더블)
2136	/제품/가전제품/주방가전/커피머신/에스프레소머신
563	/제품/가구,리빙/리빙/침구군/침대,매트커버/세트(킹)
2137	/제품/가전제품/주방가전/커피머신/에스프레소머신/반자동머신
564	/제품/가구,리빙/리빙/침구군/패드,스프레드
2146	/제품/가전제품/주방가전/커피머신/커피메이커
2145	/제품/가전제품/주방가전/커피머신/커피기구/커피자판기
2148	/제품/가전제품/주방가전/전기그릴군/전기그릴,팬,생선구이기
2147	/제품/가전제품/주방가전/전기그릴군/오븐조리기,슬로우쿠커
2149	/제품/가전제품/주방가전/전기그릴군/전기그릴,팬,생선구이기/생선구이기
2150	/제품/가전제품/주방가전/전기그릴군/전기그릴,팬,생선구이기/전기그릴
2151	/제품/가전제품/주방가전/전기그릴군/전기그릴,팬,생선구이기/전기팬
2152	/제품/가전제품/주방가전/전기그릴군/튀김기
2153	/제품/가전제품/주방가전/레인지군/가스레인지
2154	/제품/가전제품/주방가전/레인지군/가스레인지/가스레인지
2155	/제품/가전제품/주방가전/레인지군/가스레인지/그릴가스레인지
2159	/제품/가전제품/주방가전/레인지군/오븐/미니오븐
2158	/제품/가전제품/주방가전/레인지군/오븐/가스오븐
2157	/제품/가전제품/주방가전/레인지군/오븐
2156	/제품/가전제품/주방가전/레인지군/가스레인지/레인지후드
2160	/제품/가전제품/주방가전/레인지군/오븐/전기오븐
2165	/제품/가전제품/주방가전/레인지군/전기레인지/핫플레이트
2166	/제품/가전제품/주방가전/밥솥군/전기밥솥
2163	/제품/가전제품/주방가전/레인지군/전기레인지
2164	/제품/가전제품/주방가전/레인지군/전기레인지/하이라이트 버너
2168	/제품/가전제품/주방가전/밥솥군/전기밥솥/전기압력밥솥
2167	/제품/가전제품/주방가전/밥솥군/전기밥솥/업소용
2169	/제품/가전제품/주방가전/밥솥군/전기밥솥/취사,보온밥솥
2174	/제품/가전제품/주방가전/전기포트/전기포트/업소용전기포트
2175	/제품/가전제품/주방가전/전기포트/전기포트/일반포트
2176	/제품/가전제품/생활가전/정수기군/정수기
2177	/제품/가전제품/생활가전/정수기군/정수기/냉온수기
2170	/제품/가전제품/주방가전/레인지군/전자레인지
2171	/제품/가전제품/주방가전/전기포트/전기포트
2172	/제품/가전제품/주방가전/전기포트/전기포트/라면포트
2173	/제품/가전제품/주방가전/전기포트/전기포트/보온포트
2179	/제품/가전제품/생활가전/정수기군/정수기/이온수기
2178	/제품/가전제품/생활가전/정수기군/정수기/소형정수기
2180	/제품/가전제품/생활가전/정수기군/정수기/정수기
992	/제품/레저,스포츠용품/등산,캠핑용품/등산캠핑용품군/파라솔,테이블,의자/파라솔
990	/제품/레저,스포츠용품/등산,캠핑용품/등산캠핑용품군/파라솔,테이블,의자/의자
991	/제품/레저,스포츠용품/등산,캠핑용품/등산캠핑용품군/파라솔,테이블,의자/테이블
2187	/제품/가전제품/주방가전/홈베이킹/홈베이킹,제빵기/샌드위치,와플메이커
2188	/제품/가전제품/주방가전/홈베이킹/홈베이킹,제빵기/제과기
2185	/제품/가전제품/주방가전/홈베이킹/홈베이킹,제빵기
2186	/제품/가전제품/주방가전/홈베이킹/홈베이킹,제빵기/반죽기
2183	/제품/가전제품/주방가전/홈베이킹/토스터/오븐토스터
2184	/제품/가전제품/주방가전/홈베이킹/토스터/일반토스터
2181	/제품/가전제품/생활가전/정수기군/정수기/정수기필터
2182	/제품/가전제품/주방가전/홈베이킹/토스터
999	/제품/레저,스포츠용품/자전거,용품/자전거및용품군/MTB
2914	/지역/지역/맛집/맛집군/중식
2915	/지역/지역/맛집/맛집군/일식
2912	/지역/지역/맛집/맛집군/패밀리레스토랑
2913	/지역/지역/맛집/맛집군/한식
2918	/지역/지역/맛집/맛집군/치킨
2919	/지역/지역/맛집/맛집군/패스트푸드
2916	/지역/지역/맛집/맛집군/오리엔탈
2917	/지역/지역/맛집/맛집군/분식
2189	/제품/가전제품/주방가전/홈베이킹/홈베이킹,제빵기/제빵기
1860	/제품/자동차용품/차량용안전용품/차량용편의용품군/자전거캐리어
1862	/제품/자동차용품/타이어군/타이어휠군/체인
1861	/제품/자동차용품/차량용안전용품/차량용편의용품군/짐받이캐리어
2910	/지역/지역/맛집/맛집군/디저트
1864	/제품/자동차용품/타이어군/타이어휠군/휠
2911	/지역/지역/맛집/맛집군/인터내셔널
1863	/제품/자동차용품/타이어군/타이어휠군/타이어
2508	/제품/의류,잡화/잡화/지갑가방군/남성가방
2193	/제품/가전제품/주방가전/음식물처리기/기타주방가전/음식물처리기
2507	/제품/컴퓨터/컴퓨터/컴퓨터군/파워
2192	/제품/가전제품/주방가전/음식물처리기/기타주방가전
2506	/제품/컴퓨터/컴퓨터/컴퓨터군/케이스
2195	/제품/가전제품/주방가전/기타주방가전/진공포장기
2505	/제품/컴퓨터/컴퓨터/컴퓨터군/메인보드/인텔 CPU용
2194	/제품/가전제품/주방가전/기타주방가전
2197	/제품/가전제품/주방가전/세척기군/식기세척,건조기/살균건조기
2196	/제품/가전제품/주방가전/세척기군/식기세척,건조기
2199	/제품/가전제품/주방가전/세척기군/식기세척,건조기/야채,과일세척기
2509	/제품/의류,잡화/잡화/지갑가방군/남성가방/맨스백,세컨백
2198	/제품/가전제품/주방가전/세척기군/식기세척,건조기/식기세척기
2500	/제품/컴퓨터/컴퓨터/컴퓨터군/쿨러
2504	/제품/컴퓨터/컴퓨터/컴퓨터군/메인보드/AMD CPU용
2503	/제품/컴퓨터/컴퓨터/컴퓨터군/메인보드
2502	/제품/컴퓨터/컴퓨터/컴퓨터군/쿨러/VGA용
2501	/제품/컴퓨터/컴퓨터/컴퓨터군/쿨러/CPU용
2901	/제품/가전제품/휴대용기기/휴대용기기군액세서리/배터리
1859	/제품/자동차용품/차량용안전용품/차량용편의용품군/액세서리
505	/제품/가구,리빙/가구/가구군/유아동침대/일반침대
2902	/제품/가전제품/휴대용기기/휴대용기기군액세서리/보호필름
1858	/제품/자동차용품/차량용안전용품/차량용편의용품군/스키,보드캐리어
506	/제품/가구,리빙/가구/가구군/책상,책장
2903	/제품/가전제품/휴대용기기/휴대용기기군액세서리/충전기
1857	/제품/자동차용품/차량용안전용품/차량용편의용품군/루프박스,루프백
503	/제품/가구,리빙/가구/가구군/유아동침대
2904	/제품/가전제품/휴대용기기/휴대용기기군액세서리/케이블,젠더
1856	/제품/자동차용품/차량용안전용품/차량용편의용품군/기타캐리어
504	/제품/가구,리빙/가구/가구군/유아동침대/2단,2층침대
2905	/제품/가전제품/휴대용기기/휴대용기기군액세서리/케이블,젠더/젠더
509	/제품/가구,리빙/가구/가구군/고정형의자
2906	/제품/가전제품/휴대용기기/휴대용기기군액세서리/케이블,젠더/케이블
2907	/제품/가전제품/휴대용기기/휴대용기기군액세서리/케이스
507	/제품/가구,리빙/가구/가구군/책상,책장/책상
2908	/제품/가전제품/휴대용기기/휴대용기기군액세서리/홀더(거치대)
508	/제품/가구,리빙/가구/가구군/책상,책장/책장
1851	/제품/자동차용품/차량용관리용품/차량용관리용품군/차량용필터
1850	/제품/자동차용품/차량용관리용품/차량용관리용품군/차량용커버
1855	/제품/자동차용품/차량용안전용품/차량용편의용품군/기본바
501	/제품/가구,리빙/가구/가구군/유아동세트
1854	/제품/자동차용품/차량용안전용품/차량용안전용품군/워셔커버,액세서리
502	/제품/가구,리빙/가구/가구군/유아동의자
1853	/제품/자동차용품/차량용안전용품/차량용안전용품군/워셔액
2900	/제품/가전제품/휴대용기기/휴대용기기군액세서리/기타
1852	/제품/자동차용품/차량용안전용품/차량용안전용품군/와이퍼
500	/제품/가구,리빙/가구/가구군/옷장,수납장/옷장,서랍장
2517	/제품/의류,잡화/잡화/지갑가방군/여성가방/토트백
2516	/제품/의류,잡화/잡화/지갑가방군/여성가방/토트겸 숄더백
2519	/제품/의류,잡화/잡화/지갑가방군/여행가방
2518	/제품/의류,잡화/잡화/지갑가방군/여성가방/파우치,클러치백
2909	/제품/가전제품/휴대용기기/휴대용기기군액세서리/휴대폰 줄
2511	/제품/의류,잡화/잡화/지갑가방군/남성가방/크로스,숄더,토트백
2510	/제품/의류,잡화/잡화/지갑가방군/남성가방/서류가방
2513	/제품/의류,잡화/잡화/지갑가방군/여성가방/비치백,왕골가방
2512	/제품/의류,잡화/잡화/지갑가방군/여성가방
2515	/제품/의류,잡화/잡화/지갑가방군/여성가방/크로스백
2514	/제품/의류,잡화/잡화/지갑가방군/여성가방/숄더백
2932	/임시카테고리
2933	/보안진단용 테스트
2930	/제품/저작물/ebook/코믹
2529	/제품/의류,잡화/잡화/지갑가방군/가방/맨스백,서류가방
2528	/제품/의류,잡화/잡화/지갑가방군/캐주얼가방/힙색
2527	/제품/의류,잡화/잡화/지갑가방군/캐주얼가방/토트백
2526	/제품/의류,잡화/잡화/지갑가방군/캐주얼가방/숄더백
2525	/제품/의류,잡화/잡화/지갑가방군/캐주얼가방/백팩
2524	/제품/의류,잡화/잡화/지갑가방군/캐주얼가방/메신저,크로스백
2523	/제품/의류,잡화/잡화/지갑가방군/캐주얼가방
2522	/제품/의류,잡화/잡화/지갑가방군/여행가방/캐리어,이민가방
2521	/제품/의류,잡화/잡화/지갑가방군/여행가방/여권가방,케이스
2520	/제품/의류,잡화/잡화/지갑가방군/여행가방/보스턴백
2927	/제품/저작물/앱/게임
2929	/제품/저작물/ebook
2540	/제품/의류,잡화/잡화/신발군/신발/스니커즈
2923	/지역/지역/카페/카페/베이커리
2926	/제품/저작물/앱
2920	/지역/지역/숙박/숙박/숙박펜션
2921	/지역/지역/술집/술집/술집
1875	/제품/자동차용품/차량용안전용품/차량용안전용품군/후방카메라,감지기/후방카메라
2922	/지역/지역/카페/카페/카페
1874	/제품/자동차용품/차량용안전용품/차량용안전용품군/후방카메라,감지기/후방감지기
1873	/제품/자동차용품/차량용안전용품/차량용안전용품군/후방카메라,감지기
1872	/제품/자동차용품/차량용안전용품/차량용안전용품군/원격시동,경보기
2539	/제품/의류,잡화/잡화/신발군/신발/남성화
2538	/제품/의류,잡화/잡화/패션잡화군/벨트
2535	/제품/의류,잡화/잡화/지갑가방군/가방/토트백
2534	/제품/의류,잡화/잡화/지갑가방군/가방/토트겸 숄더백
2536	/제품/의류,잡화/잡화/지갑가방군/가방/힙쌕,파우치,클러치
2531	/제품/의류,잡화/잡화/지갑가방군/가방/숄더백
2530	/제품/의류,잡화/잡화/지갑가방군/가방/백팩
2533	/제품/의류,잡화/잡화/지갑가방군/가방/크로스백
2532	/제품/의류,잡화/잡화/지갑가방군/가방/여행가방
2437	/제품/애완용품/애완용품군/애완소품군/고양이용품
2438	/제품/애완용품/애완용품군/애완소품군/고양이용품/모래,화장실
2435	/제품/취미,문구/취미/악기군/현악기
2436	/제품/취미,문구/취미/악기군/현악기/바이올린
2433	/제품/가전제품/음향가전/전자악기군/기타(Guitar)/일렉트릭기타
2434	/제품/취미,문구/취미/악기군/기타(Guitar)/클래식기타
2431	/제품/취미,문구/취미/악기군/기타(Guitar)/우쿨렐레
2432	/제품/가전제품/음향가전/전자악기군/기타(Guitar)
2439	/제품/애완용품/애완용품군/사료군/고양이용품
2441	/제품/애완용품/애완용품군/애완소품군/고양이용품/캣타워
2440	/제품/애완용품/애완용품군/사료군/고양이용품/사료
2424	/제품/취미,문구/취미/악기군/관악기
2425	/제품/취미,문구/취미/악기군/관악기/플룻
2426	/제품/취미,문구/취미/악기군/교재용악기
2427	/제품/취미,문구/취미/악기군/교재용악기/멜로디언,실로폰
2420	/제품/가전제품/음향가전/전자악기군/건반악기/디지털피아노
2421	/제품/취미,문구/취미/악기군/건반악기
2422	/제품/취미,문구/취미/악기군/건반악기/일반피아노
2423	/제품/가전제품/음향가전/전자악기군/건반악기/키보드,신디사이저
2428	/제품/취미,문구/취미/악기군/기타(Guitar)
2429	/제품/취미,문구/취미/악기군/기타(Guitar)/베이스기타
2430	/제품/취미,문구/취미/악기군/기타(Guitar)/어쿠스틱기타
2455	/제품/애완용품/애완용품군/애완소품군/애견식기,물병
2456	/제품/애완용품/애완용품군/애완소품군/애견식기,물병/그릇,식기
2453	/제품/애완용품/애완용품군/사료군/애견사료,이유식
2454	/제품/애완용품/애완용품군/사료군/애견사료,이유식/사료
2459	/제품/애완용품/애완용품군/애완소품군/애견하우스,이동장
2457	/제품/애완용품/애완용품군/애완소품군/애견의류,잡화
2458	/제품/애완용품/애완용품군/애완소품군/애견의류,잡화/줄,훈련,장난감
2463	/제품/애완용품/애완용품군/애완소품군/햄스터,고슴도치,토끼용품
2462	/제품/애완용품/애완용품군/애완소품군/애견하우스,이동장/하우스
2461	/제품/애완용품/애완용품군/애완소품군/애견하우스,이동장/이동장,가방
2460	/제품/애완용품/애완용품군/애완소품군/애견하우스,이동장/방석,침대
2442	/제품/애완용품/애완용품군/애완소품군/수족관용품
2443	/제품/애완용품/애완용품군/애완소품군/수족관용품/수조,어항
2444	/제품/애완용품/애완용품군/사료군/애견간식,영양제
2445	/제품/애완용품/애완용품군/사료군/애견간식,영양제/개껌
2446	/제품/애완용품/애완용품군/사료군/애견간식,영양제/과자,비스킷
2447	/제품/애완용품/애완용품군/사료군/애견간식,영양제/영양제
2448	/제품/애완용품/애완용품군/사료군/애견간식,영양제/육포,치즈,사사미
2449	/제품/애완용품/애완용품군/사료군/애견간식,영양제/캔,기타
2450	/제품/애완용품/애완용품군/애완소품군/애견미용,건강,목욕
2452	/제품/애완용품/애완용품군/애완소품군/애견미용,건강,목욕/의약품,배변,위생용품
2451	/제품/애완용품/애완용품군/애완소품군/애견미용,건강,목욕/미용용품
2479	/제품/컴퓨터/컴퓨터/컴퓨터군/CPU/AMD CPU
2478	/제품/컴퓨터/컴퓨터/컴퓨터군/CPU
2477	/제품/취미,문구/취미/원예자재/원예자재,화분/화분,화분정리대
2476	/제품/취미,문구/취미/원예자재/원예자재,화분
2475	/제품/취미,문구/취미/화회군/꽃배달,화환/꽃바구니,꽃다발
2484	/제품/컴퓨터/컴퓨터/컴퓨터군/메모리
2485	/제품/컴퓨터/컴퓨터/컴퓨터군/메모리/노트북용 메모리
2482	/제품/컴퓨터/컴퓨터/컴퓨터군/그래픽카드/ATI계열
2483	/제품/컴퓨터/컴퓨터/컴퓨터군/그래픽카드/nVIDIA계열
2480	/제품/컴퓨터/컴퓨터/컴퓨터군/CPU/인텔 CPU
2481	/제품/컴퓨터/컴퓨터/컴퓨터군/그래픽카드
2469	/제품/취미,문구/취미/프라모델/기타프라모델
2468	/제품/취미,문구/취미/프라모델/건담시리즈
2465	/제품/취미,문구/취미/유무선조종기기/로봇
2464	/제품/취미,문구/취미/유무선조종기기/기타RC
2467	/제품/취미,문구/취미/유무선조종기기/헬기,비행기
2466	/제품/취미,문구/취미/유무선조종기기/자동차
2471	/제품/취미,문구/취미/프라모델/서바이벌용품
2472	/제품/취미,문구/취미/프라모델/피규어
2473	/제품/취미,문구/취미/화회군/꽃배달,화환
2474	/제품/취미,문구/취미/화회군/꽃배달,화환/꽃+케익,선물
2470	/제품/취미,문구/취미/프라모델/밀리터리
2499	/제품/컴퓨터/컴퓨터/컴퓨터군/사운드카드/6.1채널이상
2498	/제품/컴퓨터/컴퓨터/컴퓨터군/사운드카드/5.1채널
2497	/제품/컴퓨터/컴퓨터/컴퓨터군/사운드카드/4.1채널이하
2487	/제품/컴퓨터/컴퓨터/컴퓨터군/SSD
2486	/제품/컴퓨터/컴퓨터/컴퓨터군/메모리/데스크탑용 메모리
2489	/제품/컴퓨터/컴퓨터/컴퓨터군/하드디스크
2488	/제품/컴퓨터/컴퓨터/컴퓨터군/광학드라이브
2490	/제품/컴퓨터/컴퓨터/컴퓨터군/하드디스크/노트북용 하드
2491	/제품/컴퓨터/컴퓨터/컴퓨터군/하드디스크/데스크탑용 하드
2492	/제품/컴퓨터/컴퓨터/컴퓨터군/TV카드,영상장비
2493	/제품/컴퓨터/컴퓨터/컴퓨터군/TV카드,영상장비/TV카드,DMB수신기
2494	/제품/컴퓨터/컴퓨터/컴퓨터군/TV카드,영상장비/리모콘,안테나
2495	/제품/컴퓨터/컴퓨터/컴퓨터군/TV카드,영상장비/영상편집
2496	/제품/컴퓨터/컴퓨터/컴퓨터군/사운드카드
1395	/제품/식품/가공식품/인스턴스식품군/통조림,햄,소시지/수산캔
1396	/제품/식품/가공식품/인스턴스식품군/통조림,햄,소시지/참치캔
1391	/제품/식품/가공식품/인스턴스식품군/통조림,햄,소시지/과일캔
1392	/제품/식품/가공식품/인스턴스식품군/통조림,햄,소시지/기타캔류
1390	/제품/식품/가공식품/인스턴스식품군/통조림,햄,소시지
1389	/제품/식품/가공식품/인스턴스식품군/즉석식품,냉동/탕,국,찌개
1388	/제품/식품/가공식품/인스턴스식품군/즉석식품,냉동/카레,3분요리
1387	/제품/식품/가공식품/인스턴스식품군/즉석식품,냉동/즉석,냉동요리
1386	/제품/식품/가공식품/인스턴스식품군/즉석식품,냉동/밥,죽
1382	/제품/식품/가공식품/인스턴스식품군/프리마,크림
1385	/제품/식품/가공식품/인스턴스식품군/즉석식품,냉동
1380	/제품/식품/가공식품/인스턴스식품군/커피믹스
1381	/제품/식품/가공식품/인스턴스식품군/코코아,핫초코
1379	/제품/식품/가공식품/인스턴스식품군/캔커피,커피음료
1376	/제품/식품/축산물/축산물군/소고기/한우
1375	/제품/식품/축산물/축산물군/소고기/수입산
1378	/제품/식품/가공식품/인스턴스식품군/인스턴트커피
1377	/제품/식품/가공식품/인스턴스식품군/원두커피
595	/제품/가구,리빙/인테리어/인테리어군/카페트,러그,매트/카페트,러그
594	/제품/가구,리빙/인테리어/인테리어군/카페트,러그,매트/발매트
597	/제품/가구,리빙/인테리어/인테리어군/커튼,로만,블라인드/로만쉐이드
596	/제품/가구,리빙/인테리어/인테리어군/커튼,로만,블라인드
599	/제품/가구,리빙/인테리어/인테리어군/커튼,로만,블라인드/블라인드
598	/제품/가구,리빙/인테리어/인테리어군/커튼,로만,블라인드/롤스크린
1398	/제품/식품/가공식품/인스턴스식품군/통조림,햄,소시지/혼합,선물세트
1397	/제품/식품/가공식품/인스턴스식품군/통조림,햄,소시지/햄,소시지,스팸류
1399	/제품/가전제품/영상가전/디스플레이군/LCD TV
590	/제품/가구,리빙/인테리어/인테리어군/각종커버류/가전제품커버
591	/제품/가구,리빙/인테리어/인테리어군/각종커버류/소파,의자커버
592	/제품/가구,리빙/인테리어/인테리어군/각종커버류/티슈커버
593	/제품/가구,리빙/인테리어/인테리어군/카페트,러그,매트
1352	/제품/식품/가공식품/인스턴스식품군/오일,참기름,식용유
1351	/제품/식품/가공식품/인스턴스식품군/밀가루,기타분말
1350	/제품/식품/가공식품/인스턴스식품군/된장,고추장,장류/된장,고추장,쌈장
1348	/제품/식품/가공식품/인스턴스식품군/된장,고추장,장류
1349	/제품/식품/가공식품/인스턴스식품군/된장,고추장,장류/간장,양념장
1346	/제품/식품/농산물/농산물군/잡곡,혼합곡
1347	/제품/식품/농산물/농산물군/흑미,현미,찹쌀
1344	/제품/식품/농산물/농산물군/소포장쌀
1345	/제품/식품/농산물/농산물군/쌀
1342	/제품/식품/수산물/수산물군/생선류/조기,굴비,옥돔
1343	/제품/식품/수산물/수산물군/해산물,어패류
1341	/제품/식품/수산물/수산물군/생선류/생선류기타
1340	/제품/식품/수산물/수산물군/생선류/고등어,갈치,삼치
1339	/제품/식품/수산물/수산물군/생선류
1335	/제품/식품/수산물/수산물군/건어물
1336	/제품/식품/수산물/수산물군/건어물/건오징어,쥐포
1337	/제품/식품/수산물/수산물군/건어물/김,미역,다시마
1338	/제품/식품/수산물/수산물군/건어물/멸치,황태포
1331	/제품/식품/가공식품/인스턴스식품군/차류
1332	/제품/식품/가공식품/인스턴스식품군/차류/녹차,둥글레차,마테차
1333	/제품/식품/가공식품/인스턴스식품군/차류/루이보스,허브,홍차
1334	/제품/식품/가공식품/인스턴스식품군/차류/전통차기타
1370	/제품/식품/축산물/축산물군/닭,오리고기/오리고기
1374	/제품/식품/축산물/축산물군/소고기/국내산
1373	/제품/식품/축산물/축산물군/소고기
1372	/제품/식품/축산물/축산물군/돼지고기/국내산
1371	/제품/식품/축산물/축산물군/돼지고기
1366	/제품/식품/건강식품/건강다이어트식품군/정관장
1367	/제품/식품/건강식품/건강다이어트식품군/한삼인
1364	/제품/식품/건강식품/건강다이어트식품군/인삼,수삼,기타
1365	/제품/식품/건강식품/건강다이어트식품군/인삼,수삼,기타/인삼,수삼,더덕
1368	/제품/식품/축산물/축산물군/닭,오리고기
1369	/제품/식품/축산물/축산물군/닭,오리고기/닭가슴살,안심살
1361	/제품/식품/가공식품/인스턴스식품군/조미료,소스,잼/시럽,잼류
1360	/제품/식품/가공식품/인스턴스식품군/조미료,소스,잼/소스,케찹,마요네즈
1363	/제품/식품/건강식품/건강다이어트식품군/아동,성장기홍삼
1362	/제품/식품/건강식품/건강다이어트식품군/기타홍삼브랜드
1353	/제품/식품/가공식품/인스턴스식품군/오일,참기름,식용유/식용유
1354	/제품/식품/가공식품/인스턴스식품군/오일,참기름,식용유/올리브유,포도씨유,기타
1355	/제품/식품/가공식품/인스턴스식품군/오일,참기름,식용유/참기름,들기름
1356	/제품/식품/가공식품/인스턴스식품군/오일,참기름,식용유/혼합,선물세트
1357	/제품/식품/가공식품/인스턴스식품군/조미료,소스,잼
1358	/제품/식품/가공식품/인스턴스식품군/조미료,소스,잼/기타조미료
1359	/제품/식품/가공식품/인스턴스식품군/조미료,소스,잼/소금,설탕,조미료
806	/제품/레저,스포츠용품/스키,보드용품/스키보드용품군/스키,보드헬멧
2210	/제품/컴퓨터/컴퓨터/컴퓨터군소모품/멀티탭
807	/제품/레저,스포츠용품/스키,보드용품/스키보드용품군/스키장비
804	/제품/레저,스포츠용품/스키,보드용품/스키보드용품군/스키,보드잡화/왁싱,관리용품
805	/제품/레저,스포츠용품/스키,보드용품/스키보드용품군/스키,보드장갑
802	/제품/레저,스포츠용품/스키,보드용품/스키보드용품군/스키,보드잡화/벨트,체인
803	/제품/레저,스포츠용품/스키,보드용품/스키보드용품군/스키,보드잡화/스키모자,헤어밴드
1319	/제품/식품/가공식품/인스턴스식품군/봉지라면
800	/제품/레저,스포츠용품/스키,보드용품/스키보드용품군/스키,보드잡화/귀마개,양말
1318	/제품/식품/가공식품/인스턴스식품군/냉면,당면,국수,기타
801	/제품/레저,스포츠용품/스키,보드용품/스키보드용품군/스키,보드잡화/마스크,버프
1317	/제품/식품/음료/음료군/유제품/치즈
1316	/제품/식품/음료/음료군/유제품/유가공품 기타
1315	/제품/식품/음료/음료군/유제품
1314	/제품/식품/음료/음료군/우유,유음료/유음료
158	/제품/레저,스포츠용품/수영,스쿠버용품
1313	/제품/식품/음료/음료군/우유,유음료/우유
157	/제품/레저,스포츠용품/라켓,구기용품/구기군
1312	/제품/식품/음료/음료군/우유,유음료
1311	/제품/식품/음료/음료군/두유
155	/제품/레저,스포츠용품/라켓,구기용품/라켓군
1310	/제품/식품/건강식품/건강다이어트식품군/헬스보조식품
154	/제품/레저,스포츠용품/라켓,구기용품
152	/제품/레저,스포츠용품/낚시용품/낚시장비군
1728	/제품/의류,잡화/의류/의류군/스커트/A라인
151	/제품/레저,스포츠용품/낚시용품
1729	/제품/의류,잡화/의류/의류군/스커트/H라인
2858	/제품/가전제품/영상가전/카메라군액세서리/DSLR렌즈/망원 단렌즈
1726	/제품/의류,잡화/의류/의류군/블라우스,셔츠/플랫,셔츠카라
2857	/제품/가전제품/영상가전/카메라군액세서리/DSLR렌즈/광각 줌렌즈
1727	/제품/의류,잡화/의류/의류군/스커트
2209	/제품/컴퓨터/컴퓨터/컴퓨터군소모품/마우스패드,손목보호대
1724	/제품/의류,잡화/의류/의류군/블라우스,셔츠/체크
2859	/제품/가전제품/영상가전/카메라군액세서리/DSLR렌즈/망원 줌렌즈
2208	/제품/컴퓨터/컴퓨터/컴퓨터군소모품/PC액세서리
1725	/제품/의류,잡화/의류/의류군/블라우스,셔츠/프릴,셔링,쉬폰
2854	/제품/가전제품/영상가전/영상촬영기기군/하이브리드 디카
2207	/제품/가전제품/웰빙가전/제조기군/홍삼제조기,약탕기/홍삼제조기
1722	/제품/의류,잡화/의류/의류군/블라우스,셔츠/민소매
2853	/제품/가전제품/영상가전/영상촬영기기군/토이,필름 카메라/필름
2206	/제품/가전제품/웰빙가전/제조기군/홍삼제조기,약탕기/약탕기
1723	/제품/의류,잡화/의류/의류군/블라우스,셔츠/차이나,하이넥카라
2856	/제품/가전제품/영상가전/카메라군액세서리/DSLR렌즈/광각 단렌즈
2205	/제품/가전제품/웰빙가전/제조기군/홍삼제조기,약탕기
1720	/제품/의류,잡화/의류/의류군/블라우스,셔츠
2855	/제품/가전제품/영상가전/카메라군액세서리/DSLR렌즈
2204	/제품/가전제품/웰빙가전/제조기군/웰빙주방가전/요구르트제조기
1721	/제품/의류,잡화/의류/의류군/블라우스,셔츠/롱,원피스형
2850	/제품/가전제품/영상가전/영상촬영기기군/토이,필름 카메라/일회용 카메라
2203	/제품/가전제품/웰빙가전/제조기군/웰빙주방가전/식품건조기
2202	/제품/가전제품/웰빙가전/제조기군/웰빙주방가전/두부,두유제조기
2852	/제품/가전제품/영상가전/영상촬영기기군/토이,필름 카메라/토이 카메라
2201	/제품/가전제품/웰빙가전/제조기군/웰빙주방가전
2851	/제품/가전제품/영상가전/영상촬영기기군/토이,필름 카메라/자동,SLR 카메라
2200	/제품/가전제품/주방가전/세척기군/식기세척,건조기/업소용식기세척기
2220	/제품/컴퓨터/컴퓨터/컴퓨터군/랜카드/유선랜카드
2221	/제품/컴퓨터/컴퓨터/컴퓨터군/허브
1329	/제품/식품/음료/음료군/음료/주스,과즙음료
1328	/제품/식품/음료/음료군/음료/옥수수,보리,차음료
1325	/제품/식품/음료/음료군/생수/탄산,해양,기능성
1324	/제품/식품/음료/음료군/생수/수입생수
1327	/제품/식품/음료/음료군/음료/건강,전통음료
1326	/제품/식품/음료/음료군/음료
166	/제품/레저,스포츠용품/자전거,용품
1321	/제품/식품/가공식품/인스턴스식품군/컵라면
1320	/제품/식품/가공식품/인스턴스식품군/스파게티,파스타
1323	/제품/식품/음료/음료군/생수/국내생수
1322	/제품/식품/음료/음료군/생수
1717	/제품/의류,잡화/의류/의류군/바지/정장바지
162	/제품/레저,스포츠용품/스키,보드용품
1718	/제품/의류,잡화/의류/의류군/바지/카고,면바지
1719	/제품/의류,잡화/의류/의류군/바지/크롭,7-9부
1330	/제품/식품/음료/음료군/음료/탄산,청량음료
2849	/제품/가전제품/영상가전/영상촬영기기군/토이,필름 카메라
405	/제품/취미,문구/취미/화회군
1713	/제품/의류,잡화/의류/의류군/바지/반바지,핫팬츠
2848	/제품/가전제품/영상가전/영상촬영기기군/컴팩트 디카
2219	/제품/컴퓨터/컴퓨터/컴퓨터군/랜카드/무선랜카드
404	/제품/취미,문구/취미/원예자재
1714	/제품/의류,잡화/의류/의류군/바지/배기팬츠
2847	/제품/가전제품/영상가전/영상촬영기기군/즉석카메라/즉석카메라 필름팩
1715	/제품/의류,잡화/의류/의류군/바지/부츠컷,나팔,와이드
2846	/제품/가전제품/영상가전/영상촬영기기군/즉석카메라/즉석카메라 본체
406	/제품/가구,리빙/리빙
1716	/제품/의류,잡화/의류/의류군/바지/점프수트,멜빵바지
2845	/제품/가전제품/영상가전/영상촬영기기군/즉석카메라
2216	/제품/컴퓨터/컴퓨터/컴퓨터군/공유기/유무선 공유기
401	/제품/취미,문구/취미/이벤트용품군
2844	/제품/가전제품/영상가전/영상촬영기기군/DSLR 디카
2215	/제품/컴퓨터/컴퓨터/컴퓨터군/공유기/무선 AP,안테나
400	/제품/취미,문구/취미/프라모델
1710	/제품/의류,잡화/의류/의류군/니트/카라,후드넥
2843	/제품/가전제품/휴대용기기/휴대용기기군/전자책/전자책본체
2218	/제품/컴퓨터/컴퓨터/컴퓨터군/랜카드
1711	/제품/의류,잡화/의류/의류군/니트/터틀,폴라넥
2842	/제품/가전제품/휴대용기기/휴대용기기군/전자책
2217	/제품/컴퓨터/컴퓨터/컴퓨터군/공유기/유선 공유기
1712	/제품/의류,잡화/의류/의류군/바지/기본,일자바지
2841	/제품/가전제품/휴대용기기/휴대용기기군/전자사전 액세서리/유딕
2212	/제품/컴퓨터/컴퓨터/컴퓨터군소모품/스탠드,받침대
2840	/제품/가전제품/휴대용기기/휴대용기기군/전자사전 액세서리/유디아
2211	/제품/컴퓨터/컴퓨터/컴퓨터군소모품/보안기
2214	/제품/컴퓨터/컴퓨터/컴퓨터군/공유기
2213	/제품/컴퓨터/컴퓨터/컴퓨터군소모품/스탠드,받침대/본체,모니터 받침대
824	/제품/의류,잡화/의류/스포츠의류군/나이키/상의
825	/제품/의류,잡화/잡화/신발군/나이키
822	/제품/의류,잡화/의류/스포츠의류군/나이키
823	/제품/의류,잡화/의류/스포츠의류군/나이키/상,하의
828	/제품/의류,잡화/잡화/지갑가방군/나이키/스포츠가방
826	/제품/의류,잡화/잡화/신발군/나이키/샌들,슬리퍼,아쿠아
827	/제품/의류,잡화/잡화/지갑가방군/나이키
177	/제품/유아,임산부용품/임산부용품
176	/제품/유아,임산부용품
2836	/제품/가전제품/휴대용기기/휴대용기기군/전자사전 액세서리/누리안
418	/제품/가구,리빙/리빙/생리대군
1704	/제품/의류,잡화/의류/의류군/가디건,조끼,숄/후드,카라,숄카라
2835	/제품/가전제품/휴대용기기/휴대용기기군/전자사전 액세서리/기타
417	/제품/가구,리빙/리빙/세면세정용품군
1705	/제품/의류,잡화/의류/의류군/니트
2838	/제품/가전제품/휴대용기기/휴대용기기군/전자사전 액세서리/리얼딕세이
416	/제품/가구,리빙/리빙/주방욕실청소용품군
1702	/제품/의류,잡화/의류/의류군/가디건,조끼,숄/숏가디건,볼레로
2837	/제품/가전제품/휴대용기기/휴대용기기군/전자사전 액세서리/딕플
1703	/제품/의류,잡화/의류/의류군/가디건,조끼,숄/조끼,베스트
1708	/제품/의류,잡화/의류/의류군/니트/민소매
2839	/제품/가전제품/휴대용기기/휴대용기기군/전자사전 액세서리/에이원프로
1709	/제품/의류,잡화/의류/의류군/니트/브이넥
1706	/제품/의류,잡화/의류/의류군/니트/라운드,보우트넥
419	/제품/가구,리빙/인테리어/인테리어군
173	/제품/레저,스포츠용품/헬스,다이어트
1707	/제품/의류,잡화/의류/의류군/니트/롱,원피스형
2830	/제품/가전제품/휴대용기기/휴대용기기군/전자계산기/일반용
2832	/제품/가전제품/휴대용기기/휴대용기기군/전자사전
414	/제품/가구,리빙/리빙/침구군
1700	/제품/의류,잡화/의류/의류군/가디건,조끼,숄/라운드,브이넥
2831	/제품/가전제품/휴대용기기/휴대용기기군/전자계산기/재무,회계용
1701	/제품/의류,잡화/의류/의류군/가디건,조끼,숄/롱,코트형
2834	/제품/가전제품/휴대용기기/휴대용기기군/전자사전 액세서리/U&DIC
2833	/제품/가전제품/휴대용기기/휴대용기기군/전자사전 액세서리
411	/제품/가구,리빙/리빙/제기,제수용품군
811	/제품/레저,스포츠용품/스키,보드용품/스키보드용품군/스키장비/스키플레이트+바인딩
1307	/제품/식품/건강식품/건강다이어트식품군/다이어트보조식품/CLA,가르시니아
1306	/제품/식품/건강식품/건강다이어트식품군/다이어트보조식품
813	/제품/의류,잡화/잡화/지갑가방군/EXR
1309	/제품/식품/건강식품/건강다이어트식품군/생식,선식,미숫가루
814	/제품/의류,잡화/잡화/지갑가방군/EXR/스포츠가방
1308	/제품/식품/건강식품/건강다이어트식품군/다이어트보조식품/다이어트,미용보조식
815	/제품/의류,잡화/의류/스포츠의류군/EXR
816	/제품/의류,잡화/의류/스포츠의류군/EXR/스포츠의류
817	/제품/의류,잡화/잡화/신발군/EXR
818	/제품/의류,잡화/잡화/신발군/EXR/운동화
1301	/제품/식품/농산물/농산물군/야채,채소류/양파,마늘,고추
1300	/제품/식품/농산물/농산물군/야채,채소류/배추,상추,쌈류
1303	/제품/식품/건강식품/건강다이어트식품군/다이어트,미용음료/팻다운,다이어트음료
1302	/제품/식품/건강식품/건강다이어트식품군/다이어트,미용음료
1305	/제품/식품/건강식품/건강다이어트식품군/다이어트,미용음료/홍초,식초음료
810	/제품/레저,스포츠용품/스키,보드용품/스키보드용품군/스키장비/스키폴
1304	/제품/식품/건강식품/건강다이어트식품군/다이어트,미용음료/푸룬주스,건자두
2827	/제품/가전제품/휴대용기기/휴대용기기군/어학학습기/컨텐츠형
427	/지역/지역/맛집/맛집군
2826	/제품/가전제품/휴대용기기/휴대용기기군/어학학습기/일반형
180	/제품/유아,임산부용품/유아용품
2825	/제품/가전제품/휴대용기기/휴대용기기군/어학학습기
429	/지역/지역/숙박/숙박
2824	/제품/가전제품/휴대용기기/휴대용기기군/단어학습기/단어학습기본체
428	/지역/지역/숙박
182	/제품/유아,임산부용품/유아용품/완구군
2829	/제품/가전제품/휴대용기기/휴대용기기군/전자계산기/공학용
2828	/제품/가전제품/휴대용기기/휴대용기기군/전자계산기
186	/제품/유아,임산부용품/유아용품/기저귀군
809	/제품/레저,스포츠용품/스키,보드용품/스키보드용품군/스키장비/스키세트
808	/제품/레저,스포츠용품/스키,보드용품/스키보드용품군/스키장비/스키부츠
421	/지역/지역/맛집
420	/지역/지역
2823	/제품/가전제품/휴대용기기/휴대용기기군/단어학습기
2822	/제품/가전제품/휴대용기기/휴대용기기군액세서리/아이폰 액세서리/케이스
2821	/제품/가전제품/휴대용기기/휴대용기기군액세서리/아이폰 액세서리/보호필름
2820	/제품/가전제품/휴대용기기/휴대용기기군액세서리/아이폰 액세서리/배터리팩
843	/제품/의류,잡화/의류/스포츠의류군/노스페이스/의류잡화
842	/제품/의류,잡화/잡화/신발군/노스페이스/운동화,등산화
117	/제품/자동차
841	/제품/의류,잡화/잡화/신발군/노스페이스
114	/제품/화장품/화장품/메이크업소품
840	/제품/의류,잡화/잡화/지갑가방군/노스페이스/스포츠가방
110	/제품/화장품/화장품
2254	/제품/컴퓨터/컴퓨터/컴퓨터군/케이블/IEEE1394 케이블
2253	/제품/컴퓨터/컴퓨터/컴퓨터군/케이블/HDMI 케이블
2252	/제품/컴퓨터/컴퓨터/컴퓨터군/케이블/Display 케이블
849	/제품/의류,잡화/의류/스포츠의류군/뉴발란스/스포츠의류
2251	/제품/컴퓨터/컴퓨터/컴퓨터군/케이블/DVI 케이블
848	/제품/의류,잡화/의류/스포츠의류군/뉴발란스
2250	/제품/컴퓨터/컴퓨터/컴퓨터군/케이블/D-Sub 케이블
847	/제품/의류,잡화/잡화/지갑가방군/뉴발란스/스포츠가방
846	/제품/의류,잡화/잡화/지갑가방군/뉴발란스
845	/제품/의류,잡화/의류/스포츠의류군/노스페이스/하의
844	/제품/의류,잡화/의류/스포츠의류군/노스페이스/점퍼,자켓
2897	/제품/가전제품/영상가전/카메라군액세서리/필터,DSLR렌즈용품/텔레컨버터
2898	/제품/가전제품/영상가전/카메라군액세서리/필터,DSLR렌즈용품/필터
2899	/제품/가전제품/영상가전/카메라군액세서리/필터,DSLR렌즈용품/후드
2248	/제품/컴퓨터/컴퓨터/컴퓨터군/외장하드/3.5인치
433	/지역/지역/카페/카페
2249	/제품/컴퓨터/컴퓨터/컴퓨터군/케이블
434	/지역/지역/여행
2893	/제품/가전제품/영상가전/카메라군액세서리/플래시,라이트/플래시
2246	/제품/컴퓨터/컴퓨터/컴퓨터군/외장하드/1.8인치 이하
431	/지역/지역/술집/술집
2894	/제품/가전제품/영상가전/카메라군액세서리/플래시,라이트/플래시액세서리
2247	/제품/컴퓨터/컴퓨터/컴퓨터군/외장하드/2.5인치
432	/지역/지역/카페
2895	/제품/가전제품/영상가전/카메라군액세서리/필터,DSLR렌즈용품
2244	/제품/컴퓨터/컴퓨터/컴퓨터군/네트워크하드
2896	/제품/가전제품/영상가전/카메라군액세서리/필터,DSLR렌즈용품/렌즈어댑터
2245	/제품/컴퓨터/컴퓨터/컴퓨터군/외장하드
430	/지역/지역/술집
437	/지역/지역/여행/관광지
438	/지역/지역/여행/쇼핑몰
830	/제품/의류,잡화/잡화/신발군/나이키/운동화
832	/제품/의류,잡화/의류/스포츠의류군/나이키/의류잡화
831	/제품/의류,잡화/잡화/신발군/나이키/유,아동운동화
122	/제품/자동차용품
123	/제품/자동차용품/차량용전자제품
2892	/제품/가전제품/영상가전/카메라군액세서리/플래시,라이트/라이트
2263	/제품/유아,임산부용품/유아용품/기저귀군/물티슈
838	/제품/의류,잡화/의류/스포츠의류군/노스페이스/상의
2891	/제품/가전제품/영상가전/카메라군액세서리/플래시,라이트
2262	/제품/유아,임산부용품/유아용품/기저귀군/메리즈,무니망
837	/제품/의류,잡화/의류/스포츠의류군/노스페이스
2890	/제품/가전제품/영상가전/카메라군액세서리/카드리더기
2265	/제품/유아,임산부용품/유아용품/기저귀군/보솜이
2264	/제품/유아,임산부용품/유아용품/기저귀군/백조,나비잠,절약형
839	/제품/의류,잡화/잡화/지갑가방군/노스페이스
834	/제품/레저,스포츠용품/라켓,구기용품/구기군/나이키
833	/제품/의류,잡화/의류/스포츠의류군/나이키/점퍼,자켓
2261	/제품/유아,임산부용품/유아용품/기저귀군/마망,마미포코,토디앙/토디앙
836	/제품/의류,잡화/의류/스포츠의류군/나이키/하의
2260	/제품/유아,임산부용품/유아용품/기저귀군/마망,마미포코,토디앙/큐티
835	/제품/레저,스포츠용품/라켓,구기용품/구기군/나이키/축구,농구,구기용공
2888	/제품/가전제품/영상가전/카메라군액세서리/촬영보조용품/포커싱스크린
2259	/제품/유아,임산부용품/유아용품/기저귀군/마망,마미포코,토디앙/마미포코
2889	/제품/가전제품/영상가전/카메라군액세서리/충전기,AC어댑터
445	/인물
2886	/제품/가전제품/영상가전/카메라군액세서리/촬영보조용품/뷰파인더,아이피스
446	/인물/인물
2887	/제품/가전제품/영상가전/카메라군액세서리/촬영보조용품/청소도구
447	/인물/인물/인물
2884	/제품/가전제품/영상가전/카메라군액세서리/촬영보조용품/리모콘,릴리즈
2255	/제품/컴퓨터/컴퓨터/컴퓨터군/케이블/USB 케이블
2885	/제품/가전제품/영상가전/카메라군액세서리/촬영보조용품/마이크
2256	/제품/유아,임산부용품/유아용품/기저귀군/군기저귀
2882	/제품/가전제품/영상가전/카메라군액세서리/촬영보조용품
2257	/제품/유아,임산부용품/유아용품/기저귀군/마망,마미포코,토디앙
442	/제품/가구,리빙/가구/가구군
2883	/제품/가전제품/영상가전/카메라군액세서리/촬영보조용품/LCD액세서리
2258	/제품/유아,임산부용품/유아용품/기저귀군/마망,마미포코,토디앙/마망
443	/제품/의류,잡화/의류/의류군
448	/인물/인물/인물/인물군
449	/지역
861	/제품/의류,잡화/의류/스포츠의류군/르꼬끄,데상트/스포츠의류
134	/제품/자동차용품/차량용관리용품
860	/제품/의류,잡화/의류/스포츠의류군/르꼬끄,데상트
133	/제품/자동차용품/차량용안전용품/차량용편의용품군
865	/제품/의류,잡화/잡화/지갑가방군/리복/스포츠가방
864	/제품/의류,잡화/잡화/지갑가방군/리복
863	/제품/의류,잡화/잡화/신발군/르꼬끄,데상트/운동화
136	/제품/자동차용품/타이어군
862	/제품/의류,잡화/잡화/신발군/르꼬끄,데상트
869	/제품/의류,잡화/잡화/신발군/리복/운동화
868	/제품/의류,잡화/잡화/신발군/리복
867	/제품/의류,잡화/의류/스포츠의류군/리복/스포츠의류
866	/제품/의류,잡화/의류/스포츠의류군/리복
2232	/제품/컴퓨터/컴퓨터/컴퓨터군/키보드/유선키보드
2231	/제품/컴퓨터/컴퓨터/컴퓨터군/키보드/무선키보드
2881	/제품/가전제품/영상가전/카메라군액세서리/스트랩,그립
2230	/제품/컴퓨터/컴퓨터/컴퓨터군/키보드
2880	/제품/가전제품/영상가전/카메라군액세서리/스튜디오장비
2871	/제품/가전제품/영상가전/카메라군액세서리/배터리/DSLR용
2224	/제품/컴퓨터/컴퓨터/컴퓨터군/마우스
453	/제품/가구,리빙/가구/가구군/거실장,장식장
2872	/제품/가전제품/영상가전/카메라군액세서리/배터리/일회용건전지
2225	/제품/컴퓨터/컴퓨터/컴퓨터군/마우스/무선마우스
454	/제품/가구,리빙/가구/가구군/거실장,장식장/거실장
2873	/제품/가전제품/영상가전/카메라군액세서리/배터리/충전건전지
2222	/제품/컴퓨터/컴퓨터/컴퓨터군/허브/USB허브
2874	/제품/가전제품/영상가전/카메라군액세서리/배터리/캠코더용
2223	/제품/컴퓨터/컴퓨터/컴퓨터군/허브/스위칭허브
452	/제품/가구,리빙/가구/가구군/TV대,AV장식장
2875	/제품/가전제품/영상가전/카메라군액세서리/배터리/컴팩트디카용
2228	/제품/컴퓨터/컴퓨터/컴퓨터군/마우스/프레젠터,포인터
457	/제품/가구,리빙/가구/가구군/거실장,장식장/협탁
2876	/제품/가전제품/영상가전/카메라군액세서리/삼각대,헤드
458	/제품/가구,리빙/가구/가구군/소파
2877	/제품/가전제품/영상가전/카메라군액세서리/삼각대,헤드/삼각대
2226	/제품/컴퓨터/컴퓨터/컴퓨터군/마우스/유선마우스
455	/제품/가구,리빙/가구/가구군/거실장,장식장/서재형거실장
2878	/제품/가전제품/영상가전/카메라군액세서리/삼각대,헤드/삼각대액세서리
2227	/제품/컴퓨터/컴퓨터/컴퓨터군/마우스/트랙볼마우스
456	/제품/가구,리빙/가구/가구군/거실장,장식장/장식장
2879	/제품/가전제품/영상가전/카메라군액세서리/삼각대,헤드/헤드
459	/제품/가구,리빙/가구/가구군/소파/가죽소파
130	/제품/자동차용품/차량용안전용품
850	/제품/의류,잡화/잡화/신발군/뉴발란스
146	/제품/레저,스포츠용품/등산,캠핑용품
852	/제품/의류,잡화/잡화/지갑가방군/르까프
851	/제품/의류,잡화/잡화/신발군/뉴발란스/운동화
854	/제품/의류,잡화/의류/스포츠의류군/르까프
853	/제품/의류,잡화/잡화/지갑가방군/르까프/스포츠가방
856	/제품/의류,잡화/잡화/신발군/르까프
855	/제품/의류,잡화/의류/스포츠의류군/르까프/스포츠의류
858	/제품/의류,잡화/잡화/지갑가방군/르꼬끄,데상트
857	/제품/의류,잡화/잡화/신발군/르까프/운동화
2870	/제품/가전제품/영상가전/카메라군액세서리/배터리
2241	/제품/컴퓨터/컴퓨터/컴퓨터군소모품/헤드셋
2240	/제품/컴퓨터/컴퓨터/컴퓨터군소모품/스피커/5.1채널 이상
859	/제품/의류,잡화/잡화/지갑가방군/르꼬끄,데상트/스포츠가방
2243	/제품/컴퓨터/컴퓨터/컴퓨터군/USB메모리
461	/제품/가구,리빙/가구/가구군/소파/리클라이닝
2242	/제품/컴퓨터/컴퓨터/컴퓨터군/화상카메라
460	/제품/가구,리빙/가구/가구군/소파/기타소파
2862	/제품/가전제품/영상가전/카메라군액세서리/DSLR렌즈/표준 줌렌즈
2233	/제품/컴퓨터/컴퓨터/컴퓨터군/키보드/키패드
462	/제품/가구,리빙/가구/가구군/소파/빈백
2863	/제품/가전제품/영상가전/카메라군액세서리/가방,케이스
2234	/제품/컴퓨터/컴퓨터/컴퓨터군/타블렛
463	/제품/가구,리빙/가구/가구군/소파/소파베드
2860	/제품/가전제품/영상가전/카메라군액세서리/DSLR렌즈/슈퍼 줌렌즈
2235	/제품/컴퓨터/컴퓨터/컴퓨터군/타블렛/타블렛본체
464	/제품/가구,리빙/가구/가구군/소파/인조가죽소파
2861	/제품/가전제품/영상가전/카메라군액세서리/DSLR렌즈/표준 단렌즈
2236	/제품/컴퓨터/컴퓨터/컴퓨터군/타블렛/타블렛주변기기
465	/제품/가구,리빙/가구/가구군/소파/천,패브릭소파
2866	/제품/가전제품/영상가전/카메라군액세서리/가방,케이스/제습보관함
2237	/제품/컴퓨터/컴퓨터/컴퓨터군소모품/스피커
466	/제품/가구,리빙/가구/가구군/소파테이블
2867	/제품/가전제품/영상가전/카메라군액세서리/가방,케이스/캠코더용
2238	/제품/컴퓨터/컴퓨터/컴퓨터군소모품/스피커/2.1채널
467	/제품/가구,리빙/가구/가구군/소파테이블/원목테이블
2864	/제품/가전제품/영상가전/카메라군액세서리/가방,케이스/DSLR용
2239	/제품/컴퓨터/컴퓨터/컴퓨터군소모품/스피커/2채널
468	/제품/가구,리빙/가구/가구군/소파테이블/철재,대리석,유리테이블
2865	/제품/가전제품/영상가전/카메라군액세서리/가방,케이스/가방 액세서리
469	/제품/가구,리빙/가구/가구군/안락,인테리어의자
2868	/제품/가전제품/영상가전/카메라군액세서리/가방,케이스/컴팩트디카용
2869	/제품/가전제품/영상가전/카메라군액세서리/메모리카드
140	/제품/레저,스포츠용품
141	/제품/레저,스포츠용품/골프용품
2289	/제품/유아,임산부용품/유아용품/기저귀군/하기스/네이처메이드
2288	/제품/유아,임산부용품/유아용품/기저귀군/하기스
2295	/제품/유아,임산부용품/유아용품/기저귀군/하기스/하기스보송보송
2296	/제품/유아,임산부용품/유아용품/유아수유용품군/목욕놀이용품
2297	/제품/유아,임산부용품/유아용품/유아수유용품군/목욕의자
2298	/제품/유아,임산부용품/유아용품/유아수유용품군/샴푸캡,타월,목욕용품
2291	/제품/유아,임산부용품/유아용품/기저귀군/하기스/크린베베
888	/제품/의류,잡화/의류/스포츠의류군/아디다스/의류잡화
2292	/제품/유아,임산부용품/유아용품/기저귀군/하기스/프리미어
889	/제품/의류,잡화/의류/스포츠의류군/아디다스/점퍼,자켓
2293	/제품/유아,임산부용품/유아용품/기저귀군/하기스/하기스골드
2294	/제품/유아,임산부용품/유아용품/기저귀군/하기스/하기스매직팬티
884	/제품/의류,잡화/잡화/지갑가방군/아디다스/스포츠가방
886	/제품/의류,잡화/잡화/신발군/아디다스/운동화
2290	/제품/유아,임산부용품/유아용품/기저귀군/하기스/소프트 드라이
887	/제품/의류,잡화/잡화/신발군/아디다스/유,아동운동화
880	/제품/의류,잡화/의류/스포츠의류군/아디다스/상의
881	/제품/의류,잡화/잡화/신발군/아디다스
882	/제품/의류,잡화/잡화/신발군/아디다스/샌들,슬리퍼,아쿠아
883	/제품/의류,잡화/잡화/지갑가방군/아디다스
1799	/제품/자동차용품/차량용안전용품/차량용안전용품군/램프,전구
1797	/제품/자동차용품/차량용전자제품/차량용전자제품군/올인원내비게이션
1798	/제품/자동차용품/차량용전자제품/차량용전자제품군/일반내비게이션
1795	/제품/자동차용품/차량용전자제품/차량용전자제품군/내비게이션액세서리/케이스,커버,햇빛가리개
1796	/제품/자동차용품/차량용전자제품/차량용전자제품군/매립형내비게이션
1793	/제품/자동차용품/차량용전자제품/차량용전자제품군/내비게이션액세서리/리모컨
2299	/제품/유아,임산부용품/유아용품/유아수유용품군/세면,구강용품
1794	/제품/자동차용품/차량용전자제품/차량용전자제품군/내비게이션액세서리/전원,배터리
879	/제품/의류,잡화/의류/스포츠의류군/아디다스/상,하의
878	/제품/의류,잡화/의류/스포츠의류군/아디다스
875	/제품/의류,잡화/잡화/신발군/스케쳐스/운동화
873	/제품/의류,잡화/의류/스포츠의류군/스케쳐스/스포츠의류
874	/제품/의류,잡화/잡화/신발군/스케쳐스
871	/제품/의류,잡화/잡화/지갑가방군/스케쳐스/스포츠가방
872	/제품/의류,잡화/의류/스포츠의류군/스케쳐스
870	/제품/의류,잡화/잡화/지갑가방군/스케쳐스
2267	/제품/유아,임산부용품/유아용품/기저귀군/보솜이/보솜이소프트
1782	/제품/의류,잡화/의류/의류군/여성한복
2266	/제품/유아,임산부용품/유아용품/기저귀군/보솜이/베이비팬티
1783	/제품/자동차용품/차량용전자제품/차량용전자제품군/AV액세서리
2269	/제품/유아,임산부용품/유아용품/기저귀군/보솜이/보솜이천연코튼
1784	/제품/자동차용품/차량용전자제품/차량용전자제품군/AV액세서리/폴,안테나
2268	/제품/유아,임산부용품/유아용품/기저귀군/보솜이/보솜이언더웨어
1785	/제품/자동차용품/차량용전자제품/차량용전자제품군/스피커,우퍼,앰프
1786	/제품/자동차용품/차량용전자제품/차량용전자제품군/카오디오
1787	/제품/자동차용품/차량용전자제품/차량용전자제품군/카오디오/AV올인원
1788	/제품/자동차용품/차량용전자제품/차량용전자제품군/카오디오/헤드유닛
1789	/제품/자동차용품/차량용전자제품/차량용전자제품군/카팩
2270	/제품/유아,임산부용품/유아용품/기저귀군/보솜이/보솜이프랜즈
2271	/제품/유아,임산부용품/유아용품/기저귀군/수영장기저귀
2272	/제품/유아,임산부용품/유아용품/기저귀군/천기저귀
2273	/제품/유아,임산부용품/유아용품/기저귀군/천기저귀/세트
1790	/제품/자동차용품/차량용전자제품/차량용전자제품군/DMB내비게이션
2274	/제품/유아,임산부용품/유아용품/기저귀군/천기저귀/천기저귀
2275	/제품/유아,임산부용품/유아용품/기저귀군/천기저귀/커버
1792	/제품/자동차용품/차량용전자제품/차량용전자제품군/내비게이션액세서리/거치대
2276	/제품/유아,임산부용품/유아용품/기저귀군/친환경기저귀
1791	/제품/자동차용품/차량용전자제품/차량용전자제품군/내비게이션액세서리
1779	/제품/의류,잡화/의류/의류군/티셔츠/민소매,탑
1773	/제품/의류,잡화/의류/의류군/청바지,데님/일자 진
2279	/제품/유아,임산부용품/유아용품/기저귀군/친환경기저귀/몰텍스
1774	/제품/의류,잡화/의류/의류군/청바지,데님/청자켓,베스트
2278	/제품/유아,임산부용품/유아용품/기저귀군/친환경기저귀/덕키즈
1771	/제품/의류,잡화/의류/의류군/청바지,데님/부츠컷,나팔 진
2277	/제품/유아,임산부용품/유아용품/기저귀군/친환경기저귀/네띠
1772	/제품/의류,잡화/의류/의류군/청바지,데님/스키니 진
1777	/제품/의류,잡화/의류/의류군/트레이닝복/트레이닝복 세트
1778	/제품/의류,잡화/의류/의류군/트레이닝복/트레이닝복 하의
1775	/제품/의류,잡화/의류/의류군/트레이닝복
1776	/제품/의류,잡화/의류/의류군/트레이닝복/트레이닝복 상의
2282	/제품/유아,임산부용품/유아용품/기저귀군/친환경기저귀/세븐스제너레이션
2283	/제품/유아,임산부용품/유아용품/기저귀군/친환경기저귀/앙프,무미
2280	/제품/유아,임산부용품/유아용품/기저귀군/친환경기저귀/밤보네이춰
899	/제품/의류,잡화/잡화/지갑가방군/에버라스트/스포츠가방
2281	/제품/유아,임산부용품/유아용품/기저귀군/친환경기저귀/베이비참,기타
2286	/제품/유아,임산부용품/유아용품/기저귀군/친환경기저귀/에티튜드
1781	/제품/의류,잡화/의류/의류군/남성한복
2287	/제품/유아,임산부용품/유아용품/기저귀군/팸퍼스,기타브랜드
1780	/제품/의류,잡화/의류/의류군/티셔츠/카라,터틀,후드
2284	/제품/유아,임산부용품/유아용품/기저귀군/친환경기저귀/얼스베스트
2285	/제품/유아,임산부용품/유아용품/기저귀군/친환경기저귀/에코 제네시스
893	/제품/의류,잡화/잡화/지갑가방군/아식스/스포츠가방
894	/제품/의류,잡화/의류/스포츠의류군/아식스
891	/제품/의류,잡화/의류/스포츠의류군/아디다스/하의
892	/제품/의류,잡화/잡화/지갑가방군/아식스
897	/제품/의류,잡화/잡화/신발군/아식스/운동화
898	/제품/의류,잡화/잡화/지갑가방군/에버라스트
895	/제품/의류,잡화/의류/스포츠의류군/아식스/스포츠의류
896	/제품/의류,잡화/잡화/신발군/아식스
2811	/제품/가전제품/휴대용기기/휴대용기기군액세서리/도킹스피커
1765	/제품/의류,잡화/의류/의류군/셔츠,남방/블라우스
2812	/제품/가전제품/휴대용기기/휴대용기기군액세서리/아이팟 액세서리
1764	/제품/의류,잡화/의류/의류군/바지/크롭,반바지
1767	/제품/의류,잡화/의류/의류군/원피스,스커트/원피스
2810	/제품/가전제품/휴대용기기/휴대용기기군액세서리/공용 액세서리/홀더(거치대)
1766	/제품/의류,잡화/의류/의류군/원피스,스커트/스커트
1761	/제품/의류,잡화/의류/의류군/니트,가디건,조끼/패딩조끼
1760	/제품/의류,잡화/의류/의류군/니트,가디건,조끼/카라,터틀,후드
1763	/제품/의류,잡화/의류/의류군/바지/면,카고바지
1762	/제품/의류,잡화/의류/의류군/바지/골덴,모직바지
2819	/제품/가전제품/휴대용기기/휴대용기기군액세서리/아이폰 액세서리
195	/제품/의료,건강용품/건강용품
194	/제품/의료,건강용품
2817	/제품/가전제품/휴대용기기/휴대용기기군액세서리/아이패드 액세서리/케이스
197	/제품/의료,건강용품/건강용품/실버재활용품군
2818	/제품/가전제품/휴대용기기/휴대용기기군액세서리/아이패드 액세서리/홀더(거치대)
196	/제품/의료,건강용품/건강용품/생활건강용품군
2815	/제품/가전제품/휴대용기기/휴대용기기군액세서리/아이패드 액세서리
1769	/제품/의류,잡화/의류/의류군/청바지,데님/데님스커트
2816	/제품/가전제품/휴대용기기/휴대용기기군액세서리/아이패드 액세서리/보호필름
1768	/제품/의류,잡화/의류/의류군/청바지,데님
2813	/제품/가전제품/휴대용기기/휴대용기기군액세서리/아이팟 액세서리/보호필름
2814	/제품/가전제품/휴대용기기/휴대용기기군액세서리/아이팟 액세서리/케이스
2401	/제품/유아,임산부용품/임산부용품/임산부의류군/케어용품/스킨케어
2400	/제품/유아,임산부용품/임산부용품/임산부의류군/케어용품/산모방석,쿠션
199	/제품/애완용품
1770	/제품/의류,잡화/의류/의류군/청바지,데님/롤업,반바지
2408	/제품/취미,문구/취미/관측기기군/쌍안경
2407	/제품/취미,문구/취미/관측기기군/망원경
1756	/제품/의류,잡화/의류/의류군/티셔츠/후드티
1755	/제품/의류,잡화/의류/의류군/티셔츠/탑,민소매
2800	/제품/가전제품/휴대용기기/휴대용기기군/휴대폰
1754	/제품/의류,잡화/의류/의류군/티셔츠/브이넥,오프숄더
2801	/제품/가전제품/휴대용기기/휴대용기기군/휴대폰/KT
1753	/제품/의류,잡화/의류/의류군/티셔츠/롱,원피스형
1752	/제품/의류,잡화/의류/의류군/티셔츠/라운드,보우트넥
1751	/제품/의류,잡화/의류/의류군/청바지/반바지,핫팬츠
1750	/제품/의류,잡화/의류/의류군/청바지/롤업,7-9부
2806	/제품/가전제품/휴대용기기/휴대용기기군액세서리/공용 액세서리/젠더,기타
2807	/제품/가전제품/휴대용기기/휴대용기기군액세서리/공용 액세서리/충전기
2808	/제품/가전제품/휴대용기기/휴대용기기군액세서리/공용 액세서리/케이블
2809	/제품/가전제품/휴대용기기/휴대용기기군액세서리/공용 액세서리/터치펜
2802	/제품/가전제품/휴대용기기/휴대용기기군/휴대폰/LG U+
2803	/제품/가전제품/휴대용기기/휴대용기기군/휴대폰/SK텔레콤
1759	/제품/의류,잡화/의류/의류군/니트,가디건,조끼/민소매,조끼
2804	/제품/가전제품/휴대용기기/휴대용기기군액세서리/공용 액세서리
1758	/제품/의류,잡화/의류/의류군/니트,가디건,조끼/라운드,브이넥
2805	/제품/가전제품/휴대용기기/휴대용기기군액세서리/공용 액세서리/배터리팩
1757	/제품/의류,잡화/의류/의류군/니트,가디건,조끼/가디건,볼레로
2414	/제품/취미,문구/취미/상품권,e쿠폰/문화,도서
2413	/제품/취미,문구/취미/상품권,e쿠폰/도넛,커피,아이스크림
2416	/제품/취미,문구/취미/상품권,e쿠폰/스파,테마파크
2415	/제품/취미,문구/취미/상품권,e쿠폰/백화점,홈쇼핑
2410	/제품/취미,문구/취미/보드게임,퍼즐/바둑,장기,체스
2412	/제품/취미,문구/취미/상품권,e쿠폰/구두,패션
2411	/제품/취미,문구/취미/보드게임,퍼즐/보드게임
2418	/제품/취미,문구/취미/상품권,e쿠폰/편의점,피자,패스트푸드
2417	/제품/취미,문구/취미/상품권,e쿠폰/외식,주유
2419	/제품/가전제품/음향가전/전자악기군/건반악기
1741	/제품/의류,잡화/의류/의류군/원피스/쉬폰,레이스,프린트
1740	/제품/의류,잡화/의류/의류군/원피스/비치,맥시,슬립
1743	/제품/의류,잡화/의류/의류군/자켓,점퍼,코트/가죽,모피,무스탕
1742	/제품/의류,잡화/의류/의류군/원피스/캐주얼
1745	/제품/의류,잡화/의류/의류군/자켓,점퍼,코트/숏,미니,볼레로자켓
1744	/제품/의류,잡화/의류/의류군/자켓,점퍼,코트/사파리,야상점퍼
1747	/제품/의류,잡화/의류/의류군/자켓,점퍼,코트/패딩,다운점퍼
1746	/제품/의류,잡화/의류/의류군/자켓,점퍼,코트/집업,후드점퍼
1749	/제품/의류,잡화/의류/의류군/정장,세트/코디세트
1748	/제품/의류,잡화/의류/의류군/정장,세트
1730	/제품/의류,잡화/의류/의류군/스커트/니트
1734	/제품/의류,잡화/의류/의류군/스커트/쉬폰,실크
1733	/제품/의류,잡화/의류/의류군/스커트/벌룬,볼륨
1732	/제품/의류,잡화/의류/의류군/스커트/모직,캐시미어
1731	/제품/의류,잡화/의류/의류군/스커트/데님
1738	/제품/의류,잡화/의류/의류군/원피스/기본,정장
1737	/제품/의류,잡화/의류/의류군/원피스
1736	/제품/의류,잡화/의류/의류군/스커트/플리츠,플레어
1735	/제품/의류,잡화/의류/의류군/스커트/티어드,캉캉
1739	/제품/의류,잡화/의류/의류군/원피스/니트
2334	/제품/유아,임산부용품/유아용품/유아수유용품군/식기,조리기
2335	/제품/유아,임산부용품/유아용품/유아수유용품군/유축기,유두케어
2332	/제품/유아,임산부용품/유아용품/유아수유용품군/수유쿠션
2333	/제품/유아,임산부용품/유아용품/유아수유용품군/수유패드
34	/제품/가전제품/영상가전/카메라군액세서리
2338	/제품/유아,임산부용품/유아용품/유아수유용품군/유축기,유두케어/유축기소품
2339	/제품/유아,임산부용품/유아용품/유아수유용품군/이유용컵
2336	/제품/유아,임산부용품/유아용품/유아수유용품군/유축기,유두케어/유두케어
37	/제품/가전제품/음향가전
2337	/제품/유아,임산부용품/유아용품/유아수유용품군/유축기,유두케어/유축기
43	/제품/가전제품/음향가전/전자악기군
2341	/제품/유아,임산부용품/유아용품/유아수유용품군/젖병
42	/제품/가전제품/음향가전/영상음향케이블군
2340	/제품/유아,임산부용품/유아용품/유아수유용품군/젖꼭지
2329	/제품/유아,임산부용품/유아용품/유아수유용품군/세정솔,세정제/세정솔
2321	/제품/유아,임산부용품/유아용품/유아식품군/파스퇴르/그랑노블
22	/제품/가전제품/계절가전
2322	/제품/유아,임산부용품/유아용품/유아식품군/파스퇴르/명품 유기농
2323	/제품/유아,임산부용품/유아용품/유아식품군/파스퇴르/보석시리즈(트윙클)
24	/제품/가전제품/계절가전/온풍기군
2324	/제품/유아,임산부용품/유아용품/유아식품군/파스퇴르/산양분유
2325	/제품/유아,임산부용품/유아용품/유아식품군/파스퇴르/위드맘
2326	/제품/유아,임산부용품/유아용품/유아수유용품군/기타용품
27	/제품/가전제품/웰빙가전
2327	/제품/유아,임산부용품/유아용품/유아수유용품군/노리개젖꼭지
28	/제품/가전제품/웰빙가전/제조기군
2328	/제품/유아,임산부용품/유아용품/유아수유용품군/세정솔,세정제
29	/제품/가전제품/영상가전
2331	/제품/유아,임산부용품/유아용품/유아수유용품군/소독기,관련용품
2330	/제품/유아,임산부용품/유아용품/유아수유용품군/세정솔,세정제/제균,세정제
2318	/제품/유아,임산부용품/유아용품/유아식품군/일동후디스/프리미엄 후레쉬
2319	/제품/유아,임산부용품/유아용품/유아식품군/특수분유
2316	/제품/유아,임산부용품/유아용품/유아식품군/일동후디스/슈퍼 프리미엄 퀸
17	/제품/가전제품/생활가전/다리미
2317	/제품/유아,임산부용품/유아용품/유아식품군/일동후디스/프리미엄 산양
2314	/제품/유아,임산부용품/유아용품/유아식품군/수입분유
15	/제품/가전제품/생활가전/세탁기군
2315	/제품/유아,임산부용품/유아용품/유아식품군/일동후디스
16	/제품/가전제품/생활가전/청소기군
2312	/제품/유아,임산부용품/유아용품/유아식품군/매일유업/프리미엄,앱솔루트 궁
13	/제품/가전제품/주방가전/전기포트
2313	/제품/유아,임산부용품/유아용품/유아식품군/매일유업/프리미엄,앱솔루트 명작
14	/제품/가전제품/생활가전
2310	/제품/유아,임산부용품/유아용품/유아식품군/매일유업/맘마QT
11	/제품/가전제품/주방가전/커피머신
2311	/제품/유아,임산부용품/유아용품/유아식품군/매일유업/앱솔루트 센서티브
12	/제품/가전제품/주방가전/홈베이킹
2320	/제품/유아,임산부용품/유아용품/유아식품군/파스퇴르
20	/제품/가전제품/생활가전/정수기군
2307	/제품/유아,임산부용품/유아용품/유아식품군/남양유업/아이엠마더
2308	/제품/유아,임산부용품/유아용품/유아식품군/남양유업/프리미엄,임페리얼 XO
2309	/제품/유아,임산부용품/유아용품/유아식품군/매일유업
2303	/제품/유아,임산부용품/유아용품/유아식품군/남양유업
2304	/제품/유아,임산부용품/유아용품/유아식품군/남양유업/마더스 오가닉
2305	/제품/유아,임산부용품/유아용품/유아식품군/남양유업/사이언스
2306	/제품/유아,임산부용품/유아용품/유아식품군/남양유업/아기사랑수
2300	/제품/유아,임산부용품/유아용품/유아수유용품군/세면,구강용품/칫솔,구강용품
2301	/제품/유아,임산부용품/유아용품/유아수유용품군/세면,구강용품/핸드워시
2302	/제품/유아,임산부용품/유아용품/유아수유용품군/욕조
10	/제품/가전제품/주방가전/믹서기군
2379	/제품/유아,임산부용품/유아용품/유아식품군/반고형
2378	/제품/유아,임산부용품/유아용품/유아식품군/레토르트
2377	/제품/유아,임산부용품/유아용품/유아화장품군/파우더
78	/제품/의류,잡화/의류
2376	/제품/유아,임산부용품/유아용품/유아화장품군/크림,기저귀발진
77	/제품/의류,잡화
2381	/제품/유아,임산부용품/유아용품/유아식품군/분말
82	/제품/의류,잡화/잡화
2382	/제품/유아,임산부용품/유아용품/유아식품군/홈메이드
83	/제품/의류,잡화/잡화/신발군
2380	/제품/유아,임산부용품/유아용품/유아식품군/반찬,양념
2385	/제품/유아,임산부용품/임산부용품/임산부의류군/언더웨어/내의,스타킹
2386	/제품/유아,임산부용품/임산부용품/임산부의류군/언더웨어/팬티,브라
2383	/제품/유아,임산부용품/임산부용품/임산부의류군/언더웨어
2384	/제품/유아,임산부용품/임산부용품/임산부의류군/언더웨어/거들,복대
2366	/제품/유아,임산부용품/유아용품/유아화장품군/세탁비누
2365	/제품/유아,임산부용품/유아용품/유아화장품군/섬유유연제
2368	/제품/유아,임산부용품/유아용품/유아화장품군/로션
2367	/제품/유아,임산부용품/유아용품/유아화장품군/세트
2369	/제품/유아,임산부용품/유아용품/유아화장품군/모기퇴치,기타
2370	/제품/유아,임산부용품/유아용품/유아화장품군/바스,샴푸
2371	/제품/유아,임산부용품/유아용품/유아화장품군/비누
2372	/제품/유아,임산부용품/유아용품/유아화장품군/선케어
2373	/제품/유아,임산부용품/유아용품/유아화장품군/세트상품
2374	/제품/유아,임산부용품/유아용품/유아화장품군/아토피케어
2375	/제품/유아,임산부용품/유아용품/유아화장품군/오일
76	/제품/컴퓨터/컴퓨터/컴퓨터군소모품
2359	/제품/유아,임산부용품/유아용품/안전위생용품군/유아용변기
2358	/제품/유아,임산부용품/유아용품/안전위생용품군/안전용품
2357	/제품/유아,임산부용품/유아용품/안전위생용품군/면봉,손톱케어,위생용품
2356	/제품/유아,임산부용품/유아용품/안전위생용품군/구급용품
57	/제품/컴퓨터/OA기기
1699	/제품/의류,잡화/의류/의류군/가디건,조끼,숄
1698	/제품/의류,잡화/의류/의류군/커플언더웨어
1695	/제품/의류,잡화/의류/의류군/여성언더웨어/브래지어
1694	/제품/의류,잡화/의류/의류군/여성언더웨어/브라,팬티세트
1697	/제품/의류,잡화/의류/의류군/여성언더웨어/팬티
1696	/제품/의류,잡화/의류/의류군/여성언더웨어/잠옷,이지웨어
2363	/제품/유아,임산부용품/유아용품/유아식품군/음료,주스
2364	/제품/유아,임산부용품/유아용품/유아화장품군/섬유세제
2361	/제품/유아,임산부용품/유아용품/유아식품군/기타 간식
2362	/제품/유아,임산부용품/유아용품/유아식품군/아기두유
2360	/제품/유아,임산부용품/유아용품/유아식품군/과자
2349	/제품/의류,잡화/잡화/신발군/의류
44	/제품/가전제품/휴대용기기
1298	/제품/식품/농산물/농산물군/야채,채소류/고구마,감자,옥수수
1299	/제품/식품/농산물/농산물군/야채,채소류/기타채소류
2350	/제품/의류,잡화/잡화/신발군/의류/보행기신발
52	/제품/가전제품/휴대용기기/휴대용기기군액세서리
53	/제품/컴퓨터
54	/제품/컴퓨터/컴퓨터
1292	/제품/식품/농산물/농산물군/과일/감귤,한라봉,오렌지
1293	/제품/식품/농산물/농산물군/과일/블루베리,키위,수입과일
1290	/제품/식품/농산물/농산물군/과일
1291	/제품/식품/농산물/농산물군/과일/감,곶감,반건시
1296	/제품/식품/농산물/농산물군/과일/혼합과일,바구니
1297	/제품/식품/농산물/농산물군/야채,채소류
1294	/제품/식품/농산물/농산물군/과일/사과,배
1295	/제품/식품/농산물/농산물군/과일/수박,딸기,계절과일
487	/제품/가구,리빙/가구/가구군/정리함,공간박스/압축팩,정리보
486	/제품/가구,리빙/가구/가구군/정리함,공간박스/서랍형정리함
485	/제품/가구,리빙/가구/가구군/정리함,공간박스/부직포정리함
484	/제품/가구,리빙/가구/가구군/정리함,공간박스/바구니,수납함
489	/제품/가구,리빙/가구/가구군/정리함,공간박스/플라스틱리빙박스
488	/제품/가구,리빙/가구/가구군/정리함,공간박스/종이정리함
482	/제품/가구,리빙/가구/가구군/정리함,공간박스
483	/제품/가구,리빙/가구/가구군/정리함,공간박스/공간박스
480	/제품/가구,리빙/가구/가구군/인테리어소품수납/우산꽂이
481	/제품/가구,리빙/가구/가구군/인테리어소품수납/잡지꽂이
1289	/제품/식품/농산물/농산물군/견과,건과류/호두,아몬드,땅콩
1288	/제품/식품/농산물/농산물군/견과,건과류/밤,잣,대추
1287	/제품/식품/농산물/농산물군/견과,건과류/견과,건과류 기타
1280	/제품/식품/가공식품/인스턴스식품군/게장류
1281	/제품/식품/가공식품/인스턴스식품군/김치
1282	/제품/식품/가공식품/인스턴스식품군/김치/깍두기,기타김치
1283	/제품/식품/가공식품/인스턴스식품군/김치/배추김치
1284	/제품/식품/가공식품/인스턴스식품군/김치/혼합세트
1285	/제품/식품/가공식품/인스턴스식품군/반찬,젓갈
1286	/제품/식품/농산물/농산물군/견과,건과류
474	/제품/가구,리빙/가구/가구군/선반,멀티랙
473	/제품/가구,리빙/가구/가구군/서랍장,수납장/서랍장
476	/제품/가구,리빙/가구/가구군/선반,멀티랙/벽선반
475	/제품/가구,리빙/가구/가구군/선반,멀티랙/멀티랙,웨건
478	/제품/가구,리빙/가구/가구군/신발장
477	/제품/가구,리빙/가구/가구군/선반,멀티랙/수납선반
479	/제품/가구,리빙/가구/가구군/인테리어소품수납
470	/제품/가구,리빙/가구/가구군/서랍장,수납장
471	/제품/가구,리빙/가구/가구군/서랍장,수납장/도어장,틈새수납장
472	/제품/가구,리빙/가구/가구군/서랍장,수납장/라탄수납장
1277	/제품/식품/가공식품/인스턴스식품군/초코렛,사탕,껌/사탕
1276	/제품/식품/가공식품/인스턴스식품군/초코렛,사탕,껌/껌,엿,젤리
1279	/제품/식품/가공식품/인스턴스식품군/팥빙수,아이스크림
1278	/제품/식품/가공식품/인스턴스식품군/초코렛,사탕,껌/초코렛
1274	/제품/식품/가공식품/인스턴스식품군/씨리얼,오트밀
1275	/제품/식품/가공식품/인스턴스식품군/초코렛,사탕,껌
1272	/제품/식품/가공식품/인스턴스식품군/빵,케이크,떡류/떡,영양떡
1273	/제품/식품/가공식품/인스턴스식품군/빵,케이크,떡류/빵,케이크
1270	/제품/식품/가공식품/인스턴스식품군/과자,간식/한과,화과자,전병
1271	/제품/식품/가공식품/인스턴스식품군/빵,케이크,떡류
2788	/제품/가전제품/휴대용기기/휴대용기기군/닌텐도 Wii/닌텐도Wii 게임
2787	/제품/가전제품/휴대용기기/휴대용기기군/닌텐도 Wii
2789	/제품/가전제품/휴대용기기/휴대용기기군/닌텐도 Wii/닌텐도Wii 본체,패키지
2784	/제품/가전제품/휴대용기기/휴대용기기군/닌텐도 DS
2783	/제품/저작물/게임,웹/닌텐도 DS/닌텐도DS 게임
2786	/제품/가전제품/휴대용기기/휴대용기기군/닌텐도 DS/닌텐도DS 주변기기
2785	/제품/가전제품/휴대용기기/휴대용기기군/닌텐도 DS/닌텐도DS 본체,패키지
2790	/제품/가전제품/휴대용기기/휴대용기기군/닌텐도 Wii/닌텐도Wii 주변기기
2791	/제품/저작물/게임,웹/앱/플레이스테이션
2792	/제품/저작물/게임,웹/앱/플레이스테이션/PS게임
2793	/제품/가전제품/휴대용기기/휴대용기기군/플레이스테이션
109	/제품/화장품
105	/제품/식품/건강식품
103	/제품/식품/가공식품
1269	/제품/식품/가공식품/인스턴스식품군/과자,간식/과자,쿠키
2398	/제품/유아,임산부용품/임산부용품/임산부의류군/케어용품
99	/제품/식품/주류
1268	/제품/식품/가공식품/인스턴스식품군/과자,간식/간식류기타
2399	/제품/유아,임산부용품/임산부용품/임산부의류군/케어용품/기타
1267	/제품/식품/가공식품/인스턴스식품군/과자,간식
100	/제품/식품/주류/주류군
1266	/제품/식품/건강식품/건강다이어트식품군/환,분말,한방재료
1265	/제품/식품/건강식품/건강다이어트식품군/클로렐라,초유,기타
98	/제품/식품/음료/음료군
1261	/제품/식품/건강식품/건강다이어트식품군/상황,영지,약용버섯
97	/제품/식품/음료
1262	/제품/식품/건강식품/건강다이어트식품군/어린이영양제
96	/제품/식품/축산물/축산물군
1263	/제품/식품/건강식품/건강다이어트식품군/오메가3,감마리놀렌산
95	/제품/식품/축산물
1264	/제품/식품/건강식품/건강다이어트식품군/칼슘,글루코사민,철분
94	/제품/식품/수산물/수산물군
2392	/제품/유아,임산부용품/임산부용품/임산부의류군/의류/하의
93	/제품/식품/수산물
2391	/제품/유아,임산부용품/임산부용품/임산부의류군/의류/원피스
92	/제품/식품/농산물/농산물군
2390	/제품/유아,임산부용품/임산부용품/임산부의류군/의류/세트
91	/제품/식품/농산물
1260	/제품/식품/건강식품/건강다이어트식품군/비타민
90	/제품/식품
499	/제품/가구,리빙/가구/가구군/옷장,수납장
2799	/제품/가전제품/휴대용기기/휴대용기기군/스마트폰/SK텔레콤
2798	/제품/가전제품/휴대용기기/휴대용기기군/스마트폰/LG U+
2797	/제품/가전제품/휴대용기기/휴대용기기군/스마트폰/KT
496	/제품/가구,리빙/가구/가구군/행거,옷걸이/이동형행거
2796	/제품/가전제품/휴대용기기/휴대용기기군/스마트폰
495	/제품/가구,리빙/가구/가구군/행거,옷걸이/옷걸이,옷커버
2795	/제품/가전제품/휴대용기기/휴대용기기군/플레이스테이션/PS주변기기
2794	/제품/가전제품/휴대용기기/휴대용기기군/플레이스테이션/PS본체,패키지
491	/제품/가구,리빙/가구/가구군/행거,옷걸이/고정형행거
492	/제품/가구,리빙/가구/가구군/행거,옷걸이/수납형행거
493	/제품/가구,리빙/가구/가구군/행거,옷걸이/스탠드옷걸이
494	/제품/가구,리빙/가구/가구군/행거,옷걸이/시스템행거
490	/제품/가구,리빙/가구/가구군/행거,옷걸이
1259	/제품/식품/건강식품/건강다이어트식품군/꿀,프로폴리스/프로폴리스
1258	/제품/식품/건강식품/건강다이어트식품군/꿀,프로폴리스/꿀,꿀세트
2389	/제품/유아,임산부용품/임산부용품/임산부의류군/의류/상의
1255	/제품/식품/건강식품/건강다이어트식품군/건강즙,엑기스/칡,도라지,헛개,기타즙
1254	/제품/식품/건강식품/건강다이어트식품군/건강즙,엑기스/배,양파,마늘즙
2387	/제품/유아,임산부용품/임산부용품/임산부의류군/의류
1257	/제품/식품/건강식품/건강다이어트식품군/꿀,프로폴리스
2388	/제품/유아,임산부용품/임산부용품/임산부의류군/의류/가디건,자켓
1256	/제품/식품/건강식품/건강다이어트식품군/건강즙,엑기스/포도,매실,석류,과일즙
1253	/제품/식품/건강식품/건강다이어트식품군/건강즙,엑기스
1252	/제품/가전제품/욕실가전/전동칫솔군/칫솔살균기
1251	/제품/가전제품/욕실가전/전동칫솔군/전동칫솔,워터픽/충전식 전동칫솔
1250	/제품/가전제품/욕실가전/전동칫솔군/전동칫솔,워터픽/전동칫솔모
1243	/제품/가전제품/욕실가전/비데/비데
1249	/제품/가전제품/욕실가전/전동칫솔군/전동칫솔,워터픽/워터픽
1247	/제품/가전제품/욕실가전/전동칫솔군/전동칫솔,워터픽
1248	/제품/가전제품/욕실가전/전동칫솔군/전동칫솔,워터픽/건전지식 전동칫솔
1240	/제품/가전제품/계절가전/냉방기기군/에어컨/창문형
1242	/제품/가전제품/계절가전/냉방기기군/제습기
1241	/제품/가전제품/계절가전/냉방기기군/에어컨/천장,시스템형
1232	/제품/가전제품/계절가전/냉방기기군/선풍기,냉풍기/타워형
1233	/제품/가전제품/계절가전/냉방기기군/선풍기,냉풍기/탁상용
1234	/제품/가전제품/계절가전/냉방기기군/에어컨
1235	/제품/가전제품/계절가전/냉방기기군/에어컨/냉난방,중대형
1236	/제품/가전제품/계절가전/냉방기기군/에어컨/멀티형
1237	/제품/가전제품/계절가전/냉방기기군/에어컨/벽걸이,액자형
1238	/제품/가전제품/계절가전/냉방기기군/에어컨/스탠드형
1239	/제품/가전제품/계절가전/냉방기기군/에어컨/이동형
1231	/제품/가전제품/계절가전/냉방기기군/선풍기,냉풍기/에어커튼
1230	/제품/가전제품/계절가전/냉방기기군/선풍기,냉풍기/스탠드형
1227	/제품/가전제품/계절가전/냉방기기군/선풍기,냉풍기/냉풍기
1228	/제품/가전제품/계절가전/냉방기기군/선풍기,냉풍기/미니,휴대용
1225	/제품/가전제품/계절가전/냉방기기군/선풍기,냉풍기
1226	/제품/가전제품/계절가전/냉방기기군/선풍기,냉풍기/거실,산업용
1223	/제품/가전제품/생활가전/청소기군/청소기/진공청소기
1224	/제품/가전제품/생활가전/청소기군/청소기/청소기액세서리
1221	/제품/가전제품/생활가전/청소기군/청소기/스팀청소기
1222	/제품/가전제품/생활가전/청소기군/청소기/업소용청소기
1229	/제품/가전제품/계절가전/냉방기기군/선풍기,냉풍기/벽걸이,천장형
1220	/제품/가전제품/생활가전/청소기군/청소기/소형청소기
1214	/제품/가전제품/생활가전/전화기군/전화기/유선전화기
1215	/제품/가전제품/생활가전/전화기군/전화기/인터넷,화상전화기
1216	/제품/가전제품/생활가전/전화기군/전화기/인테리어전화기
1217	/제품/가전제품/생활가전/청소기군/청소기
1210	/제품/가전제품/생활가전/재봉틀군/재봉틀/재봉틀본체
1211	/제품/가전제품/생활가전/전화기군/전화기
1212	/제품/가전제품/생활가전/전화기군/전화기/무선전화기
1213	/제품/가전제품/생활가전/전화기군/전화기/유무선전화기
903	/제품/의류,잡화/잡화/신발군/에버라스트/운동화
906	/제품/의류,잡화/잡화/지갑가방군/오클리
900	/제품/의류,잡화/의류/스포츠의류군/에버라스트
1218	/제품/가전제품/생활가전/청소기군/청소기/로봇청소기
1219	/제품/가전제품/생활가전/청소기군/청소기/살균청소기
902	/제품/의류,잡화/잡화/신발군/에버라스트
901	/제품/의류,잡화/의류/스포츠의류군/에버라스트/스포츠의류
338	/제품/컴퓨터/컴퓨터/컴퓨터군
339	/제품/컴퓨터/OA기기/OA기기군
332	/제품/가전제품/영상가전/디스플레이군
330	/제품/가전제품/계절가전/난방기기군
336	/제품/가전제품/음향가전/음향기기군
337	/제품/가전제품/휴대용기기/휴대용기기군
334	/제품/가전제품/영상가전/카메라렌즈군
335	/제품/가전제품/영상가전/영상촬영기기군
748	/제품/레저,스포츠용품/라켓,구기용품/라켓군/라켓스포츠 용품
747	/제품/레저,스포츠용품/라켓,구기용품/라켓군/라켓스포츠 신발
746	/제품/레저,스포츠용품/라켓,구기용품/라켓군/라켓스포츠 가방
745	/제품/의류,잡화/잡화/신발군/등산화
749	/제품/레저,스포츠용품/라켓,구기용품/라켓군/라켓스포츠 의류,잡화
740	/제품/의류,잡화/의류/등산의류/등산자켓
744	/제품/의류,잡화/의류/등산장갑
743	/제품/의류,잡화/의류/등산잡화
742	/제품/의류,잡화/의류/등산의류/등산하의
741	/제품/의류,잡화/의류/등산의류/등산조끼
341	/제품/의류,잡화/잡화/패션잡화군
342	/제품/의류,잡화/잡화/지갑가방군
345	/제품/식품/가공식품/인스턴스식품군
346	/제품/식품/건강식품/건강다이어트식품군
347	/제품/화장품/화장품/화장품군
348	/제품/자동차/자동차
735	/제품/의류,잡화/의류/등산배낭/배낭
734	/제품/의류,잡화/의류/등산배낭/기타등산가방,커버
737	/제품/의류,잡화/의류/등산의류/기타등산의류
736	/제품/의류,잡화/의류/등산의류
739	/제품/의류,잡화/의류/등산의류/등산상의
738	/제품/의류,잡화/의류/등산의류/등산상,하의
340	/제품/의류,잡화/의류/스포츠의류군
731	/제품/레저,스포츠용품/등산,캠핑용품/등산캠핑용품군/등반용품/아이젠,체인
730	/제품/레저,스포츠용품/등산,캠핑용품/등산캠핑용품군/등반용품/스패츠
733	/제품/의류,잡화/의류/등산배낭
732	/제품/의류,잡화/의류/등산모자
318	/제품/가전제품/생활가전/전화기군
319	/제품/가전제품/생활가전/보플제거기
317	/제품/가전제품/생활가전/재봉틀군
729	/제품/레저,스포츠용품/등산,캠핑용품/등산캠핑용품군/등반용품/스틱,피켈
728	/제품/레저,스포츠용품/등산,캠핑용품/등산캠핑용품군/등반용품/등산용GPS
727	/제품/레저,스포츠용품/등산,캠핑용품/등산캠핑용품군/등반용품/나침반,고도계
726	/제품/레저,스포츠용품/등산,캠핑용품/등산캠핑용품군/등반용품/기타등반용품
725	/제품/레저,스포츠용품/등산,캠핑용품/등산캠핑용품군/등반용품
724	/제품/레저,스포츠용품/낚시용품/낚시장비군/중층,내림낚시/중층,내림낚시대
723	/제품/레저,스포츠용품/낚시용품/낚시장비군/중층,내림낚시
722	/제품/레저,스포츠용품/낚시용품/낚시장비군/바다낚시/바다낚시세트
721	/제품/레저,스포츠용품/낚시용품/낚시장비군/바다낚시/바다낚시릴대
720	/제품/레저,스포츠용품/낚시용품/낚시장비군/바다낚시/바다낚시대
328	/제품/가전제품/계절가전/냉방기기군
323	/제품/가전제품/미용가전
326	/제품/가전제품/미용가전/모발관리기군
709	/제품/의류,잡화/의류/낚시의류,잡화/낚시장갑
320	/제품/가전제품/욕실가전
321	/제품/가전제품/욕실가전/비데
322	/제품/가전제품/욕실가전/전동칫솔군
717	/제품/레저,스포츠용품/낚시용품/낚시장비군/민물낚시/민물낚시릴대
716	/제품/레저,스포츠용품/낚시용품/낚시장비군/민물낚시/민물낚시대
719	/제품/레저,스포츠용품/낚시용품/낚시장비군/바다낚시
718	/제품/레저,스포츠용품/낚시용품/낚시장비군/민물낚시/민물낚시세트
713	/제품/레저,스포츠용품/낚시용품/낚시장비군/루어,플라이낚시/루어,플라이낚시대
712	/제품/레저,스포츠용품/낚시용품/낚시장비군/루어,플라이낚시
715	/제품/레저,스포츠용품/낚시용품/낚시장비군/민물낚시
714	/제품/레저,스포츠용품/낚시용품/낚시장비군/루어,플라이낚시/루어,플라이낚시세트
711	/제품/의류,잡화/의류/낚시의류,잡화/단화,장화,가슴장화
710	/제품/의류,잡화/의류/낚시의류,잡화/낚시조끼
700	/제품/레저,스포츠용품/낚시용품/낚시장비군/낚시소품/뜰채
703	/제품/레저,스포츠용품/낚시용품/낚시장비군/낚시소품/찌,찌소품
704	/제품/레저,스포츠용품/낚시용품/낚시장비군/낚시소품/태클박스
701	/제품/레저,스포츠용품/낚시용품/낚시장비군/낚시소품/미끼용품
702	/제품/레저,스포츠용품/낚시용품/낚시장비군/낚시소품/받침대
707	/제품/의류,잡화/의류/낚시의류,잡화/낚시모자
708	/제품/의류,잡화/의류/낚시의류,잡화/낚시복,우의
705	/제품/의류,잡화/의류/낚시의류,잡화
706	/제품/의류,잡화/의류/낚시의류,잡화/기타잡화
1601	/제품/유아,임산부용품/유아용품/유아캐리어군/아기띠
1602	/제품/유아,임산부용품/유아용품/유아캐리어군/유모차
1600	/제품/유아,임산부용품/유아용품/유아캐리어군/슬링
1609	/제품/유아,임산부용품/유아용품/유아캐리어군/커버,시트,액세서리/장난감
1607	/제품/유아,임산부용품/유아용품/유아캐리어군/커버,시트,액세서리/망토,발커버
1608	/제품/유아,임산부용품/유아용품/유아캐리어군/커버,시트,액세서리/시트,햇빛가리개
1605	/제품/유아,임산부용품/유아용품/유아캐리어군/커버,시트,액세서리
1606	/제품/유아,임산부용품/유아용품/유아캐리어군/커버,시트,액세서리/기타 외출소품
1603	/제품/유아,임산부용품/유아용품/유아캐리어군/카시트
1604	/제품/유아,임산부용품/유아용품/유아캐리어군/캐리어
1204	/제품/가전제품/생활가전/세탁기군/세탁기,건조기/드럼세탁기
1203	/제품/가전제품/생활가전/세탁기군/세탁기,건조기
1206	/제품/가전제품/생활가전/세탁기군/세탁기,건조기/의류건조기
1205	/제품/가전제품/생활가전/세탁기군/세탁기,건조기/신발건조기
1200	/제품/가전제품/생활가전/전화기군/무전기
1202	/제품/가전제품/생활가전/보플제거기/보풀제거기
1201	/제품/가전제품/생활가전/전화기군/무전기/무전기본체
1208	/제품/가전제품/생활가전/세탁기군/세탁기,건조기/탈수기
1207	/제품/가전제품/생활가전/세탁기군/세탁기,건조기/일반세탁기
1209	/제품/가전제품/생활가전/재봉틀군/재봉틀
2749	/제품/가전제품/휴대용기기/휴대용기기군/MP3액세서리
2748	/제품/가전제품/미용가전/모발관리기군/탈모케어/흑채(증모제)
2747	/제품/가전제품/미용가전/모발관리기군/탈모케어/영양공급
2742	/제품/가전제품/미용가전/모발관리기군/영양공급/헤어팩
2741	/제품/가전제품/미용가전/모발관리기군/영양공급/헤어에센스
2740	/제품/가전제품/미용가전/모발관리기군/영양공급/헤어앰플
2746	/제품/가전제품/미용가전/모발관리기군/탈모케어/세트
2745	/제품/가전제품/미용가전/모발관리기군/탈모케어/샴푸
2744	/제품/가전제품/미용가전/모발관리기군/탈모케어/린스,컨디셔너
2743	/제품/가전제품/미용가전/모발관리기군/탈모케어
1626	/제품/의류,잡화/잡화/지갑가방군/가방
1625	/제품/의류,잡화/의류/의류군/한복,테마의류/한복
1628	/제품/의류,잡화/잡화/지갑가방군/가방/책가방,신발주머니
1627	/제품/의류,잡화/잡화/지갑가방군/가방/보조가방,기타
1629	/제품/의류,잡화/잡화/지갑가방군/가방/책가방세트
1620	/제품/의류,잡화/의류/의류군/조끼,가디건
1622	/제품/의류,잡화/의류/의류군/티셔츠
1621	/제품/의류,잡화/의류/의류군/트레이닝,상하복
1624	/제품/의류,잡화/의류/의류군/한복,테마의류/스키,보드복
1623	/제품/의류,잡화/의류/의류군/한복,테마의류
2759	/제품/가전제품/휴대용기기/휴대용기기군/PMP액세서리/맥시안
2758	/제품/가전제품/휴대용기기/휴대용기기군/PMP액세서리/기타
2751	/제품/가전제품/휴대용기기/휴대용기기군/MP3액세서리/민트패드
2750	/제품/가전제품/휴대용기기/휴대용기기군/MP3액세서리/기타
2753	/제품/가전제품/휴대용기기/휴대용기기군/MP3액세서리/아이리버
2752	/제품/가전제품/휴대용기기/휴대용기기군/MP3액세서리/소니
2755	/제품/가전제품/휴대용기기/휴대용기기군/MP3액세서리/코원
2754	/제품/가전제품/휴대용기기/휴대용기기군/MP3액세서리/옙
2757	/제품/가전제품/휴대용기기/휴대용기기군/PMP액세서리
2756	/제품/가전제품/휴대용기기/휴대용기기군/PMP
1617	/제품/의류,잡화/의류/의류군/바지,레깅스
1616	/제품/의류,잡화/의류/의류군/니트,스웨터
1615	/제품/의류,잡화/의류/의류군/내의,속옷,잠옷/팬티,런닝
1614	/제품/의류,잡화/의류/의류군/내의,속옷,잠옷/내의,잠옷
1619	/제품/의류,잡화/의류/의류군/자켓,점퍼,코트
2760	/제품/가전제품/휴대용기기/휴대용기기군/PMP액세서리/빌립
1618	/제품/의류,잡화/의류/의류군/원피스,스커트
1613	/제품/의류,잡화/의류/의류군/내의,속옷,잠옷
1612	/제품/의류,잡화/의류/의류군/남방,블라우스
1611	/제품/유아,임산부용품/유아용품/유아캐리어군/포대기
1610	/제품/유아,임산부용품/유아용품/유아캐리어군/커버,시트,액세서리/커버,모기장
2769	/제품/가전제품/휴대용기기/휴대용기기군/PC게임,조이스틱
2768	/제품/저작물/게임,웹/앱/PC게임,조이스틱/PC게임
2767	/제품/저작물/게임,웹/앱/PC게임,조이스틱
2766	/제품/가전제품/휴대용기기/휴대용기기군/음악전용MP3
2765	/제품/가전제품/휴대용기기/휴대용기기군/동영상MP3
2764	/제품/가전제품/휴대용기기/휴대용기기군/PMP액세서리/코원
2763	/제품/가전제품/휴대용기기/휴대용기기군/PMP액세서리/유팝
2762	/제품/가전제품/휴대용기기/휴대용기기군/PMP액세서리/아이스테이션
2761	/제품/가전제품/휴대용기기/휴대용기기군/PMP액세서리/아이리버
2770	/제품/가전제품/휴대용기기/휴대용기기군/PC게임,조이스틱/조이스틱
2771	/제품/저작물/게임,웹/앱/PC소프트웨어
1648	/제품/의류,잡화/의류/의류군/니트,가디건,조끼/라운드넥,브이넥
1647	/제품/의류,잡화/의류/의류군/니트,가디건,조끼/가디건
1649	/제품/의류,잡화/의류/의류군/니트,가디건,조끼/베스트,조끼
1644	/제품/의류,잡화/의류/의류군/우의,우산,장화
1643	/제품/의류,잡화/의류/의류군/양말,타이즈
1646	/제품/의류,잡화/의류/의류군/니트,가디건,조끼
1645	/제품/의류,잡화/의류/의류군/장갑,목도리,마스크
1640	/제품/의류,잡화/의류/의류군/액세서리,기타잡화/벨트,멜빵
1642	/제품/의류,잡화/의류/의류군/액세서리,기타잡화/헤어액세서리
1641	/제품/의류,잡화/의류/의류군/액세서리,기타잡화/선글라스
2777	/제품/가전제품/휴대용기기/휴대용기기군/XBOX
799	/제품/레저,스포츠용품/스키,보드용품/스키보드용품군/스키,보드잡화/가방,시즌권케이스
2776	/제품/가전제품/휴대용기기/휴대용기기군/PSP/PSP주변기기
798	/제품/레저,스포츠용품/스키,보드용품/스키보드용품군/스키,보드잡화
2779	/제품/가전제품/휴대용기기/휴대용기기군/XBOX/XBOX본체,패키지
797	/제품/레저,스포츠용품/스키,보드용품/스키보드용품군/스키,보드복/하의
2778	/제품/가전제품/휴대용기기/휴대용기기군/XBOX/XBOX게임
796	/제품/레저,스포츠용품/스키,보드용품/스키보드용품군/스키,보드복/상의
2773	/제품/저작물/게임,웹/PSP/PSP게임
795	/제품/레저,스포츠용품/스키,보드용품/스키보드용품군/스키,보드복/상,하의
2772	/제품/저작물/게임,웹/PSP
794	/제품/레저,스포츠용품/스키,보드용품/스키보드용품군/스키,보드복
2775	/제품/가전제품/휴대용기기/휴대용기기군/PSP/PSP본체,패키지
793	/제품/레저,스포츠용품/스키,보드용품/스키보드용품군/스키,보드보호대
2774	/제품/가전제품/휴대용기기/휴대용기기군/PSP
792	/제품/레저,스포츠용품/스키,보드용품/스키보드용품군/스키,보드고글
790	/제품/레저,스포츠용품/스키,보드용품/스키보드용품군/보드장비/보드세트
2780	/제품/가전제품/휴대용기기/휴대용기기군/XBOX/XBOX주변기기
2781	/제품/가전제품/휴대용기기/휴대용기기군/기타 게임기
2782	/제품/저작물/게임,웹/닌텐도 DS
1639	/제품/의류,잡화/의류/의류군/액세서리,기타잡화/기타잡화
1638	/제품/의류,잡화/의류/의류군/액세서리,기타잡화
1637	/제품/의류,잡화/잡화/신발군/신발/운동화
1636	/제품/의류,잡화/잡화/신발군/신발/슬리퍼,실내화
1635	/제품/의류,잡화/잡화/신발군/신발/샌들,아쿠아
1634	/제품/의류,잡화/잡화/신발군/신발/부츠
1633	/제품/의류,잡화/잡화/신발군/신발/구두
1632	/제품/의류,잡화/잡화/신발군/신발
1631	/제품/의류,잡화/의류/의류군/스키,보드 용품
1630	/제품/의류,잡화/의류/의류군/모자
781	/제품/레저,스포츠용품/수영,스쿠버용품/수영스쿠버용품군/여성수영복/비키니
782	/제품/레저,스포츠용품/수영,스쿠버용품/수영스쿠버용품군/여성수영복/원피스
783	/제품/레저,스포츠용품/수영,스쿠버용품/수영스쿠버용품군/웨이크보드용품
784	/제품/레저,스포츠용품/수영,스쿠버용품/수영스쿠버용품군/웨이크보드용품/의류,잡화
2701	/제품/화장품/화장품/화장품군/선밤,선파우더
785	/제품/레저,스포츠용품/수영,스쿠버용품/수영스쿠버용품군/커플수영복
2702	/제품/화장품/화장품/화장품군/선스프레이
786	/제품/레저,스포츠용품/스키,보드용품/스키보드용품군/보드장비
787	/제품/레저,스포츠용품/스키,보드용품/스키보드용품군/보드장비/보드데크
2700	/제품/화장품/화장품/화장품군/선로션
788	/제품/레저,스포츠용품/스키,보드용품/스키보드용품군/보드장비/보드바인딩
2705	/제품/화장품/화장품/화장품군/태닝
789	/제품/레저,스포츠용품/스키,보드용품/스키보드용품군/보드장비/보드부츠
2706	/제품/화장품/화장품/화장품군/각질,필링
2703	/제품/화장품/화장품/화장품군/선크림
2704	/제품/화장품/화장품/화장품군/애프터선
2709	/제품/화장품/화장품/화장품군/클렌징비누
2707	/제품/화장품/화장품/화장품군/립앤아이리무버
1671	/제품/의류,잡화/의류/의류군/정장
2708	/제품/화장품/화장품/화장품군/클렌징로션
1670	/제품/의류,잡화/의류/의류군/자켓,점퍼,코트/하프,롱코트
1661	/제품/의류,잡화/의류/의류군/셔츠,남방/스트라이프,체크,프린트셔츠
1662	/제품/의류,잡화/의류/의류군/자켓,점퍼,코트/가죽,무스탕
1663	/제품/의류,잡화/의류/의류군/자켓,점퍼,코트/골덴,벨벳
1664	/제품/의류,잡화/의류/의류군/자켓,점퍼,코트/사파리,패딩,털점퍼
1665	/제품/의류,잡화/의류/의류군/자켓,점퍼,코트/집업,후드
1666	/제품/의류,잡화/의류/의류군/자켓,점퍼,코트/차이나,노카라자켓
1667	/제품/의류,잡화/의류/의류군/자켓,점퍼,코트/청자켓
1668	/제품/의류,잡화/의류/의류군/자켓,점퍼,코트/카라자켓
1669	/제품/의류,잡화/의류/의류군/자켓,점퍼,코트/트렌치코트
780	/제품/레저,스포츠용품/수영,스쿠버용품/수영스쿠버용품군/여성수영복/비치웨어
772	/제품/레저,스포츠용품/수영,스쿠버용품/수영스쿠버용품군/수영용품/비치타월
773	/제품/레저,스포츠용품/수영,스쿠버용품/수영스쿠버용품군/수영용품/수경
770	/제품/레저,스포츠용품/수영,스쿠버용품/수영스쿠버용품군/수영용품/기타수영용품
771	/제품/레저,스포츠용품/수영,스쿠버용품/수영스쿠버용품군/수영용품/비치가방
2710	/제품/화장품/화장품/화장품군/클렌징세트
776	/제품/레저,스포츠용품/수영,스쿠버용품/수영스쿠버용품군/스킨스쿠버용품
2711	/제품/화장품/화장품/화장품군/클렌징오일
777	/제품/레저,스포츠용품/수영,스쿠버용품/수영스쿠버용품군/아동수영복
2712	/제품/화장품/화장품/화장품군/클렌징젤,워터
774	/제품/레저,스포츠용품/수영,스쿠버용품/수영스쿠버용품군/수영용품/수영모
2713	/제품/화장품/화장품/화장품군/클렌징크림
775	/제품/레저,스포츠용품/수영,스쿠버용품/수영스쿠버용품군/수영용품/튜브
2714	/제품/화장품/화장품/화장품군/클렌징티슈
2715	/제품/화장품/화장품/화장품군/클렌징파우더
2716	/제품/화장품/화장품/화장품군/클렌징폼
778	/제품/레저,스포츠용품/수영,스쿠버용품/수영스쿠버용품군/여성수영복
2717	/제품/화장품/화장품/화장품군/공용향수
779	/제품/레저,스포츠용품/수영,스쿠버용품/수영스쿠버용품군/여성수영복/반신,전신
2718	/제품/화장품/화장품/화장품군/남성향수
1660	/제품/의류,잡화/의류/의류군/셔츠,남방/솔리드셔츠
2719	/제품/화장품/화장품/화장품군/미니어처,리필
1652	/제품/의류,잡화/의류/의류군/바지
1653	/제품/의류,잡화/의류/의류군/바지/골덴바지
1650	/제품/의류,잡화/의류/의류군/니트,가디건,조끼/카라넥
1651	/제품/의류,잡화/의류/의류군/니트,가디건,조끼/터틀,후드
1656	/제품/의류,잡화/의류/의류군/바지/반바지
1657	/제품/의류,잡화/의류/의류군/바지/세미정장바지
1654	/제품/의류,잡화/의류/의류군/바지/면바지
1655	/제품/의류,잡화/의류/의류군/바지/모직바지
1658	/제품/의류,잡화/의류/의류군/바지/카고바지
1659	/제품/의류,잡화/의류/의류군/셔츠,남방
2723	/제품/가전제품/미용가전/모발관리기군/샴푸,린스,트리트먼트/린스,컨디셔너
763	/제품/레저,스포츠용품/수영,스쿠버용품/수영스쿠버용품군/남성수영복
2724	/제품/가전제품/미용가전/모발관리기군/샴푸,린스,트리트먼트/샴푸
764	/제품/레저,스포츠용품/수영,스쿠버용품/수영스쿠버용품군/남성수영복/반신,전신
2721	/제품/화장품/화장품/화장품군/향수세트
765	/제품/레저,스포츠용품/수영,스쿠버용품/수영스쿠버용품군/남성수영복/비치웨어
2722	/제품/가전제품/미용가전/모발관리기군/샴푸,린스,트리트먼트
766	/제품/레저,스포츠용품/수영,스쿠버용품/수영스쿠버용품군/남성수영복/사각
2720	/제품/화장품/화장품/화장품군/여성향수
760	/제품/레저,스포츠용품/라켓,구기용품/라켓군/테니스/테니스공
761	/제품/레저,스포츠용품/라켓,구기용품/라켓군/테니스/테니스라켓
762	/제품/레저,스포츠용품/수영,스쿠버용품/수영스쿠버용품군/고무보트
1691	/제품/의류,잡화/의류/의류군/여성언더웨어/거들,니퍼,올인원
1690	/제품/의류,잡화/의류/의류군/여성언더웨어
2729	/제품/가전제품/미용가전/모발관리기군/스타일링제/무스
1693	/제품/의류,잡화/의류/의류군/여성언더웨어/런닝,캐미솔,슬립
1692	/제품/의류,잡화/의류/의류군/여성언더웨어/내의,내복
2727	/제품/가전제품/미용가전/모발관리기군/스타일링제
767	/제품/레저,스포츠용품/수영,스쿠버용품/수영스쿠버용품군/남성수영복/삼각
2728	/제품/가전제품/미용가전/모발관리기군/스타일링제/글레이즈
768	/제품/레저,스포츠용품/수영,스쿠버용품/수영스쿠버용품군/수영용품
2725	/제품/가전제품/미용가전/모발관리기군/샴푸,린스,트리트먼트/세트
769	/제품/레저,스포츠용품/수영,스쿠버용품/수영스쿠버용품군/수영용품/구명조끼
2726	/제품/가전제품/미용가전/모발관리기군/샴푸,린스,트리트먼트/트리트먼트
1687	/제품/의류,잡화/의류/의류군/남성언더웨어/런닝,내의
1688	/제품/의류,잡화/의류/의류군/남성언더웨어/잠옷,이지웨어
1689	/제품/의류,잡화/의류/의류군/남성언더웨어/팬티
1683	/제품/의류,잡화/의류/의류군/티셔츠/브이넥
1684	/제품/의류,잡화/의류/의류군/티셔츠/카라,터틀넥
1685	/제품/의류,잡화/의류/의류군/티셔츠/후드
1686	/제품/의류,잡화/의류/의류군/남성언더웨어
2732	/제품/가전제품/미용가전/모발관리기군/스타일링제/왁스
754	/제품/레저,스포츠용품/라켓,구기용품/라켓군/스쿼시/스쿼시라켓
2733	/제품/가전제품/미용가전/모발관리기군/스타일링제/헤어젤
755	/제품/레저,스포츠용품/라켓,구기용품/라켓군/탁구
2734	/제품/가전제품/미용가전/모발관리기군/염색,퍼머제
752	/제품/레저,스포츠용품/라켓,구기용품/라켓군/배드민턴/배드민턴셔틀콕
2735	/제품/가전제품/미용가전/모발관리기군/염색,퍼머제/새치커버
753	/제품/레저,스포츠용품/라켓,구기용품/라켓군/스쿼시
750	/제품/레저,스포츠용품/라켓,구기용품/라켓군/배드민턴
751	/제품/레저,스포츠용품/라켓,구기용품/라켓군/배드민턴/배드민턴라켓
2730	/제품/가전제품/미용가전/모발관리기군/스타일링제/세트
2731	/제품/가전제품/미용가전/모발관리기군/스타일링제/스프레이
1682	/제품/의류,잡화/의류/의류군/티셔츠/민소매
1681	/제품/의류,잡화/의류/의류군/티셔츠/라운드넥
1680	/제품/의류,잡화/의류/의류군/청바지/일자
2736	/제품/가전제품/미용가전/모발관리기군/염색,퍼머제/스트레이트,퍼머
758	/제품/레저,스포츠용품/라켓,구기용품/라켓군/탁구/탁구용품
2737	/제품/가전제품/미용가전/모발관리기군/염색,퍼머제/염색제
759	/제품/레저,스포츠용품/라켓,구기용품/라켓군/테니스
2738	/제품/가전제품/미용가전/모발관리기군/영양공급
756	/제품/레저,스포츠용품/라켓,구기용품/라켓군/탁구/탁구공
2739	/제품/가전제품/미용가전/모발관리기군/영양공급/헤어로션,크림
757	/제품/레저,스포츠용품/라켓,구기용품/라켓군/탁구/탁구라켓
1678	/제품/의류,잡화/의류/의류군/청바지/부츠컷,나팔
1679	/제품/의류,잡화/의류/의류군/청바지/스키니
1676	/제품/의류,잡화/의류/의류군/정장/정장조끼
1677	/제품/의류,잡화/의류/의류군/청바지
1674	/제품/의류,잡화/의류/의류군/정장/정장수트
1675	/제품/의류,잡화/의류/의류군/정장/정장자켓
1672	/제품/의류,잡화/의류/의류군/정장/드레스셔츠
1673	/제품/의류,잡화/의류/의류군/정장/정장바지
1196	/제품/가전제품/생활가전/다리미/다리미
1195	/제품/가전제품/계절가전/냉방기기군/공기청정기/환풍기
1198	/제품/가전제품/생활가전/다리미/다리미/스팀다리미
1197	/제품/가전제품/생활가전/다리미/다리미/건식다리미
1192	/제품/가전제품/계절가전/냉방기기군/공기청정기/산소발생기
1191	/제품/가전제품/계절가전/냉방기기군/공기청정기/산림욕기
1194	/제품/가전제품/계절가전/냉방기기군/공기청정기/일반공기청정기
1193	/제품/가전제품/계절가전/냉방기기군/공기청정기/소형 공기청정기
1578	/제품/유아,임산부용품/유아용품/완구군/신생아완구/모빌
1577	/제품/유아,임산부용품/유아용품/완구군/신생아완구/딸랑이,치아발육기
1190	/제품/가전제품/계절가전/냉방기기군/공기청정기/가습공기청정기
1579	/제품/유아,임산부용품/유아용품/완구군/신생아완구/보행기,쏘서
1574	/제품/유아,임산부용품/유아용품/완구군/승용완구/자전거
1573	/제품/유아,임산부용품/유아용품/완구군/승용완구/씽씽이,콩콩이
1576	/제품/유아,임산부용품/유아용품/완구군/신생아완구
1575	/제품/유아,임산부용품/유아용품/완구군/승용완구/전동자동차,오토바이
1580	/제품/유아,임산부용품/유아용품/완구군/신생아완구/아기걸음마
1581	/제품/유아,임산부용품/유아용품/완구군/신생아완구/아기체육관,플레이매트
1582	/제품/유아,임산부용품/유아용품/완구군/신생아완구/오뚝이
1583	/제품/유아,임산부용품/유아용품/완구군/완구세트
1188	/제품/가전제품/미용가전/모발관리기군/헤어관리/헤어컬
1189	/제품/가전제품/계절가전/냉방기기군/공기청정기
1187	/제품/가전제품/미용가전/모발관리기군/헤어관리/헤어캡
1186	/제품/가전제품/미용가전/모발관리기군/헤어관리/헤어스트레이터
1185	/제품/가전제품/미용가전/모발관리기군/헤어관리/헤어롤
1184	/제품/가전제품/미용가전/모발관리기군/헤어관리/헤어드라이어
1183	/제품/가전제품/미용가전/모발관리기군/헤어관리/탈모방지용품
1182	/제품/가전제품/미용가전/모발관리기군/헤어관리/이발기소품
1181	/제품/가전제품/미용가전/모발관리기군/헤어관리/이발기
1180	/제품/가전제품/미용가전/모발관리기군/헤어관리/고데기
1589	/제품/유아,임산부용품/유아용품/완구군/지능발달완구/퍼즐
1588	/제품/유아,임산부용품/유아용품/완구군/지능발달완구/자극,촉각놀이
1587	/제품/유아,임산부용품/유아용품/완구군/지능발달완구/쌓기,도미노
1586	/제품/유아,임산부용품/유아용품/완구군/지능발달완구/맞추기,끼우기
1585	/제품/유아,임산부용품/유아용품/완구군/지능발달완구/롤러코스터
1584	/제품/유아,임산부용품/유아용품/완구군/지능발달완구
1593	/제품/유아,임산부용품/유아용품/완구군/학습,교육완구/과학,자석놀이
1594	/제품/유아,임산부용품/유아용품/완구군/학습,교육완구/미술,점토
1591	/제품/유아,임산부용품/유아용품/완구군/학습,교육완구
1592	/제품/유아,임산부용품/유아용품/완구군/학습,교육완구/가베,은물
1590	/제품/유아,임산부용품/유아용품/완구군/지능발달완구/헝겊,부직포완구
1179	/제품/가전제품/미용가전/모발관리기군/헤어관리
1178	/제품/가전제품/미용가전/피부,얼굴관리1
1596	/제품/유아,임산부용품/유아용품/완구군/학습,교육완구/음악,악기
1595	/제품/유아,임산부용품/유아용품/완구군/학습,교육완구/보드,이젤
1598	/제품/유아,임산부용품/유아용품/완구군/학습,교육완구/한글,영어,숫자학습
1597	/제품/유아,임산부용품/유아용품/완구군/학습,교육완구/컴퓨터,학습기
1599	/제품/유아,임산부용품/유아용품/유아캐리어군/기저귀가방
2683	/제품/화장품/화장품/화장품군/립메이크업/립글로스
2682	/제품/화장품/화장품/화장품군/립메이크업
2681	/제품/화장품/화장품/화장품군/네일메이크업
2680	/제품/화장품/화장품/화장품군/팩트파우더
2679	/제품/화장품/화장품/화장품군/파운데이션
2677	/제품/화장품/화장품/화장품군/스킨커버,컨실러
2678	/제품/화장품/화장품/화장품군/트윈케이크
2675	/제품/화장품/화장품/화장품군/메이크업베이스
2676	/제품/화장품/화장품/화장품군/비비크림
2673	/제품/화장품/화장품/화장품군/풋,핸드케어
2674	/제품/화장품/화장품/화장품군/루스파우더
2670	/제품/화장품/화장품/화장품군/아로마오일
2672	/제품/화장품/화장품/화장품군/청결제
2671	/제품/화장품/화장품/화장품군/제모제
2666	/제품/화장품/화장품/화장품군/바디클렌저
2667	/제품/화장품/화장품/화장품군/샤워코롱,미스트
2668	/제품/화장품/화장품/화장품군/솔트,입욕제
2669	/제품/화장품/화장품/화장품군/슬리밍
2662	/제품/화장품/화장품/화장품군/바디세트
2663	/제품/화장품/화장품/화장품군/바디스크럽
2664	/제품/화장품/화장품/화장품군/바디오일
2665	/제품/화장품/화장품/화장품군/바디크림
2697	/제품/화장품/화장품/화장품군/아이메이크업/아이브로우
2698	/제품/화장품/화장품/화장품군/아이메이크업/아이섀도
2695	/제품/화장품/화장품/화장품군/아이메이크업/속눈썹영양제
2696	/제품/화장품/화장품/화장품군/아이메이크업/아이라이너
2699	/제품/화장품/화장품/화장품군/아이메이크업/아이컨실러
2690	/제품/화장품/화장품/화장품군/색조세트
2692	/제품/화장품/화장품/화장품군/색조세트/팔레트,키트
2691	/제품/화장품/화장품/화장품군/색조세트/기획,선물세트
2694	/제품/화장품/화장품/화장품군/아이메이크업/마스카라
2693	/제품/화장품/화장품/화장품군/아이메이크업
2684	/제품/화장품/화장품/화장품군/립메이크업/립기타
2685	/제품/화장품/화장품/화장품군/립메이크업/립라이너
2686	/제품/화장품/화장품/화장품군/립메이크업/립스틱
2687	/제품/화장품/화장품/화장품군/립메이크업/립에센스,밤
2688	/제품/화장품/화장품/화장품군/립메이크업/립틴트
2689	/제품/화장품/화장품/화장품군/볼터치,하이라이터
1108	/제품/컴퓨터/OA기기/OA기기군/복합기/디지털복합기
1109	/제품/컴퓨터/OA기기/OA기기군/복합기/레이저복합기
1106	/제품/컴퓨터/OA기기/OA기기군/복사기
1107	/제품/컴퓨터/OA기기/OA기기군/복합기
1104	/제품/컴퓨터/OA기기/OA기기군/토너/캐논
1105	/제품/컴퓨터/OA기기/OA기기군/토너/후지제록스
1102	/제품/컴퓨터/OA기기/OA기기군/토너/신도리코
1103	/제품/컴퓨터/OA기기/OA기기군/토너/엡손
1100	/제품/컴퓨터/OA기기/OA기기군/토너/기타토너
1101	/제품/컴퓨터/OA기기/OA기기군/토너/삼성
1110	/제품/컴퓨터/OA기기/OA기기군/복합기/잉크젯복합기
1124	/제품/의료,건강용품/건강용품/치료기군/물리치료기/저주파치료기
1125	/제품/의료,건강용품/건강용품/치료기군/물리치료기/적외선치료기
1122	/제품/의료,건강용품/건강용품/측정기군/기타건강측정/온도,습도계
1123	/제품/의료,건강용품/건강용품/치료기군/물리치료기
1128	/제품/의료,건강용품/건강용품/생활건강용품군/생활건강/네블라이져
1129	/제품/의료,건강용품/건강용품/생활건강용품군/생활건강/렌즈세정액
1126	/제품/의료,건강용품/건강용품/치료기군/물리치료기/찜질기
1127	/제품/의료,건강용품/건강용품/생활건강용품군/생활건강
1132	/제품/의료,건강용품/건강용품/생활건강용품군/생활건강/좌욕,좌훈기
1131	/제품/의료,건강용품/건강용품/생활건강용품군/생활건강/손소독기
1130	/제품/의료,건강용품/건강용품/생활건강용품군/생활건강/렌즈세척기
1119	/제품/컴퓨터/OA기기/OA기기군/프린터/흑백레이저프린터
391	/제품/취미,문구/문구/사무기기군
390	/제품/취미,문구/문구/문구군
393	/제품/취미,문구/취미
392	/제품/취미,문구/문구/일반사무용품
395	/제품/취미,문구/취미/수공예품군
394	/제품/취미,문구/취미/악기군
1111	/제품/컴퓨터/OA기기/OA기기군/스캐너
1112	/제품/컴퓨터/OA기기/OA기기군/프린터
1113	/제품/컴퓨터/OA기기/OA기기군/프린터/도트프린터
1114	/제품/컴퓨터/OA기기/OA기기군/프린터/라벨프린터
1115	/제품/컴퓨터/OA기기/OA기기군/프린터/잉크젯프린터
1116	/제품/컴퓨터/OA기기/OA기기군/프린터/컬러레이저프린터
1117	/제품/컴퓨터/OA기기/OA기기군/프린터/포토프린터
1118	/제품/컴퓨터/OA기기/OA기기군/프린터/플로터
1121	/제품/의료,건강용품/건강용품/측정기군/기타건강측정/기타측정기
1120	/제품/의료,건강용품/건강용품/측정기군/기타건강측정
396	/제품/취미,문구/취미/관측기기군
397	/제품/취미,문구/취미/보드게임,퍼즐
398	/제품/취미,문구/취미/상품권,e쿠폰
399	/제품/취미,문구/취미/유무선조종기기
1149	/제품/가전제품/계절가전/냉방기기군/가습기/가열식
1148	/제품/가전제품/계절가전/냉방기기군/가습기
1147	/제품/의료,건강용품/건강용품/측정기군/혈압,혈당측정/혈압계
1146	/제품/의료,건강용품/건강용품/측정기군/혈압,혈당측정
1145	/제품/의료,건강용품/건강용품/생활건강용품군/혈압,혈당측정/혈당측정지
1144	/제품/의료,건강용품/건강용품/생활건강용품군/혈압,혈당측정/혈당측정기
383	/제품/유아,임산부용품/유아용품/유아수유용품군
384	/제품/유아,임산부용품/유아용품/유아화장품군
381	/제품/유아,임산부용품/유아용품/유아식품군
382	/제품/유아,임산부용품/유아용품/유아캐리어군
380	/제품/유아,임산부용품/유아용품/안전위생용품군
389	/제품/취미,문구/문구
388	/제품/취미,문구
387	/제품/애완용품/애완용품군/수족관용품군
386	/제품/의료,건강용품/건강용품/치료기군
385	/제품/의료,건강용품/건강용품/측정기군
1153	/제품/가전제품/계절가전/온풍기군/난방기기
1154	/제품/가전제품/계절가전/온풍기군/난방기기/가스히터
1151	/제품/가전제품/계절가전/냉방기기군/가습기/자연식
1152	/제품/가전제품/계절가전/냉방기기군/가습기/초음파식
1150	/제품/가전제품/계절가전/냉방기기군/가습기/복합식
1138	/제품/의료,건강용품/건강용품/측정기군/체온계
1137	/제품/의료,건강용품/건강용품/치료기군/안마기,안마의자/안마의자
1139	/제품/의료,건강용품/건강용품/측정기군/체중,신장측정
1134	/제품/가전제품/미용가전/생활건강/핸드드라이어
1133	/제품/가전제품/미용가전/생활건강
1136	/제품/의료,건강용품/건강용품/치료기군/안마기,안마의자/안마기
1135	/제품/의료,건강용품/건강용품/치료기군/안마기,안마의자
370	/제품/레저,스포츠용품/자전거,용품/자전거및용품군
371	/제품/레저,스포츠용품/헬스,다이어트/헬스기구및용품군
372	/제품/레저,스포츠용품/바이크,용품
379	/제품/유아,임산부용품/임산부용품/임산부의류군
377	/제품/레저,스포츠용품/바이크,용품/바이크및용품군
1140	/제품/의료,건강용품/건강용품/측정기군/체중,신장측정/신장계
1141	/제품/의료,건강용품/건강용품/측정기군/체중,신장측정/체중,체지방계
1142	/제품/의료,건강용품/건강용품/생활건강용품군/혈압,혈당측정
1143	/제품/의료,건강용품/건강용품/생활건강용품군/혈압,혈당측정/기타당뇨용품
1169	/제품/가전제품/미용가전/모발관리기군/면도,제모관리/남성용면도기
1168	/제품/가전제품/미용가전/모발관리기군/면도,제모관리
1167	/제품/가전제품/계절가전/난방기기군/전기매트/황토,옥매트
1166	/제품/가전제품/계절가전/난방기기군/전기매트/전기장판,전기요
361	/제품/자동차용품/차량용안전용품/차량용안전용품군
366	/제품/레저,스포츠용품/등산,캠핑용품/등산캠핑용품군
365	/제품/레저,스포츠용품/골프용품/골프용품군
364	/제품/자동차용품/타이어군/타이어휠군
363	/제품/자동차용품/차량용관리용품/차량용관리용품군
369	/제품/레저,스포츠용품/스키,보드용품/스키보드용품군
368	/제품/레저,스포츠용품/수영,스쿠버용품/수영스쿠버용품군
1171	/제품/가전제품/미용가전/모발관리기군/면도,제모관리/여성용면도기
1172	/제품/가전제품/미용가전/모발관리기군/면도,제모관리/코털정리기
1170	/제품/가전제품/미용가전/모발관리기군/면도,제모관리/면도기소품
1175	/제품/의료,건강용품/건강용품/치료기군/손,발관리/족욕,족온기
1173	/제품/의료,건강용품/건강용품/치료기군/손,발관리
1174	/제품/의료,건강용품/건강용품/치료기군/손,발관리/발마사지기
1156	/제품/가전제품/계절가전/온풍기군/난방기기/보일러
1155	/제품/가전제품/계절가전/온풍기군/난방기기/라디에이터
1158	/제품/가전제품/계절가전/온풍기군/난방기기/열풍기,돈풍기,컨벡터
1157	/제품/가전제품/계절가전/온풍기군/난방기기/석유히터
1159	/제품/가전제품/계절가전/온풍기군/난방기기/온풍기
357	/제품/자동차/자동차/자동차군
358	/제품/자동차용품/차량용전자제품/차량용전자제품군
1160	/제품/가전제품/계절가전/온풍기군/난방기기/전기히터
1161	/제품/가전제품/계절가전/온풍기군/난방기기/화목난로
1162	/제품/가전제품/계절가전/난방기기군/전기매트
1163	/제품/가전제품/계절가전/난방기기군/전기매트/모노륨,카페트매트
1164	/제품/가전제품/계절가전/난방기기군/전기매트/온수매트
1165	/제품/가전제품/계절가전/난방기기군/전기매트/전기방석,USB난방기구
2008	/제품/가구,리빙/리빙/주방욕실청소용품군/빨래삶통
2009	/제품/가구,리빙/리빙/주방욕실청소용품군/청소도구
2006	/제품/가구,리빙/리빙/주방욕실청소용품군/빨래건조대
2007	/제품/가구,리빙/리빙/주방욕실청소용품군/빨래바구니,빨래판,세탁망
2004	/제품/가구,리빙/리빙/주방욕실청소용품군/다리미판
2005	/제품/가구,리빙/리빙/주방욕실청소용품군/밀대청소기
2002	/제품/가구,리빙/리빙/세면세정용품군/세탁세제/표백제,얼룩제거제
2003	/제품/가구,리빙/리빙/세면세정용품군/주방세제
601	/제품/가구,리빙/인테리어/인테리어군/쿠션,방석,슬리퍼
600	/제품/가구,리빙/인테리어/인테리어군/커튼,로만,블라인드/커튼
2012	/제품/가구,리빙/리빙/주방욕실청소용품군/청소도구/빗자루,쓰레받이,털이
609	/제품/의료,건강용품/건강용품/생활건강용품군/반신욕용품
2011	/제품/가구,리빙/리빙/주방욕실청소용품군/청소도구/매직블럭,티슈크리너
608	/제품/의료,건강용품/건강용품/생활건강용품군/기타생활건강용품
2010	/제품/가구,리빙/리빙/주방욕실청소용품군/청소도구/기타청소용품
607	/제품/의료,건강용품/건강용품/생활건강용품군/건강마스크
606	/제품/의료,건강용품/건강용품/치료기군/보호대
605	/제품/가구,리빙/인테리어/인테리어군/쿠션,방석,슬리퍼/쿠션,대쿠션
604	/제품/가구,리빙/인테리어/인테리어군/쿠션,방석,슬리퍼/쿠션+방석세트
603	/제품/가구,리빙/인테리어/인테리어군/쿠션,방석,슬리퍼/슬리퍼
602	/제품/가구,리빙/인테리어/인테리어군/쿠션,방석,슬리퍼/방석
2017	/제품/가구,리빙/리빙/주방욕실청소용품군/휴지통,음식물쓰레기통/음식물쓰레기통
202	/제품/애완용품/애완용품군/애완소품군
2018	/제품/가구,리빙/리빙/주방욕실청소용품군/휴지통,음식물쓰레기통/휴지통
203	/제품/가구,리빙
2019	/제품/가구,리빙/리빙/제기,제수용품군/교자상
204	/제품/가구,리빙/가구
2013	/제품/가구,리빙/리빙/주방욕실청소용품군/청소도구/유리닦이
2014	/제품/가구,리빙/리빙/주방욕실청소용품군/청소도구/테이프크리너,리필
2015	/제품/가구,리빙/리빙/주방욕실청소용품군/휴지통,음식물쓰레기통
200	/제품/애완용품/애완용품군
2016	/제품/가구,리빙/리빙/주방욕실청소용품군/휴지통,음식물쓰레기통/분리수거함
201	/제품/애완용품/애완용품군/사료군
2021	/제품/가구,리빙/리빙/제기,제수용품군/제기세트
2020	/제품/가구,리빙/리빙/제기,제수용품군/병풍,돗자리
2023	/제품/가구,리빙/리빙/주방욕실청소용품군/상,쟁반
2022	/제품/가구,리빙/리빙/제기,제수용품군/제기함
212	/제품/가구,리빙/인테리어
219	/제품/저작물/공연,행사
218	/제품/저작물
623	/제품/의료,건강용품/건강용품/생활건강용품군/한방뜸
622	/제품/의료,건강용품/건강용품/생활건강용품군/부항기
621	/제품/의료,건강용품/건강용품/실버재활용품군/보행,이동보조/휠체어
620	/제품/의료,건강용품/건강용품/실버재활용품군/보행,이동보조/실버카,전동스쿠터
627	/제품/컴퓨터/컴퓨터/컴퓨터군소모품/주변기기,액세서리
626	/제품/가전제품/휴대용기기/휴대용기기군/스마트 패드
625	/제품/컴퓨터/컴퓨터/컴퓨터군/노트북
624	/제품/컴퓨터/컴퓨터/컴퓨터군/넷북
629	/제품/컴퓨터/컴퓨터/컴퓨터군소모품/주변기기,액세서리/노트북가방
628	/제품/컴퓨터/컴퓨터/컴퓨터군소모품/주변기기,액세서리/갤럭시탭액세서리
220	/제품/저작물/공연,행사/연극
221	/제품/저작물/음반
222	/제품/저작물/음반/음반
223	/제품/저작물/도서
224	/제품/저작물/도서/도서
225	/제품/저작물/게임,웹
226	/제품/저작물/게임,웹/앱
227	/제품/저작물/영화
228	/제품/저작물/영화/영화
610	/제품/의료,건강용품/건강용품/생활건강용품군/체형교정기
616	/제품/의료,건강용품/건강용품/실버재활용품군/배변보조
618	/제품/의료,건강용품/건강용품/실버재활용품군/보행,이동보조
617	/제품/의료,건강용품/건강용품/실버재활용품군/배변보조/요실금,성인기저귀
2001	/제품/가구,리빙/리빙/세면세정용품군/세탁세제/일반세탁세제
2000	/제품/가구,리빙/리빙/세면세정용품군/세탁세제/울,속옷,드라이세제
619	/제품/의료,건강용품/건강용품/실버재활용품군/보행,이동보조/보행보조기
2647	/제품/화장품/화장품/화장품군/남성기초
687	/제품/레저,스포츠용품/라켓,구기용품/구기군/야구/야구용품
2646	/제품/화장품/화장품/화장품군/기능성
686	/제품/레저,스포츠용품/라켓,구기용품/구기군/야구/야구배트
2645	/제품/화장품/화장품/화장품군/크림
2092	/제품/가구,리빙/리빙/주방욕실청소용품군/공기,대접,접시
689	/제품/레저,스포츠용품/라켓,구기용품/구기군/야구/야구화
2644	/제품/화장품/화장품/화장품군/에센스
688	/제품/레저,스포츠용품/라켓,구기용품/구기군/야구/야구헬멧
2643	/제품/화장품/화장품/화장품군/스킨
683	/제품/레저,스포츠용품/라켓,구기용품/구기군/야구
2642	/제품/화장품/화장품/화장품군/미스트
682	/제품/레저,스포츠용품/라켓,구기용품/구기군/배구/배구공
2641	/제품/화장품/화장품/화장품군/로션
685	/제품/레저,스포츠용품/라켓,구기용품/구기군/야구/야구글러브
2640	/제품/화장품/화장품/화장품군/기초세트
684	/제품/레저,스포츠용품/라켓,구기용품/구기군/야구/야구공
2098	/제품/가구,리빙/리빙/주방욕실청소용품군/수저,포크/수저통
2097	/제품/가구,리빙/리빙/주방욕실청소용품군/수저,포크/수저
2099	/제품/가구,리빙/리빙/주방욕실청소용품군/수저,포크/양식기
2094	/제품/가구,리빙/리빙/주방욕실청소용품군/공기,대접,접시/접시
2093	/제품/가구,리빙/리빙/주방욕실청소용품군/공기,대접,접시/공기,대접,면기
2649	/제품/화장품/화장품/화장품군/메이크업
2096	/제품/가구,리빙/리빙/주방욕실청소용품군/수저,포크
2648	/제품/화장품/화장품/화장품군/남성세트
2095	/제품/가구,리빙/리빙/주방욕실청소용품군/공기,대접,접시/찬기,종지
1523	/제품/유아,임산부용품/유아용품/완구군/로보트,자동차,비행기
1522	/제품/유아,임산부용품/유아용품/완구군/놀이완구/주방,소꿉놀이
1525	/제품/유아,임산부용품/유아용품/완구군/로보트,자동차,비행기/비행기
1524	/제품/유아,임산부용품/유아용품/완구군/로보트,자동차,비행기/로보트
1521	/제품/유아,임산부용품/유아용품/완구군/놀이완구/전화기,카메라놀이
1520	/제품/유아,임산부용품/유아용품/완구군/놀이완구/운전,기타놀이
2650	/제품/화장품/화장품/화장품군/바디케어
680	/제품/레저,스포츠용품/라켓,구기용품/구기군/농구/농구공
681	/제품/레저,스포츠용품/라켓,구기용품/구기군/배구
1527	/제품/유아,임산부용품/유아용품/완구군/블록
1526	/제품/유아,임산부용품/유아용품/완구군/로보트,자동차,비행기/자동차
1529	/제품/유아,임산부용품/유아용품/완구군/블록/레고
1528	/제품/유아,임산부용품/유아용품/완구군/블록/기타블록
2656	/제품/화장품/화장품/메이크업소품/브러쉬
678	/제품/레저,스포츠용품/골프용품/골프용품군/연습용품/홀컵
2655	/제품/화장품/화장품/메이크업소품/뷰러1
677	/제품/레저,스포츠용품/골프용품/골프용품군/연습용품/퍼팅연습기
2658	/제품/화장품/화장품/메이크업소품/파우치,기타소품
676	/제품/레저,스포츠용품/골프용품/골프용품군/연습용품/스윙연습기
2657	/제품/화장품/화장품/메이크업소품/스폰지,퍼프
675	/제품/레저,스포츠용품/골프용품/골프용품군/연습용품/골프매트
2652	/제품/가전제품/미용가전/모발관리기군/헤어케어
674	/제품/레저,스포츠용품/골프용품/골프용품군/연습용품/골프네트
2651	/제품/화장품/화장품/화장품군/클렌징,쉐이빙
673	/제품/레저,스포츠용품/골프용품/골프용품군/연습용품/골프교재
2654	/제품/화장품/화장품/메이크업소품/네일,패디
672	/제품/레저,스포츠용품/골프용품/골프용품군/연습용품
2653	/제품/화장품/화장품/메이크업소품/기름종이,화장솜
671	/제품/레저,스포츠용품/골프용품/골프용품군/골프화
2659	/제품/화장품/화장품/화장품군/데오드란트
679	/제품/레저,스포츠용품/라켓,구기용품/구기군/농구
1514	/제품/유아,임산부용품/유아용품/완구군/놀이완구/가게놀이
1513	/제품/유아,임산부용품/유아용품/완구군/놀이완구
1511	/제품/유아,임산부용품/유아용품/완구군/기차/토마스기차
670	/제품/레저,스포츠용품/골프용품/골프용품군/골프클럽/풀세트
2660	/제품/화장품/화장품/화장품군/바디기타
2661	/제품/화장품/화장품/화장품군/바디로션
1519	/제품/유아,임산부용품/유아용품/완구군/놀이완구/스포츠놀이
1518	/제품/유아,임산부용품/유아용품/완구군/놀이완구/뷰티,화장놀이
1517	/제품/유아,임산부용품/유아용품/완구군/놀이완구/병원놀이
1516	/제품/유아,임산부용품/유아용품/완구군/놀이완구/모래,공구놀이
1515	/제품/유아,임산부용품/유아용품/완구군/놀이완구/동물,공룡놀이
2621	/제품/의류,잡화/잡화/지갑가방군/머니클립,키홀더,명함지갑/명함,카드지갑
2620	/제품/의류,잡화/잡화/지갑가방군/머니클립,키홀더,명함지갑/머니클립
2625	/제품/의류,잡화/잡화/지갑가방군/벨트/남성용
2624	/제품/의류,잡화/잡화/지갑가방군/벨트/공용
2623	/제품/의류,잡화/잡화/지갑가방군/벨트
2070	/제품/가구,리빙/리빙/주방욕실청소용품군/저울,계량,타이머/쿠킹타이머
2622	/제품/의류,잡화/잡화/지갑가방군/머니클립,키홀더,명함지갑/키홀더,동전지갑
2629	/제품/의류,잡화/잡화/지갑가방군/여성지갑/장지갑
2072	/제품/가구,리빙/리빙/주방욕실청소용품군/조리도구/건지기,채반
2628	/제품/의류,잡화/잡화/지갑가방군/여성지갑/반지갑
2071	/제품/가구,리빙/리빙/주방욕실청소용품군/조리도구
2627	/제품/의류,잡화/잡화/지갑가방군/여성지갑
2074	/제품/가구,리빙/리빙/주방욕실청소용품군/조리도구/다지기,절구,갈이
2626	/제품/의류,잡화/잡화/지갑가방군/벨트/여성용
2073	/제품/가구,리빙/리빙/주방욕실청소용품군/조리도구/국자,주걱,뒤집개
2076	/제품/가구,리빙/리빙/주방욕실청소용품군/조리도구/야채탈수기,과즙기
2075	/제품/가구,리빙/리빙/주방욕실청소용품군/조리도구/렌지조리용기
2078	/제품/가구,리빙/리빙/주방욕실청소용품군/칼,칼갈이
2077	/제품/가구,리빙/리빙/주방욕실청소용품군/조리도구/키친툴세트
2068	/제품/가구,리빙/리빙/주방욕실청소용품군/저울,계량,타이머/계량컵,온도계
2069	/제품/가구,리빙/리빙/주방욕실청소용품군/저울,계량,타이머/주방저울
1501	/제품/가구,리빙/가구/가구군/범퍼,매트리스
1500	/제품/가구,리빙/가구/가구군/놀이방매트
1503	/제품/가구,리빙/가구/가구군/유아식탁,안전의자
1502	/제품/가구,리빙/가구/가구군/신생아침대
1505	/제품/가구,리빙/가구/가구군/책상,의자
1504	/제품/가구,리빙/가구/가구군/장난감정리함
1507	/제품/유아,임산부용품/유아용품/완구군/기차
1506	/제품/가구,리빙/가구/가구군/흔들침대,바운서
1508	/제품/유아,임산부용품/유아용품/완구군/기차/일반기차
2630	/제품/의류,잡화/잡화/지갑가방군/여성지갑/중지갑
696	/제품/레저,스포츠용품/낚시용품/낚시장비군/낚시소품/낚시가방
695	/제품/레저,스포츠용품/낚시용품/낚시장비군/낚시소품
2632	/제품/화장품/화장품/화장품군/기능성세트
694	/제품/레저,스포츠용품/라켓,구기용품/구기군/축구/프로축구 유니폼,용품
2631	/제품/의류,잡화/잡화/지갑가방군/지갑,벨트세트
693	/제품/레저,스포츠용품/라켓,구기용품/구기군/축구/축구화
2634	/제품/화장품/화장품/화장품군/마사지
2081	/제품/가구,리빙/리빙/주방욕실청소용품군/칼,칼갈이/칼갈이,꽂이
2633	/제품/화장품/화장품/화장품군/링클케어
2080	/제품/가구,리빙/리빙/주방욕실청소용품군/칼,칼갈이/칼,가위
699	/제품/레저,스포츠용품/낚시용품/낚시장비군/낚시소품/낚시줄
2636	/제품/화장품/화장품/화장품군/아이케어
698	/제품/레저,스포츠용품/낚시용품/낚시장비군/낚시소품/낚시바늘
2635	/제품/화장품/화장품/화장품군/모공관리
697	/제품/레저,스포츠용품/낚시용품/낚시장비군/낚시소품/낚시릴
2638	/제품/화장품/화장품/화장품군/팩,마스크
2085	/제품/가구,리빙/리빙/주방욕실청소용품군/홈쿠킹/믹싱볼,거품기
2637	/제품/화장품/화장품/화장품군/트러블케어
2084	/제품/가구,리빙/리빙/주방욕실청소용품군/홈쿠킹/모양,얼음틀
2083	/제품/가구,리빙/리빙/주방욕실청소용품군/홈쿠킹
2639	/제품/화장품/화장품/화장품군/화이트닝
2082	/제품/가구,리빙/리빙/주방욕실청소용품군/칼,칼갈이/칼세트
2086	/제품/가구,리빙/리빙/주방욕실청소용품군/홈쿠킹/제과,제빵도구
2079	/제품/가구,리빙/리빙/주방욕실청소용품군/칼,칼갈이/채칼,감자칼
691	/제품/레저,스포츠용품/라켓,구기용품/구기군/축구
692	/제품/레저,스포츠용품/라켓,구기용품/구기군/축구/축구공
690	/제품/레저,스포츠용품/라켓,구기용품/구기군/야구/프로야구 유니폼,용품
2053	/제품/가구,리빙/리빙/주방욕실청소용품군/와인용품/오프너,스토퍼
1570	/제품/유아,임산부용품/유아용품/완구군/승용완구
2054	/제품/가구,리빙/리빙/주방욕실청소용품군/와인용품/와인,샴페인잔
2608	/제품/의류,잡화/잡화/패션잡화군/유아,아동쥬얼리
2055	/제품/가구,리빙/리빙/주방욕실청소용품군/와인용품/와인랙,잔걸이
1572	/제품/유아,임산부용품/유아용품/완구군/승용완구/승용,지붕차
2609	/제품/의류,잡화/잡화/패션잡화군/쥬얼리세트
2056	/제품/가구,리빙/리빙/주방욕실청소용품군/주전자
1571	/제품/유아,임산부용품/유아용품/완구군/승용완구/스프링,붕붕카
2606	/제품/의류,잡화/잡화/패션잡화군/브로치,코사지
646	/제품/레저,스포츠용품/골프용품/골프용품군/골프소품
2607	/제품/의류,잡화/잡화/패션잡화군/순금
2050	/제품/가구,리빙/리빙/주방욕실청소용품군/물통,물병
647	/제품/레저,스포츠용품/골프용품/골프용품군/골프소품/거리측정기
2604	/제품/의류,잡화/잡화/패션잡화군/목걸이,펜던트
2051	/제품/가구,리빙/리빙/주방욕실청소용품군/와인용품
648	/제품/레저,스포츠용품/골프용품/골프용품군/골프소품/골프소품
2605	/제품/의류,잡화/잡화/패션잡화군/반지
2052	/제품/가구,리빙/리빙/주방욕실청소용품군/와인용품/디켄터,쿨러
649	/제품/레저,스포츠용품/골프용품/골프용품군/골프소품/골프용품세트,선물세트
2602	/제품/의류,잡화/잡화/패션잡화군/귀걸이
642	/제품/의류,잡화/잡화/지갑가방군/골프가방/보스턴백
2603	/제품/의류,잡화/잡화/패션잡화군/남성쥬얼리
643	/제품/의류,잡화/잡화/지갑가방군/골프가방/캐디백
2600	/제품/의류,잡화/잡화/신발군/키높이,컴포트화/컴포트,효도화
644	/제품/의류,잡화/잡화/지갑가방군/골프가방/하프백
2601	/제품/의류,잡화/잡화/신발군/키높이,컴포트화/키높이화
645	/제품/레저,스포츠용품/골프용품/골프용품군/골프공
640	/제품/의류,잡화/잡화/지갑가방군/골프가방/가방세트
641	/제품/의류,잡화/잡화/지갑가방군/골프가방/기타가방
1566	/제품/유아,임산부용품/유아용품/완구군/수영풀,물놀이/물놀이완구
1567	/제품/유아,임산부용품/유아용품/완구군/수영풀,물놀이/보트,매트
1568	/제품/유아,임산부용품/유아용품/완구군/수영풀,물놀이/세트
1569	/제품/유아,임산부용품/유아용품/완구군/수영풀,물놀이/수영풀
2047	/제품/가구,리빙/리빙/주방욕실청소용품군/종이컵,일회용품
1562	/제품/유아,임산부용품/유아용품/완구군/대형완구/시소,흔들말
2046	/제품/가구,리빙/리빙/주방욕실청소용품군/앞치마,주방소품/행주,주방타올
1563	/제품/유아,임산부용품/유아용품/완구군/수영풀,물놀이
2049	/제품/가구,리빙/리빙/주방욕실청소용품군/머그컵
1564	/제품/유아,임산부용품/유아용품/완구군/수영풀,물놀이/물놀이보행기,튜브
2048	/제품/가구,리빙/리빙/주방욕실청소용품군/종이컵,일회용품/일회용품
1565	/제품/유아,임산부용품/유아용품/완구군/수영풀,물놀이/물놀이소품
2619	/제품/의류,잡화/잡화/지갑가방군/머니클립,키홀더,명함지갑
2066	/제품/가구,리빙/리빙/주방욕실청소용품군/도마
1561	/제품/유아,임산부용품/유아용품/완구군/대형완구/볼텐트,볼풀
2067	/제품/가구,리빙/리빙/주방욕실청소용품군/저울,계량,타이머
1560	/제품/유아,임산부용품/유아용품/완구군/대형완구/놀이집
2064	/제품/가구,리빙/리빙/주방욕실청소용품군/컵,주스,술잔/양주,소주잔
639	/제품/의류,잡화/잡화/지갑가방군/골프가방
2065	/제품/가구,리빙/리빙/주방욕실청소용품군/컵,주스,술잔/주스,맥주잔
2615	/제품/의류,잡화/잡화/지갑가방군/남성지갑
2062	/제품/가구,리빙/리빙/주방욕실청소용품군/커피잔,찻잔
637	/제품/컴퓨터/컴퓨터/컴퓨터군/브랜드 PC
2616	/제품/의류,잡화/잡화/지갑가방군/남성지갑/반지갑
2063	/제품/가구,리빙/리빙/주방욕실청소용품군/컵,주스,술잔
638	/제품/컴퓨터/컴퓨터/컴퓨터군/조립 PC
2617	/제품/의류,잡화/잡화/지갑가방군/남성지갑/장지갑
2060	/제품/가구,리빙/리빙/주방욕실청소용품군/커피메이커,티용품/커피액세서리
635	/제품/컴퓨터/컴퓨터/컴퓨터군/넷탑 PC
2618	/제품/의류,잡화/잡화/지갑가방군/남성지갑/중지갑
2061	/제품/가구,리빙/리빙/주방욕실청소용품군/커피메이커,티용품/티포트,티세트
636	/제품/컴퓨터/컴퓨터/컴퓨터군/베어본 PC
2611	/제품/의류,잡화/잡화/패션잡화군/커플쥬얼리/커플링
633	/제품/컴퓨터/컴퓨터/컴퓨터군소모품/주변기기,액세서리/키스킨,보호필름,케이스
2612	/제품/의류,잡화/잡화/패션잡화군/커플쥬얼리/커플목걸이
634	/제품/가전제품/휴대용기기/휴대용기기군/타블렛 PC
2613	/제품/의류,잡화/잡화/패션잡화군/팔찌,발찌
631	/제품/컴퓨터/컴퓨터/컴퓨터군소모품/주변기기,액세서리/받침대,쿨러,도킹
2614	/제품/의류,잡화/잡화/패션잡화군/헤어액세서리
632	/제품/컴퓨터/컴퓨터/컴퓨터군소모품/주변기기,액세서리/전원,배터리
630	/제품/컴퓨터/컴퓨터/컴퓨터군소모품/주변기기,액세서리/도난방지용품
2610	/제품/의류,잡화/잡화/패션잡화군/커플쥬얼리
1559	/제품/유아,임산부용품/유아용품/완구군/대형완구/그네,미끄럼틀
1557	/제품/저작물/음반/음반/음반
1558	/제품/유아,임산부용품/유아용품/완구군/대형완구
1555	/제품/저작물/도서/도서/학습만화
1553	/제품/저작물/도서/도서/전집,혼합세트/어린이전집
2059	/제품/가구,리빙/리빙/주방욕실청소용품군/커피메이커,티용품/커피메이커
1554	/제품/저작물/도서/도서/전집,혼합세트/유아전집
2058	/제품/가구,리빙/리빙/주방욕실청소용품군/커피메이커,티용품/설탕,프림기
1551	/제품/저작물/도서/도서/유아/학습그림책
2057	/제품/가구,리빙/리빙/주방욕실청소용품군/커피메이커,티용품
1552	/제품/저작물/도서/도서/전집,혼합세트
668	/제품/레저,스포츠용품/골프용품/골프용품군/골프클럽/유틸리티,하이브리드
669	/제품/레저,스포츠용품/골프용품/골프용품군/골프클럽/퍼터
2030	/제품/가구,리빙/리빙/주방욕실청소용품군/설거지용품/개수대채반,설거지통
2031	/제품/가구,리빙/리빙/주방욕실청소용품군/설거지용품/고무장갑
2032	/제품/가구,리빙/리빙/주방욕실청소용품군/설거지용품/세제용기,선반
2033	/제품/가구,리빙/리빙/주방욕실청소용품군/설거지용품/수세미,병솔
1550	/제품/저작물/도서/도서/유아/창작,그림책
2034	/제품/가구,리빙/리빙/주방욕실청소용품군/설거지용품/씽크수전
660	/제품/의류,잡화/의류/골프의류,잡화/점퍼,자켓,바람막이
661	/제품/의류,잡화/의류/골프의류,잡화/하의
662	/제품/레저,스포츠용품/골프용품/골프용품군/골프장갑
663	/제품/레저,스포츠용품/골프용품/골프용품군/골프클럽
664	/제품/레저,스포츠용품/골프용품/골프용품군/골프클럽/드라이버
665	/제품/레저,스포츠용품/골프용품/골프용품군/골프클럽/아이언
666	/제품/레저,스포츠용품/골프용품/골프용품군/골프클럽/우드
667	/제품/레저,스포츠용품/골프용품/골프용품군/골프클럽/웨지,치퍼
1548	/제품/저작물/도서/도서/유아/놀이책
1549	/제품/저작물/도서/도서/유아/명작,전래동화
2025	/제품/가구,리빙/리빙/주방욕실청소용품군/상,쟁반/쟁반
1540	/제품/저작물/도서/도서/어린이/계발,생활
2024	/제품/가구,리빙/리빙/주방욕실청소용품군/상,쟁반/밥상,찻상
1541	/제품/저작물/도서/도서/어린이/과학,수학,환경
2027	/제품/가구,리빙/가구/가구군/선반,건조대/식기건조대
1542	/제품/저작물/도서/도서/어린이/명작,전래동화
2026	/제품/가구,리빙/가구/가구군/선반,건조대
1543	/제품/저작물/도서/도서/어린이/역사,인물
2029	/제품/가구,리빙/리빙/주방욕실청소용품군/설거지용품
1544	/제품/저작물/도서/도서/어린이/창작,그림책
2028	/제품/가구,리빙/가구/가구군/선반,건조대/씽크대선반
1545	/제품/저작물/도서/도서/어린이/학습지,참고서
1546	/제품/저작물/도서/도서/어린이/한글,영어,한자
1547	/제품/저작물/도서/도서/유아
2040	/제품/가구,리빙/가구/가구군/쌀통,보관용기,도구수납/후라이팬정리대
659	/제품/의류,잡화/의류/골프의류,잡화/의류잡화
2041	/제품/가구,리빙/리빙/주방욕실청소용품군/앞치마,주방소품
657	/제품/의류,잡화/의류/골프의류,잡화/골프우산
658	/제품/의류,잡화/의류/골프의류,잡화/상의
2044	/제품/가구,리빙/리빙/주방욕실청소용품군/앞치마,주방소품/앞치마
2045	/제품/가구,리빙/리빙/주방욕실청소용품군/앞치마,주방소품/주방장갑,집게
2042	/제품/가구,리빙/리빙/주방욕실청소용품군/앞치마,주방소품/기타주방소품
2043	/제품/가구,리빙/리빙/주방욕실청소용품군/앞치마,주방소품/받침,뚜껑
651	/제품/레저,스포츠용품/골프용품/골프용품군/골프소품/클럽커버
652	/제품/레저,스포츠용품/골프용품/골프용품군/골프소품/항공커버
650	/제품/레저,스포츠용품/골프용품/골프용품군/골프소품/골프티,티홀더
655	/제품/의류,잡화/의류/골프의류,잡화/골프모자
656	/제품/의류,잡화/의류/골프의류,잡화/골프벨트
653	/제품/레저,스포츠용품/골프용품/골프용품군/골프소품/헤드,샤프트
654	/제품/의류,잡화/의류/골프의류,잡화
1539	/제품/저작물/도서/도서/어린이
1537	/제품/유아,임산부용품/유아용품/완구군/인형,봉제완구/인형소품
1538	/제품/유아,임산부용품/유아용품/완구군/인형,봉제완구/작동인형
2038	/제품/가구,리빙/가구/가구군/쌀통,보관용기,도구수납/양념,소스통
1531	/제품/유아,임산부용품/유아용품/완구군/블록/원목블록
2037	/제품/가구,리빙/가구/가구군/쌀통,보관용기,도구수납/쌀통,항아리
1532	/제품/유아,임산부용품/유아용품/완구군/인형,봉제완구
2036	/제품/가구,리빙/가구/가구군/쌀통,보관용기,도구수납/보관용기
2035	/제품/가구,리빙/가구/가구군/쌀통,보관용기,도구수납
1530	/제품/유아,임산부용품/유아용품/완구군/블록/옥스포드
1535	/제품/유아,임산부용품/유아용품/완구군/인형,봉제완구/봉제,곰인형
1536	/제품/유아,임산부용품/유아용품/완구군/인형,봉제완구/유아인형
1533	/제품/유아,임산부용품/유아용품/완구군/인형,봉제완구/마론인형
2039	/제품/가구,리빙/가구/가구군/쌀통,보관용기,도구수납/주방도구꽂이,걸이
1534	/제품/유아,임산부용품/유아용품/완구군/인형,봉제완구/목재,기타인형
1475	/제품/취미,문구/문구/문구군/시스템다이어리
1474	/제품/취미,문구/문구/문구군/스케쥴러,캘린더
1477	/제품/취미,문구/문구/문구군/기타데스크용품
1476	/제품/취미,문구/문구/문구군/앨범
1479	/제품/취미,문구/문구/문구군/지구본,지도
1478	/제품/취미,문구/문구/문구군/저금통
1091	/제품/컴퓨터/OA기기/OA기기군/잉크
1090	/제품/가전제품/영상가전/디스플레이군/25인치 이상
1093	/제품/컴퓨터/OA기기/OA기기군/잉크/기타잉크
1092	/제품/컴퓨터/OA기기/OA기기군/잉크/HP
1095	/제품/컴퓨터/OA기기/OA기기군/잉크/삼성
1094	/제품/컴퓨터/OA기기/OA기기군/잉크/무한잉크
1097	/제품/컴퓨터/OA기기/OA기기군/잉크/캐논
1096	/제품/컴퓨터/OA기기/OA기기군/잉크/엡손
1099	/제품/컴퓨터/OA기기/OA기기군/토너/HP
1098	/제품/컴퓨터/OA기기/OA기기군/토너
1089	/제품/가전제품/영상가전/디스플레이군/23,24인치
1970	/제품/가구,리빙/가구/가구군/면도,목욕용품/수건,타올
1971	/제품/가구,리빙/가구/가구군/면도,목욕용품/칫솔꽂이,양치컵
1972	/제품/가구,리빙/가구/가구군/명절종합선물세트
1973	/제품/가구,리빙/가구/가구군/세면대,욕실소품
1974	/제품/가구,리빙/가구/가구군/세면대,욕실소품/대야,의자,바구니
1975	/제품/가구,리빙/가구/가구군/세면대,욕실소품/미끄럼방지
1976	/제품/가구,리빙/가구/가구군/세면대,욕실소품/세면대
1977	/제품/가구,리빙/가구/가구군/세면대,욕실소품/수도꼭지,설비부속품
1978	/제품/가구,리빙/가구/가구군/세면대,욕실소품/욕실화
1979	/제품/가구,리빙/가구/가구군/세면대,욕실소품/용기,받침대,욕실걸이
1480	/제품/취미,문구/문구/문구군/편지지,카드
1481	/제품/취미,문구/문구/문구군/미술용품
1482	/제품/취미,문구/문구/문구군/복사용지
1484	/제품/취미,문구/문구/사무기기군/금융관련기기
1488	/제품/취미,문구/문구/사무기기군/천공기,OHP
1487	/제품/취미,문구/문구/사무기기군/제본기
1486	/제품/취미,문구/문구/사무기기군/바코드스캐너
1485	/제품/취미,문구/문구/사무기기군/문서세단기
1080	/제품/레저,스포츠용품/헬스,다이어트/헬스기구및용품군/헬스용품/아령,덤벨,바벨,컬바
1489	/제품/취미,문구/문구/사무기기군/출퇴근기록기
1084	/제품/레저,스포츠용품/헬스,다이어트/헬스기구및용품군/헬스용품/헬스소품
1083	/제품/레저,스포츠용품/헬스,다이어트/헬스기구및용품군/헬스용품/푸쉬업바,철봉
1082	/제품/레저,스포츠용품/헬스,다이어트/헬스기구및용품군/헬스용품/줄넘기
1081	/제품/레저,스포츠용품/헬스,다이어트/헬스기구및용품군/헬스용품/완력기,악력기
1990	/제품/가구,리빙/가구/가구군/욕실청소용품/욕실,변기세정제
1088	/제품/가전제품/영상가전/디스플레이군/21,22인치
1087	/제품/가전제품/영상가전/디스플레이군/20인치
1086	/제품/가전제품/영상가전/디스플레이군/18,19인치
1085	/제품/가전제품/영상가전/디스플레이군/17인치 이하
1982	/제품/가구,리빙/가구/가구군/욕실인테리어/샤워커튼,봉
1983	/제품/가구,리빙/가구/가구군/욕실인테리어/욕실발판
1980	/제품/가구,리빙/가구/가구군/욕실인테리어
1078	/제품/레저,스포츠용품/헬스,다이어트/헬스기구및용품군/헬스용품/만보계
1981	/제품/가구,리빙/가구/가구군/욕실인테리어/변기커버
1079	/제품/레저,스포츠용품/헬스,다이어트/헬스기구및용품군/헬스용품/모래주머니,납조끼
1986	/제품/가구,리빙/가구/가구군/욕실장,선반/욕실장
1987	/제품/가구,리빙/가구/가구군/욕실장,선반/욕실코너선반
1984	/제품/가구,리빙/가구/가구군/욕실장,선반
1985	/제품/가구,리빙/가구/가구군/욕실장,선반/욕실벽선반
1490	/제품/취미,문구/문구/사무기기군/코팅기
1491	/제품/컴퓨터/OA기기/OA기기군/팩스
1988	/제품/가구,리빙/가구/가구군/욕실청소용품
1989	/제품/가구,리빙/가구/가구군/욕실청소용품/변기,청소솔
1494	/제품/취미,문구/문구/일반사무용품/포스트잇,메모지
1495	/제품/취미,문구/문구/문구군/고급필기류
1492	/제품/취미,문구/문구/일반사무용품/컷터,가위
1493	/제품/취미,문구/문구/일반사무용품/컷터,가위/가위
1457	/제품/가전제품/영상가전/디스플레이군/홈시어터
1456	/제품/가전제품/음향가전/음향기기군/카세트/MP3재생 카세트
1459	/제품/가전제품/영상가전/디스플레이군/홈시어터/사운드프로젝터
1458	/제품/가전제품/영상가전/디스플레이군/홈시어터/단일형
1453	/제품/가전제품/음향가전/음향기기군/음향케이블/변환 케이블,젠더
1452	/제품/가전제품/음향가전/음향기기군/음향케이블/디지털(동축)케이블
1455	/제품/가전제품/음향가전/음향기기군/카세트/CD전용 카세트
1454	/제품/가전제품/음향가전/음향기기군/카세트
1075	/제품/레저,스포츠용품/헬스,다이어트/헬스기구및용품군/헬스기구/헬스사이클
1074	/제품/레저,스포츠용품/헬스,다이어트/헬스기구및용품군/헬스기구/트램펄린
1077	/제품/레저,스포츠용품/헬스,다이어트/헬스기구및용품군/헬스용품
1076	/제품/레저,스포츠용품/헬스,다이어트/헬스기구및용품군/헬스기구/홈짐,머신,웨이트기구
1071	/제품/레저,스포츠용품/헬스,다이어트/헬스기구및용품군/헬스기구/워킹머신
1070	/제품/레저,스포츠용품/헬스,다이어트/헬스기구및용품군/헬스기구/싯업보드
1073	/제품/레저,스포츠용품/헬스,다이어트/헬스기구및용품군/헬스기구/진동운동기구
1072	/제품/레저,스포츠용품/헬스,다이어트/헬스기구및용품군/헬스기구/일립티컬
1995	/제품/가구,리빙/리빙/세면세정용품군/다용도세정제
1996	/제품/가구,리빙/리빙/세면세정용품군/세탁세제
1997	/제품/가구,리빙/리빙/세면세정용품군/세탁세제/드럼세탁세제
1998	/제품/가구,리빙/리빙/세면세정용품군/세탁세제/섬유유연제
2599	/제품/의류,잡화/잡화/신발군/키높이,컴포트화
1991	/제품/가구,리빙/가구/가구군/칫솔,치약,가글
1067	/제품/레저,스포츠용품/헬스,다이어트/헬스기구및용품군/헬스기구/벤치세트
2598	/제품/의류,잡화/잡화/신발군/캐주얼화,스니커즈/워커,웰트화
1992	/제품/가구,리빙/가구/가구군/칫솔,치약,가글/가글액
1068	/제품/레저,스포츠용품/헬스,다이어트/헬스기구및용품군/헬스기구/복근운동기구
2597	/제품/의류,잡화/잡화/신발군/캐주얼화,스니커즈/여성스니커즈
1993	/제품/가구,리빙/가구/가구군/칫솔,치약,가글/치약
1069	/제품/레저,스포츠용품/헬스,다이어트/헬스기구및용품군/헬스기구/스텝퍼
2596	/제품/의류,잡화/잡화/신발군/캐주얼화,스니커즈/샌들,슬리퍼,쪼리
1994	/제품/가구,리빙/가구/가구군/칫솔,치약,가글/칫솔
1460	/제품/가전제품/영상가전/디스플레이군/홈시어터/조합형
1461	/제품/가전제품/음향가전/음향기기군/블루투스셋
1462	/제품/가전제품/음향가전/음향기기군/블루투스셋/동글
1999	/제품/가구,리빙/리빙/세면세정용품군/세탁세제/세탁비누
1469	/제품/가전제품/음향가전/음향기기군/헤드폰
1468	/제품/가전제품/음향가전/음향기기군/이어폰/일반형(오픈형)
1467	/제품/가전제품/음향가전/음향기기군/이어폰/귓속형(커널형)
1466	/제품/가전제품/음향가전/음향기기군/이어폰
1465	/제품/가전제품/음향가전/음향기기군/액세서리/헤드폰앰프
1464	/제품/가전제품/음향가전/음향기기군/액세서리
1463	/제품/가전제품/음향가전/음향기기군/블루투스셋/헤드셋
2592	/제품/의류,잡화/잡화/신발군/여성화/하이힐,펌프스
1066	/제품/레저,스포츠용품/헬스,다이어트/헬스기구및용품군/헬스기구/런닝머신
2593	/제품/의류,잡화/잡화/신발군/캐주얼화,스니커즈
1065	/제품/레저,스포츠용품/헬스,다이어트/헬스기구및용품군/헬스기구/거꾸리
2594	/제품/의류,잡화/잡화/신발군/캐주얼화,스니커즈/공용스니커즈
1064	/제품/레저,스포츠용품/헬스,다이어트/헬스기구및용품군/헬스기구
2595	/제품/의류,잡화/잡화/신발군/캐주얼화,스니커즈/남성스니커즈
1063	/제품/레저,스포츠용품/헬스,다이어트/헬스기구및용품군/요가,필라테스용품/필라테스기구
1062	/제품/레저,스포츠용품/헬스,다이어트/헬스기구및용품군/요가,필라테스용품/요가매트
1061	/제품/레저,스포츠용품/헬스,다이어트/헬스기구및용품군/요가,필라테스용품/요가,다이어트비디오
2590	/제품/의류,잡화/잡화/신발군/여성화/토오픈,슬링백
1060	/제품/레저,스포츠용품/헬스,다이어트/헬스기구및용품군/요가,필라테스용품
2591	/제품/의류,잡화/잡화/신발군/여성화/플랫슈즈,단화,로퍼
2589	/제품/의류,잡화/잡화/신발군/여성화/슬리퍼,쪼리,뮬
2586	/제품/의류,잡화/잡화/신발군/여성화/레인부츠,장화
1058	/제품/레저,스포츠용품/헬스,다이어트/헬스기구및용품군/다이어트용품/다이어트기구
2585	/제품/의류,잡화/잡화/신발군/여성화
1059	/제품/레저,스포츠용품/헬스,다이어트/헬스기구및용품군/다이어트용품/다이어트웨어
2588	/제품/의류,잡화/잡화/신발군/여성화/샌들
1056	/제품/레저,스포츠용품/헬스,다이어트/헬스기구및용품군/다이어트용품
2587	/제품/의류,잡화/잡화/신발군/여성화/부츠,부티
1057	/제품/레저,스포츠용품/헬스,다이어트/헬스기구및용품군/다이어트용품/다이어트,기능신발
1472	/제품/가전제품/음향가전/음향기기군/헤드폰/오픈형
1473	/제품/취미,문구/문구/문구군/디자인다이어리
1470	/제품/가전제품/음향가전/음향기기군/헤드폰/밀폐형
1471	/제품/가전제품/음향가전/음향기기군/헤드폰/세미오픈형
2580	/제품/의류,잡화/잡화/신발군/남성화
2584	/제품/의류,잡화/잡화/신발군/남성화/캐주얼,로퍼
2583	/제품/의류,잡화/잡화/신발군/남성화/정장구두
2582	/제품/의류,잡화/잡화/신발군/남성화/샌들,슬리퍼
2581	/제품/의류,잡화/잡화/신발군/남성화/부츠
2576	/제품/의류,잡화/의류/의류군/스타킹,레깅스/레깅스
2577	/제품/의류,잡화/의류/의류군/스타킹,레깅스/스타킹
2574	/제품/의류,잡화/의류/의류군/모자,스카프,장갑/패션모자
2575	/제품/의류,잡화/의류/의류군/스타킹,레깅스
2578	/제품/의류,잡화/의류/의류군/스타킹,레깅스/양말
2579	/제품/의류,잡화/의류/의류군/우산,양산,우의
2571	/제품/의류,잡화/의류/의류군/모자,스카프,장갑/스카프,손수건
2570	/제품/의류,잡화/의류/의류군/모자,스카프,장갑/머플러,목도리
2573	/제품/의류,잡화/의류/의류군/모자,스카프,장갑/장갑
2572	/제품/의류,잡화/의류/의류군/모자,스카프,장갑/야구모자
2563	/제품/의류,잡화/잡화/패션잡화군/캐릭터,아동시계
2564	/제품/의류,잡화/잡화/패션잡화군/커플시계
2565	/제품/의류,잡화/잡화/패션잡화군/패션,정장시계
2566	/제품/의류,잡화/의류/의류군/넥타이,커프스
2567	/제품/의류,잡화/의류/의류군/넥타이,커프스/넥타이
2568	/제품/의류,잡화/의류/의류군/모자,스카프,장갑
2569	/제품/의류,잡화/의류/의류군/모자,스카프,장갑/귀마개
2562	/제품/의류,잡화/잡화/패션잡화군/스포츠시계/전문가용
2561	/제품/의류,잡화/잡화/패션잡화군/스포츠시계/일반용
2560	/제품/의류,잡화/잡화/패션잡화군/스포츠시계
1496	/제품/취미,문구/문구/문구군/노트,수첩
1497	/제품/취미,문구/문구/문구군/연필깎이
1498	/제품/취미,문구/문구/문구군/펜,샤프,연필
1499	/제품/취미,문구/문구/문구군/펜꽂이,필통
2558	/제품/의류,잡화/잡화/패션잡화군/기타시계
2559	/제품/의류,잡화/잡화/패션잡화군/명품시계
2556	/제품/의류,잡화/잡화/패션잡화군/선글라스
2557	/제품/의류,잡화/잡화/패션잡화군/안경테
2554	/제품/의류,잡화/잡화/패션잡화군/패션소품/모자,장갑
2555	/제품/의류,잡화/잡화/패션잡화군/패션소품/핸드폰줄,기타소품
2552	/제품/의류,잡화/잡화/패션잡화군/패션소품
2553	/제품/의류,잡화/잡화/패션잡화군/패션소품/머플러,스카프,넥타이
2551	/제품/의류,잡화/잡화/지갑가방군/지갑/키홀더,동전지갑
2550	/제품/의류,잡화/잡화/지갑가방군/지갑/중지갑
2549	/제품/의류,잡화/잡화/지갑가방군/지갑/장지갑
2545	/제품/의류,잡화/잡화/지갑가방군/지갑
2546	/제품/의류,잡화/잡화/지갑가방군/지갑/머니클립
2547	/제품/의류,잡화/잡화/지갑가방군/지갑/명함,카드지갑
2548	/제품/의류,잡화/잡화/지갑가방군/지갑/반지갑
2541	/제품/의류,잡화/잡화/신발군/신발/여성화
2542	/제품/의류,잡화/의류/의류군/의류
2543	/제품/의류,잡화/의류/의류군/의류/남성의류
2544	/제품/의류,잡화/의류/의류군/의류/여성의류
1003	/제품/레저,스포츠용품/자전거,용품/자전거및용품군/미니벨로
1004	/제품/레저,스포츠용품/자전거,용품/자전거및용품군/보호장비
1001	/제품/레저,스포츠용품/자전거,용품/자전거및용품군/MTB/생활용
1002	/제품/레저,스포츠용품/자전거,용품/자전거및용품군/로드사이클
1007	/제품/레저,스포츠용품/자전거,용품/자전거및용품군/보호장비/보호대
1008	/제품/레저,스포츠용품/자전거,용품/자전거및용품군/보호장비/스포츠글라스
1005	/제품/레저,스포츠용품/자전거,용품/자전거및용품군/보호장비/기타보호장비
1006	/제품/레저,스포츠용품/자전거,용품/자전거및용품군/보호장비/마스크,두건,모자
1009	/제품/레저,스포츠용품/자전거,용품/자전거및용품군/보호장비/신발
1011	/제품/레저,스포츠용품/자전거,용품/자전거및용품군/보호장비/커버,양말
1010	/제품/레저,스포츠용품/자전거,용품/자전거및용품군/보호장비/장갑
1000	/제품/레저,스포츠용품/자전거,용품/자전거및용품군/MTB/산악용
1926	/제품/가구,리빙/리빙/주방욕실청소용품군/냄비,전골/양수
1927	/제품/가구,리빙/리빙/주방욕실청소용품군/냄비,전골/전골
1928	/제품/가구,리빙/리빙/주방욕실청소용품군/냄비,전골/편수
1929	/제품/가구,리빙/리빙/주방욕실청소용품군/뚝배기,돌솥
1925	/제품/가구,리빙/리빙/주방욕실청소용품군/냄비,전골
1936	/제품/가구,리빙/리빙/주방욕실청소용품군/후라이팬
1935	/제품/가구,리빙/리빙/주방욕실청소용품군/직화냄비,찜기,곰솥
1934	/제품/가구,리빙/리빙/주방욕실청소용품군/압력솥
1933	/제품/가구,리빙/리빙/주방욕실청소용품군/세트/후라이팬세트
1939	/제품/가구,리빙/리빙/주방욕실청소용품군/후라이팬/양면팬
1938	/제품/가구,리빙/리빙/주방욕실청소용품군/후라이팬/멀티팬,궁중팬,웍
1937	/제품/가구,리빙/리빙/주방욕실청소용품군/후라이팬/구이,로스팬,불판
1048	/제품/레저,스포츠용품/자전거,용품/자전거및용품군/자전거부품/핸들바
1047	/제품/레저,스포츠용품/자전거,용품/자전거및용품군/자전거부품/핸들그립
1046	/제품/레저,스포츠용품/자전거,용품/자전거및용품군/자전거부품/프레임
1045	/제품/레저,스포츠용품/자전거,용품/자전거및용품군/자전거부품/포크(서스펜션)
1932	/제품/가구,리빙/리빙/주방욕실청소용품군/세트/냄비세트
1931	/제품/가구,리빙/리빙/주방욕실청소용품군/세트/냄비+후라이팬세트
1930	/제품/가구,리빙/리빙/주방욕실청소용품군/세트
1049	/제품/레저,스포츠용품/자전거,용품/자전거및용품군/자전거부품/허브
1050	/제품/레저,스포츠용품/자전거,용품/자전거및용품군/자전거부품/헤드셋
1051	/제품/의류,잡화/의류/자전거의류
1054	/제품/레저,스포츠용품/자전거,용품/자전거및용품군/픽시자전거
1055	/제품/레저,스포츠용품/자전거,용품/자전거및용품군/하이브리드
1052	/제품/레저,스포츠용품/자전거,용품/자전거및용품군/전기,전동자전거
1053	/제품/레저,스포츠용품/자전거,용품/자전거및용품군/특수용,기타
1945	/제품/가구,리빙/리빙/주방욕실청소용품군/밀폐용기,찬통/유리
1944	/제품/가구,리빙/리빙/주방욕실청소용품군/밀폐용기,찬통/스텐레스
1947	/제품/가구,리빙/리빙/주방욕실청소용품군/보온,보냉
1946	/제품/가구,리빙/리빙/주방욕실청소용품군/밀폐용기,찬통/플라스틱
1949	/제품/가구,리빙/리빙/주방욕실청소용품군/보온,보냉/보온도시락
1948	/제품/가구,리빙/리빙/주방욕실청소용품군/보온,보냉/보온,보냉병
1035	/제품/레저,스포츠용품/자전거,용품/자전거및용품군/자전거부품/브레이크
1034	/제품/레저,스포츠용품/자전거,용품/자전거및용품군/자전거부품/변속기
1037	/제품/레저,스포츠용품/자전거,용품/자전거및용품군/자전거부품/스프라켓
1036	/제품/레저,스포츠용품/자전거,용품/자전거및용품군/자전거부품/스템
1941	/제품/가구,리빙/리빙/주방욕실청소용품군/도시락,찬합
1039	/제품/레저,스포츠용품/자전거,용품/자전거및용품군/자전거부품/체인
1940	/제품/가구,리빙/리빙/주방욕실청소용품군/후라이팬/후라이팬
1038	/제품/레저,스포츠용품/자전거,용품/자전거및용품군/자전거부품/안장
1943	/제품/가구,리빙/리빙/주방욕실청소용품군/밀폐용기,찬통/도자기
1942	/제품/가구,리빙/리빙/주방욕실청소용품군/밀폐용기,찬통
1040	/제품/레저,스포츠용품/자전거,용품/자전거및용품군/자전거부품/크랭크
1041	/제품/레저,스포츠용품/자전거,용품/자전거및용품군/자전거부품/타이어
1042	/제품/레저,스포츠용품/자전거,용품/자전거및용품군/자전거부품/튜브
1043	/제품/레저,스포츠용품/자전거,용품/자전거및용품군/자전거부품/페달
1044	/제품/레저,스포츠용품/자전거,용품/자전거및용품군/자전거부품/포스트
1959	/제품/가구,리빙/리빙/생리대군/예지미인
1958	/제품/가구,리빙/리빙/생리대군/면생리대
1957	/제품/가구,리빙/리빙/생리대군/매직스,프린세스
1956	/제품/가구,리빙/리빙/생리대군/기타브랜드
1029	/제품/레저,스포츠용품/자전거,용품/자전거및용품군/자전거공구/수리공구
1028	/제품/레저,스포츠용품/자전거,용품/자전거및용품군/자전거공구
1027	/제품/레저,스포츠용품/자전거,용품/자전거및용품군/여성용,일반용
1950	/제품/가구,리빙/리빙/주방욕실청소용품군/보온,보냉/보온머그컵
1026	/제품/레저,스포츠용품/자전거,용품/자전거및용품군/액세서리/트레일러
1025	/제품/레저,스포츠용품/자전거,용품/자전거및용품군/액세서리/짐받이,흙받이,바구니
1024	/제품/레저,스포츠용품/자전거,용품/자전거및용품군/액세서리/자물쇠
1023	/제품/레저,스포츠용품/자전거,용품/자전거및용품군/액세서리/속도계
1032	/제품/레저,스포츠용품/자전거,용품/자전거및용품군/자전거부품
1033	/제품/레저,스포츠용품/자전거,용품/자전거및용품군/자전거부품/기타부품
1030	/제품/레저,스포츠용품/자전거,용품/자전거및용품군/자전거공구/윤활유,오일
1031	/제품/레저,스포츠용품/자전거,용품/자전거및용품군/자전거공구/펌프
1967	/제품/가구,리빙/가구/가구군/면도,목욕용품/면도기,세정액
1966	/제품/가구,리빙/가구/가구군/면도,목욕용품/때타올,퍼프
1969	/제품/가구,리빙/가구/가구군/면도,목욕용품/샤워기,샤워헤드
1968	/제품/가구,리빙/가구/가구군/면도,목욕용품/비누
1963	/제품/가구,리빙/리빙/생리대군/팬티라이너
1017	/제품/레저,스포츠용품/자전거,용품/자전거및용품군/액세서리/기타액세서리
1962	/제품/가구,리빙/리빙/생리대군/템포,탐폰
1016	/제품/레저,스포츠용품/자전거,용품/자전거및용품군/액세서리/거치대,캐리어
1965	/제품/가구,리빙/가구/가구군/면도,목욕용품
1019	/제품/레저,스포츠용품/자전거,용품/자전거및용품군/액세서리/로라(트레이너)
1964	/제품/가구,리빙/리빙/생리대군/화이트
1018	/제품/레저,스포츠용품/자전거,용품/자전거및용품군/액세서리/라이트,안전등
1013	/제품/레저,스포츠용품/자전거,용품/자전거및용품군/아동용
1012	/제품/레저,스포츠용품/자전거,용품/자전거및용품군/보호장비/헬멧
1961	/제품/가구,리빙/리빙/생리대군/좋은느낌
1015	/제품/레저,스포츠용품/자전거,용품/자전거및용품군/액세서리/가방
1960	/제품/가구,리빙/리빙/생리대군/위스퍼
1014	/제품/레저,스포츠용품/자전거,용품/자전거및용품군/액세서리
1020	/제품/레저,스포츠용품/자전거,용품/자전거및용품군/액세서리/물통,물통케이지
1021	/제품/레저,스포츠용품/자전거,용품/자전거및용품군/액세서리/미러
1022	/제품/레저,스포츠용품/자전거,용품/자전거및용품군/액세서리/벨
